../Core/Src/common.c:26:7:clamp	0	static
../Core/Src/common.c:33:6:randinit	0	static
../Core/Src/common.c:38:7:getrand	8	static
../Core/Src/common.c:43:7:dig_to_smb	0	static
../Core/Src/common.c:61:6:u16_to_str	12	static
../Core/Src/common.c:109:6:initbuttons	8	static
../Core/Src/common.c:119:7:getbatlvl	8	static
../Core/Src/common.c:149:6:ShutDownLB	8	static
../Core/Src/common.c:143:6:batcheck	8	static
../Core/Src/common.c:160:6:ShutDown	8	static
../Core/Src/common.c:169:6:getbrightlvl	0	static
../Core/Src/common.c:174:6:decbright	0	static
../Core/Src/common.c:181:6:incbright	0	static
../Core/Src/common.c:189:6:BrightPWMgen	0	static
../Core/Src/common.c:101:6:commoninit	8	static
../Core/Src/common.c:196:6:Sounds	32	static
../Core/Src/common.c:210:6:RTC_SetCounter_	0	static
../Core/Src/common.c:223:8:RTC_GetCounter_	0	static
../Core/Src/common.c:228:6:timer_to_cal	20	static
../Core/Src/common.c:254:8:cal_to_timer	8	static
../Core/Src/common.c:272:6:RTCgetdata	8	static
../Core/Src/common.c:277:6:RTCsenddata	8	static
../Core/Src/common.c:310:9:CreateBtn	8	static
../Core/Src/common.c:334:6:TestBtn	8	static
../Core/Src/common.c:362:6:checkjoydir	0	static
../Core/Src/common.c:325:6:check_btn_jstk	8	static
