../Core/Src/common.c:22:7:clamp	0	static
../Core/Src/common.c:29:6:randinit	0	static
../Core/Src/common.c:34:7:getrand	8	static
../Core/Src/common.c:39:7:dig_to_smb	0	static
../Core/Src/common.c:57:6:u16_to_str	16	static
../Core/Src/common.c:97:6:commoninit	8	static
../Core/Src/common.c:105:6:initbuttons	8	static
../Core/Src/common.c:115:7:getbatlvl	8	static
../Core/Src/common.c:145:6:ShutDownLB	8	static
../Core/Src/common.c:139:6:batcheck	16	static
../Core/Src/common.c:156:6:ShutDown	8	static
../Core/Src/common.c:165:6:getbrightlvl	0	static
../Core/Src/common.c:170:6:decbright	0	static
../Core/Src/common.c:177:6:incbright	0	static
../Core/Src/common.c:185:6:BrightPWMgen	0	static
../Core/Src/common.c:191:6:Sounds	16	static
../Core/Src/common.c:205:6:RTCgetdata	0	static
../Core/Src/common.c:210:6:RTCsenddata	0	static
../Core/Src/common.c:215:6:rtcrawtobcd	36	static
../Core/Src/common.c:226:6:rtcbcdtoraw	8	static
../Core/Src/common.c:242:9:CreateBtn	4	static
../Core/Src/common.c:266:6:TestBtn	8	static
../Core/Src/common.c:294:6:checkjoydir	0	static
../Core/Src/common.c:257:6:check_btn_jstk	8	static
