../Core/Src/drv_LCD_ST7565_SPI.c:33:6:LCD_init	48	static
../Core/Src/drv_LCD_ST7565_SPI.c:62:6:lcd_sendcommands	16	static
../Core/Src/drv_LCD_ST7565_SPI.c:69:6:LCD_writebyte	4	static
../Core/Src/drv_LCD_ST7565_SPI.c:74:6:LCD_setpagecolumn	0	static
../Core/Src/drv_LCD_ST7565_SPI.c:79:6:LCD_printsmb8x5	16	static
../Core/Src/drv_LCD_ST7565_SPI.c:86:7:LCD_printstr8x5	48	static
../Core/Src/drv_LCD_ST7565_SPI.c:104:6:LCD_erasestring	4	static
../Core/Src/drv_LCD_ST7565_SPI.c:109:6:LCD_bufupload_buferase	32	static
../Core/Src/drv_LCD_ST7565_SPI.c:114:6:LCD_senddata	20	static
../Core/Src/drv_LCD_ST7565_SPI.c:124:6:LCDbuf_upload	32	static
../Core/Src/drv_LCD_ST7565_SPI.c:133:6:LCDbuf_erase	0	static
../Core/Src/drv_LCD_ST7565_SPI.c:141:6:LCD_printweekday	0	static
../Core/Src/drv_LCD_ST7565_SPI.c:145:6:LCD_printmonth	0	static
../Core/Src/drv_LCD_ST7565_SPI.c:149:6:LCD_printclockanddate	48	static
../Core/Src/drv_LCD_ST7565_SPI.c:165:6:LCD_printbrightnes	16	static
../Core/Src/drv_LCD_ST7565_SPI.c:173:6:LCD_printbatlevel	16	static
../Core/Src/drv_LCD_ST7565_SPI.c:179:6:LCD_printmenucoursor	8	static
../Core/Src/drv_LCD_ST7565_SPI.c:184:6:LCD_printbutselhint	20	static
../Core/Src/drv_LCD_ST7565_SPI.c:191:6:LCD_printvertline	28	static
../Core/Src/drv_LCD_ST7565_SPI.c:209:6:LCD_printhorline	24	static
../Core/Src/drv_LCD_ST7565_SPI.c:223:6:LCD_printsprite	88	static
../Core/Src/drv_LCD_ST7565_SPI.c:321:6:LCD_printgamestatbar	24	static
