../Core/Src/drv_LCD_ST7565_SPI.c:33:6:LCD_init	48	static
../Core/Src/drv_LCD_ST7565_SPI.c:62:6:lcd_sendcommands	16	static
../Core/Src/drv_LCD_ST7565_SPI.c:69:6:LCD_setpagecolumn	0	static
../Core/Src/drv_LCD_ST7565_SPI.c:74:6:LCD_printsmb8x5	16	static
../Core/Src/drv_LCD_ST7565_SPI.c:81:7:LCD_printstr8x5	48	static
../Core/Src/drv_LCD_ST7565_SPI.c:99:6:LCD_erasestring	16	static
../Core/Src/drv_LCD_ST7565_SPI.c:104:6:LCD_bufupload_buferase	32	static
../Core/Src/drv_LCD_ST7565_SPI.c:109:6:LCD_senddata	20	static
../Core/Src/drv_LCD_ST7565_SPI.c:119:6:LCDbuf_upload	32	static
../Core/Src/drv_LCD_ST7565_SPI.c:128:6:LCDbuf_erase	0	static
../Core/Src/drv_LCD_ST7565_SPI.c:136:6:LCD_printweekday	0	static
../Core/Src/drv_LCD_ST7565_SPI.c:140:6:LCD_printmonth	0	static
../Core/Src/drv_LCD_ST7565_SPI.c:144:6:LCD_printclockanddate	48	static
../Core/Src/drv_LCD_ST7565_SPI.c:160:6:LCD_printbrightnes	16	static
../Core/Src/drv_LCD_ST7565_SPI.c:168:6:LCD_printbatlevel	16	static
../Core/Src/drv_LCD_ST7565_SPI.c:174:6:LCD_printmenucoursor	8	static
../Core/Src/drv_LCD_ST7565_SPI.c:179:6:LCD_printbutselhint	32	static
../Core/Src/drv_LCD_ST7565_SPI.c:186:6:LCD_printvertline	28	static
../Core/Src/drv_LCD_ST7565_SPI.c:204:6:LCD_printhorline	24	static
../Core/Src/drv_LCD_ST7565_SPI.c:218:6:LCD_printsprite	88	static
../Core/Src/drv_LCD_ST7565_SPI.c:316:6:LCD_printgamestatbar	24	static
