../Core/Src/drv_LCD_ST7565_SPI.c:60:6:lcd_sendcommands	16	static
../Core/Src/drv_LCD_ST7565_SPI.c:67:6:LCD_writebyte	8	static
../Core/Src/drv_LCD_ST7565_SPI.c:72:6:LCD_setpagecolumn	0	static
../Core/Src/drv_LCD_ST7565_SPI.c:102:6:LCD_erasestring	16	static
../Core/Src/drv_LCD_ST7565_SPI.c:112:6:LCD_senddata	28	static
../Core/Src/drv_LCD_ST7565_SPI.c:77:6:LCD_printsmb8x5	24	static
../Core/Src/drv_LCD_ST7565_SPI.c:84:7:LCD_printstr8x5	32	static
../Core/Src/drv_LCD_ST7565_SPI.c:122:6:LCDbuf_upload	32	static
../Core/Src/drv_LCD_ST7565_SPI.c:131:6:LCDbuf_erase	0	static
../Core/Src/drv_LCD_ST7565_SPI.c:107:6:LCD_bufupload_buferase	8	static
../Core/Src/drv_LCD_ST7565_SPI.c:31:6:LCD_init	32	static
../Core/Src/drv_LCD_ST7565_SPI.c:139:6:LCD_printweekday	0	static
../Core/Src/drv_LCD_ST7565_SPI.c:143:6:LCD_printmonth	0	static
../Core/Src/drv_LCD_ST7565_SPI.c:147:6:LCD_printclockanddate	40	static
../Core/Src/drv_LCD_ST7565_SPI.c:161:6:LCD_printbrightnes	24	static
../Core/Src/drv_LCD_ST7565_SPI.c:169:6:LCD_printbatlevel	0	static
../Core/Src/drv_LCD_ST7565_SPI.c:175:6:LCD_printmenucoursor	0	static
../Core/Src/drv_LCD_ST7565_SPI.c:180:6:LCD_printbutselhint	40	static
../Core/Src/drv_LCD_ST7565_SPI.c:187:6:LCD_printvertline	40	static
../Core/Src/drv_LCD_ST7565_SPI.c:205:6:LCD_printhorline	32	static
../Core/Src/drv_LCD_ST7565_SPI.c:219:6:LCD_printsprite	72	static
../Core/Src/drv_LCD_ST7565_SPI.c:316:6:LCD_printgamestatbar	32	static
