../Core/Src/stm32f1xx_hal_msp.c:65:6:HAL_MspInit	8	static
../Core/Src/stm32f1xx_hal_msp.c:91:6:HAL_ADC_MspInit	48	static
../Core/Src/stm32f1xx_hal_msp.c:130:6:HAL_ADC_MspDeInit	8	static
../Core/Src/stm32f1xx_hal_msp.c:162:6:HAL_RTC_MspInit	16	static
../Core/Src/stm32f1xx_hal_msp.c:187:6:HAL_RTC_MspDeInit	0	static
../Core/Src/stm32f1xx_hal_msp.c:209:6:HAL_SPI_MspInit	40	static
../Core/Src/stm32f1xx_hal_msp.c:244:6:HAL_SPI_MspDeInit	0	static
../Core/Src/stm32f1xx_hal_msp.c:274:6:HAL_TIM_PWM_MspInit	8	static
../Core/Src/stm32f1xx_hal_msp.c:290:6:HAL_TIM_MspPostInit	40	static
../Core/Src/stm32f1xx_hal_msp.c:320:6:HAL_TIM_PWM_MspDeInit	0	static
