../Core/Src/stm32f1xx_hal_msp.c:66:6:HAL_MspInit	8	static
../Core/Src/stm32f1xx_hal_msp.c:92:6:HAL_ADC_MspInit	48	static
../Core/Src/stm32f1xx_hal_msp.c:148:6:HAL_ADC_MspDeInit	8	static
../Core/Src/stm32f1xx_hal_msp.c:182:6:HAL_RTC_MspInit	16	static
../Core/Src/stm32f1xx_hal_msp.c:207:6:HAL_RTC_MspDeInit	0	static
../Core/Src/stm32f1xx_hal_msp.c:229:6:HAL_SPI_MspInit	40	static
../Core/Src/stm32f1xx_hal_msp.c:264:6:HAL_SPI_MspDeInit	0	static
../Core/Src/stm32f1xx_hal_msp.c:294:6:HAL_TIM_Base_MspInit	8	static
../Core/Src/stm32f1xx_hal_msp.c:310:6:HAL_TIM_MspPostInit	40	static
../Core/Src/stm32f1xx_hal_msp.c:340:6:HAL_TIM_Base_MspDeInit	0	static
