../Core/Src/ufo_battle.c:254:6:energyregen	0	static
../Core/Src/ufo_battle.c:287:6:movbullet	12	static
../Core/Src/ufo_battle.c:976:6:statehandler_gamesave	0	static
../Core/Src/ufo_battle.c:982:6:magaz_buybomb	0	static
../Core/Src/ufo_battle.c:990:6:magaz_buygasmask	0	static
../Core/Src/ufo_battle.c:998:6:magaz_buyenergy	0	static
../Core/Src/ufo_battle.c:1008:6:magaz_buyhealth	0	static
../Core/Src/ufo_battle.c:1132:6:gamestatesprocess	0	static
../Core/Src/ufo_battle.c:197:6:createevilstar	8	static
../Core/Src/ufo_battle.c:772:6:stateinit_gameexit	0	static
../Core/Src/ufo_battle.c:1115:6:system_events_period50ms	0	static
../Core/Src/ufo_battle.c:220:6:createbullet	8	static
../Core/Src/ufo_battle.c:237:6:createbomb	4	static
../Core/Src/ufo_battle.c:554:6:gameprogress	16	static
../Core/Src/ufo_battle.c:208:6:createcoin	0	static
../Core/Src/ufo_battle.c:258:6:movgamer	0	static
../Core/Src/ufo_battle.c:277:6:movevilstar	12	static
../Core/Src/ufo_battle.c:300:6:movbomb	16	static
../Core/Src/ufo_battle.c:314:6:movcoin	0	static
../Core/Src/ufo_battle.c:593:6:move_enemy_objects	8	static
../Core/Src/ufo_battle.c:323:6:movminmagaz	8	static
../Core/Src/ufo_battle.c:339:6:bullet_evilstar_collision	32	static
../Core/Src/ufo_battle.c:353:6:bomb_evilstar_collision	24	static
../Core/Src/ufo_battle.c:378:6:gamer_evilstar_collision	24	static
../Core/Src/ufo_battle.c:396:6:gamer_coin_collision	24	static
../Core/Src/ufo_battle.c:408:6:gamer_minmagaz_collision	8	static
../Core/Src/ufo_battle.c:419:6:drawevilstar	24	static
../Core/Src/ufo_battle.c:435:6:drawcoin	24	static
../Core/Src/ufo_battle.c:446:6:drawminmagaz	0	static
../Core/Src/ufo_battle.c:452:6:drawgamer	0	static
../Core/Src/ufo_battle.c:459:6:drawbullet	16	static
../Core/Src/ufo_battle.c:467:6:drawbomb	40	static
../Core/Src/ufo_battle.c:498:6:drawinfo	0	static
../Core/Src/ufo_battle.c:502:6:screenupdate	0	static
../Core/Src/ufo_battle.c:508:6:createsmallstar	24	static
../Core/Src/ufo_battle.c:527:6:movesmallstar	12	static
../Core/Src/ufo_battle.c:1109:6:system_events_period25ms	8	static
../Core/Src/ufo_battle.c:543:6:drawsmallstar	24	static
../Core/Src/ufo_battle.c:1122:6:system_events_period100ms	8	static
../Core/Src/ufo_battle.c:602:6:SchedGamerunEventsAdd	8	static
../Core/Src/ufo_battle.c:642:6:statehandler_gameinitnew	24	static
../Core/Src/ufo_battle.c:679:6:statehandler_gameload	0	static
../Core/Src/ufo_battle.c:612:6:SchedGamerunEventsPause	8	static
../Core/Src/ufo_battle.c:622:6:SchedGamerunEventsResume	8	static
../Core/Src/ufo_battle.c:684:6:statehandler_gamerun	16	static
../Core/Src/ufo_battle.c:1095:6:stateinit_exitmagazin	8	static
../Core/Src/ufo_battle.c:632:6:SchedGamerunEventsRemove	8	static
../Core/Src/ufo_battle.c:759:6:stateinit_gamestop	8	static
../Core/Src/ufo_battle.c:784:6:menu_getevent	12	static
../Core/Src/ufo_battle.c:812:6:magaz_getevent	12	static
../Core/Src/ufo_battle.c:840:6:coursormovdisp	8	static
../Core/Src/ufo_battle.c:927:6:statehandler_menumain	8	static
../Core/Src/ufo_battle.c:939:6:statehandler_menuload	8	static
../Core/Src/ufo_battle.c:951:6:statehandler_menupause	8	static
../Core/Src/ufo_battle.c:964:6:statehandler_menusave	8	static
../Core/Src/ufo_battle.c:1019:6:statehandler_magazin	48	static
../Core/Src/ufo_battle.c:1140:6:ufobattle	8	static
