../Core/Src/ufo_battle.c:262:6:energyregen	0	static
../Core/Src/ufo_battle.c:295:6:movbullet	12	static
../Core/Src/ufo_battle.c:1056:6:magaz_buybomb	0	static
../Core/Src/ufo_battle.c:1064:6:magaz_buygasmask	0	static
../Core/Src/ufo_battle.c:1072:6:magaz_buyenergy	0	static
../Core/Src/ufo_battle.c:1082:6:magaz_buyhealth	0	static
../Core/Src/ufo_battle.c:1206:6:gamestatesprocess	0	static
../Core/Src/ufo_battle.c:203:6:createevilstar	8	static
../Core/Src/ufo_battle.c:690:6:statehandler_gamesave	24	static
../Core/Src/ufo_battle.c:858:6:stateinit_gameexit	0	static
../Core/Src/ufo_battle.c:1189:6:system_events_period50ms	0	static
../Core/Src/ufo_battle.c:228:6:createbullet	12	static
../Core/Src/ufo_battle.c:245:6:createbomb	8	static
../Core/Src/ufo_battle.c:575:6:gameprogress	16	static
../Core/Src/ufo_battle.c:215:6:createcoin	8	static
../Core/Src/ufo_battle.c:266:6:movgamer	0	static
../Core/Src/ufo_battle.c:285:6:movevilstar	12	static
../Core/Src/ufo_battle.c:308:6:movbomb	16	static
../Core/Src/ufo_battle.c:322:6:movcoin	0	static
../Core/Src/ufo_battle.c:603:6:move_enemy_objects	8	static
../Core/Src/ufo_battle.c:331:6:movminmagaz	8	static
../Core/Src/ufo_battle.c:347:6:bullet_evilstar_collision	32	static
../Core/Src/ufo_battle.c:362:6:bomb_evilstar_collision	24	static
../Core/Src/ufo_battle.c:388:6:gamer_evilstar_collision	16	static
../Core/Src/ufo_battle.c:407:6:gamer_coin_collision	16	static
../Core/Src/ufo_battle.c:420:6:gamer_minmagaz_collision	8	static
../Core/Src/ufo_battle.c:431:6:drawevilstar	24	static
../Core/Src/ufo_battle.c:447:6:drawcoin	24	static
../Core/Src/ufo_battle.c:458:6:drawminmagaz	0	static
../Core/Src/ufo_battle.c:464:6:drawgamer	0	static
../Core/Src/ufo_battle.c:471:6:drawbullet	16	static
../Core/Src/ufo_battle.c:479:6:drawbomb	48	static
../Core/Src/ufo_battle.c:519:6:drawinfo	0	static
../Core/Src/ufo_battle.c:523:6:screenupdate	0	static
../Core/Src/ufo_battle.c:529:6:createsmallstar	24	static
../Core/Src/ufo_battle.c:548:6:movesmallstar	12	static
../Core/Src/ufo_battle.c:1183:6:system_events_period25ms	8	static
../Core/Src/ufo_battle.c:564:6:drawsmallstar	24	static
../Core/Src/ufo_battle.c:1196:6:system_events_period100ms	8	static
../Core/Src/ufo_battle.c:612:6:SchedGamerunEventsAdd	8	static
../Core/Src/ufo_battle.c:652:6:statehandler_gameinitnew	24	static
../Core/Src/ufo_battle.c:728:6:statehandler_gameload	16	static
../Core/Src/ufo_battle.c:622:6:SchedGamerunEventsPause	8	static
../Core/Src/ufo_battle.c:632:6:SchedGamerunEventsResume	8	static
../Core/Src/ufo_battle.c:756:6:statehandler_gamerun	40	static
../Core/Src/ufo_battle.c:1169:6:stateinit_exitmagazin	8	static
../Core/Src/ufo_battle.c:642:6:SchedGamerunEventsRemove	8	static
../Core/Src/ufo_battle.c:844:6:stateinit_gamestop	8	static
../Core/Src/ufo_battle.c:870:6:menu_getevent	12	static
../Core/Src/ufo_battle.c:898:6:magaz_getevent	12	static
../Core/Src/ufo_battle.c:926:6:coursormovdisp	8	static
../Core/Src/ufo_battle.c:1006:6:statehandler_menumain	8	static
../Core/Src/ufo_battle.c:1018:6:statehandler_menuload	8	static
../Core/Src/ufo_battle.c:1030:6:statehandler_menupause	8	static
../Core/Src/ufo_battle.c:1043:6:statehandler_menusave	8	static
../Core/Src/ufo_battle.c:1093:6:statehandler_magazin	48	static
../Core/Src/ufo_battle.c:1214:6:ufobattle	24	static
