../Core/Src/ufo_battle.c:257:6:energyregen	0	static
../Core/Src/ufo_battle.c:290:6:movbullet	12	static
../Core/Src/ufo_battle.c:984:6:statehandler_gamesave	0	static
../Core/Src/ufo_battle.c:990:6:magaz_buybomb	0	static
../Core/Src/ufo_battle.c:998:6:magaz_buygasmask	0	static
../Core/Src/ufo_battle.c:1006:6:magaz_buyenergy	0	static
../Core/Src/ufo_battle.c:1016:6:magaz_buyhealth	0	static
../Core/Src/ufo_battle.c:1140:6:gamestatesprocess	0	static
../Core/Src/ufo_battle.c:200:6:createevilstar	8	static
../Core/Src/ufo_battle.c:780:6:stateinit_gameexit	0	static
../Core/Src/ufo_battle.c:1123:6:system_events_period50ms	0	static
../Core/Src/ufo_battle.c:223:6:createbullet	12	static
../Core/Src/ufo_battle.c:240:6:createbomb	8	static
../Core/Src/ufo_battle.c:557:6:gameprogress	16	static
../Core/Src/ufo_battle.c:211:6:createcoin	8	static
../Core/Src/ufo_battle.c:261:6:movgamer	0	static
../Core/Src/ufo_battle.c:280:6:movevilstar	12	static
../Core/Src/ufo_battle.c:303:6:movbomb	16	static
../Core/Src/ufo_battle.c:317:6:movcoin	0	static
../Core/Src/ufo_battle.c:596:6:move_enemy_objects	8	static
../Core/Src/ufo_battle.c:326:6:movminmagaz	8	static
../Core/Src/ufo_battle.c:342:6:bullet_evilstar_collision	32	static
../Core/Src/ufo_battle.c:356:6:bomb_evilstar_collision	24	static
../Core/Src/ufo_battle.c:381:6:gamer_evilstar_collision	16	static
../Core/Src/ufo_battle.c:399:6:gamer_coin_collision	16	static
../Core/Src/ufo_battle.c:411:6:gamer_minmagaz_collision	8	static
../Core/Src/ufo_battle.c:422:6:drawevilstar	24	static
../Core/Src/ufo_battle.c:438:6:drawcoin	24	static
../Core/Src/ufo_battle.c:449:6:drawminmagaz	0	static
../Core/Src/ufo_battle.c:455:6:drawgamer	0	static
../Core/Src/ufo_battle.c:462:6:drawbullet	16	static
../Core/Src/ufo_battle.c:470:6:drawbomb	40	static
../Core/Src/ufo_battle.c:501:6:drawinfo	0	static
../Core/Src/ufo_battle.c:505:6:screenupdate	0	static
../Core/Src/ufo_battle.c:511:6:createsmallstar	24	static
../Core/Src/ufo_battle.c:530:6:movesmallstar	12	static
../Core/Src/ufo_battle.c:1117:6:system_events_period25ms	8	static
../Core/Src/ufo_battle.c:546:6:drawsmallstar	24	static
../Core/Src/ufo_battle.c:1130:6:system_events_period100ms	8	static
../Core/Src/ufo_battle.c:605:6:SchedGamerunEventsAdd	8	static
../Core/Src/ufo_battle.c:645:6:statehandler_gameinitnew	24	static
../Core/Src/ufo_battle.c:686:6:statehandler_gameload	0	static
../Core/Src/ufo_battle.c:615:6:SchedGamerunEventsPause	8	static
../Core/Src/ufo_battle.c:625:6:SchedGamerunEventsResume	8	static
../Core/Src/ufo_battle.c:691:6:statehandler_gamerun	16	static
../Core/Src/ufo_battle.c:1103:6:stateinit_exitmagazin	8	static
../Core/Src/ufo_battle.c:635:6:SchedGamerunEventsRemove	8	static
../Core/Src/ufo_battle.c:766:6:stateinit_gamestop	8	static
../Core/Src/ufo_battle.c:792:6:menu_getevent	12	static
../Core/Src/ufo_battle.c:820:6:magaz_getevent	12	static
../Core/Src/ufo_battle.c:848:6:coursormovdisp	8	static
../Core/Src/ufo_battle.c:935:6:statehandler_menumain	8	static
../Core/Src/ufo_battle.c:947:6:statehandler_menuload	8	static
../Core/Src/ufo_battle.c:959:6:statehandler_menupause	8	static
../Core/Src/ufo_battle.c:972:6:statehandler_menusave	8	static
../Core/Src/ufo_battle.c:1027:6:statehandler_magazin	48	static
../Core/Src/ufo_battle.c:1148:6:ufobattle	8	static
