../Core/Src/ufo_battle.c:300:6:movbullet	4	static
../Core/Src/ufo_battle.c:979:6:statehandler_gamesave	0	static
../Core/Src/ufo_battle.c:985:6:magaz_buybomb	0	static
../Core/Src/ufo_battle.c:993:6:magaz_buygasmask	0	static
../Core/Src/ufo_battle.c:1001:6:magaz_buyenergy	0	static
../Core/Src/ufo_battle.c:1011:6:magaz_buyhealth	0	static
../Core/Src/ufo_battle.c:1138:6:gamestatesprocess	0	static
../Core/Src/ufo_battle.c:191:6:createevilstar	16	static
../Core/Src/ufo_battle.c:753:6:stateinit_gamestop	8	static
../Core/Src/ufo_battle.c:769:6:stateinit_gameexit	0	static
../Core/Src/ufo_battle.c:570:6:gameprogress	16	static
../Core/Src/ufo_battle.c:618:6:statehandler_gameinitnew	24	static
../Core/Src/ufo_battle.c:271:6:movgamer.part.0	0	static
../Core/Src/ufo_battle.c:372:6:bomb_evilstar_collision.part.0	24	static
../Core/Src/ufo_battle.c:609:6:move_enemy_objects	0	static
../Core/Src/ufo_battle.c:1120:6:system_events_period25ms	8	static
../Core/Src/ufo_battle.c:1103:6:stateinit_exitmagazin	8	static
../Core/Src/ufo_battle.c:1129:6:system_events_period100ms	16	static
../Core/Src/ufo_battle.c:659:6:statehandler_gameload	24	static
../Core/Src/ufo_battle.c:202:6:createcoin	8	static
../Core/Src/ufo_battle.c:215:6:createbullet	16	static
../Core/Src/ufo_battle.c:238:6:createbomb	4	static
../Core/Src/ufo_battle.c:258:6:gunregen	4	static
../Core/Src/ufo_battle.c:271:6:movgamer	0	static
../Core/Src/ufo_battle.c:290:6:movevilstar	0	static
../Core/Src/ufo_battle.c:313:6:movbomb	8	static
../Core/Src/ufo_battle.c:334:6:movcoin	0	static
../Core/Src/ufo_battle.c:343:6:movminmagaz	0	static
../Core/Src/ufo_battle.c:358:6:bullet_evilstar_collision	32	static
../Core/Src/ufo_battle.c:372:6:bomb_evilstar_collision	0	static
../Core/Src/ufo_battle.c:396:6:gamer_evilstar_collision	24	static
../Core/Src/ufo_battle.c:414:6:gamer_coin_collision	24	static
../Core/Src/ufo_battle.c:426:6:gamer_minmagaz_collision	0	static
../Core/Src/ufo_battle.c:437:6:drawevilstar	24	static
../Core/Src/ufo_battle.c:453:6:drawcoin	8	static
../Core/Src/ufo_battle.c:464:6:drawminmagaz	0	static
../Core/Src/ufo_battle.c:470:6:drawgamer	0	static
../Core/Src/ufo_battle.c:477:6:drawbullet	16	static
../Core/Src/ufo_battle.c:485:6:drawbomb	24	static
../Core/Src/ufo_battle.c:664:6:statehandler_gamerun	24	static
../Core/Src/ufo_battle.c:514:6:drawinfo	0	static
../Core/Src/ufo_battle.c:518:6:screenupdate	0	static
../Core/Src/ufo_battle.c:524:6:createsmallstar	16	static
../Core/Src/ufo_battle.c:543:6:movesmallstar	0	static
../Core/Src/ufo_battle.c:559:6:drawsmallstar	8	static
../Core/Src/ufo_battle.c:781:6:menu_getevent	8	static
../Core/Src/ufo_battle.c:809:6:magaz_getevent	8	static
../Core/Src/ufo_battle.c:837:6:coursormovdisp	8	static
../Core/Src/ufo_battle.c:924:6:statehandler_menumain	8	static
../Core/Src/ufo_battle.c:936:6:statehandler_menuload	8	static
../Core/Src/ufo_battle.c:948:6:statehandler_menupause	8	static
../Core/Src/ufo_battle.c:967:6:statehandler_menusave	8	static
../Core/Src/ufo_battle.c:1022:6:statehandler_magazin	32	static
../Core/Src/ufo_battle.c:1146:6:ufobattle	16	static
