../Core/Src/common.c:26:7:clamp	0	static
../Core/Src/common.c:33:6:randinit	0	static
../Core/Src/common.c:38:7:getrand	8	static
../Core/Src/common.c:43:7:dig_to_smb	0	static
../Core/Src/common.c:61:6:u16_to_str	20	static
../Core/Src/common.c:101:6:commoninit	8	static
../Core/Src/common.c:110:6:initbuttons	8	static
../Core/Src/common.c:120:7:getbatlvl	8	static
../Core/Src/common.c:150:6:ShutDownLB	8	static
../Core/Src/common.c:144:6:batcheck	8	static
../Core/Src/common.c:162:6:ShutDown	8	static
../Core/Src/common.c:172:6:getbrightlvl	0	static
../Core/Src/common.c:177:6:decbright	16	static
../Core/Src/common.c:184:6:incbright	16	static
../Core/Src/common.c:192:6:BrightPWMgen	0	static
../Core/Src/common.c:199:6:Sounds	32	static
../Core/Src/common.c:213:6:RTC_SetCounter_	4	static
../Core/Src/common.c:226:8:RTC_GetCounter_	0	static
../Core/Src/common.c:231:6:timer_to_cal	36	static
../Core/Src/common.c:257:8:cal_to_timer	16	static
../Core/Src/common.c:275:6:RTCgetdata	0	static
../Core/Src/common.c:280:6:RTCsenddata	8	static
../Core/Src/common.c:313:9:CreateBtn	4	static
../Core/Src/common.c:337:6:TestBtn	8	static
../Core/Src/common.c:365:6:checkjoydir	0	static
../Core/Src/common.c:328:6:check_btn_jstk	8	static
../Core/Src/common.c:389:6:EEPROM_writebyte	16	static
../Core/Src/common.c:405:7:EEPROM_readbyte	8	static
