../Core/Src/common.c:7:7:clamp	0	static
../Core/Src/common.c:14:6:randinit	0	static
../Core/Src/common.c:19:7:getrand	8	static
../Core/Src/common.c:24:7:dig_to_smb	0	static
../Core/Src/common.c:42:6:u16_to_str	12	static
../Core/Src/common.c:82:6:commoninit	8	static
../Core/Src/common.c:90:6:initbuttons	8	static
../Core/Src/common.c:100:7:getbatlvl	8	static
../Core/Src/common.c:131:6:ShutDownLB	8	static
../Core/Src/common.c:124:6:batcheck	8	static
../Core/Src/common.c:142:6:ShutDown	8	static
../Core/Src/common.c:151:6:getbrightlvl	0	static
../Core/Src/common.c:156:6:decbright	0	static
../Core/Src/common.c:163:6:incbright	0	static
../Core/Src/common.c:171:6:BrightPWMgen	0	static
../Core/Src/common.c:177:6:Sounds	16	static
../Core/Src/common.c:191:6:RTCgetdata	0	static
../Core/Src/common.c:196:6:RTCsenddata	0	static
../Core/Src/common.c:201:6:rtcrawtobcd	36	static
../Core/Src/common.c:212:6:rtcbcdtoraw	0	static
../Core/Src/common.c:228:9:CreateBtn	4	static
../Core/Src/common.c:254:6:TestBtn	8	static
../Core/Src/common.c:282:7:adc_getval_an0	0	static
../Core/Src/common.c:287:7:adc_getval_an1	0	static
../Core/Src/common.c:292:7:adc_getval_an2	0	static
../Core/Src/common.c:297:6:getjoypos	0	static
../Core/Src/common.c:303:6:checkjoydir	0	static
../Core/Src/common.c:243:6:check_btn_jstk	8	static
