../Core/Src/common.c:23:7:clamp	0	static
../Core/Src/common.c:30:6:randinit	0	static
../Core/Src/common.c:35:7:getrand	8	static
../Core/Src/common.c:40:7:dig_to_smb	0	static
../Core/Src/common.c:58:6:u16_to_str	12	static
../Core/Src/common.c:98:6:commoninit	8	static
../Core/Src/common.c:106:6:initbuttons	8	static
../Core/Src/common.c:116:7:getbatlvl	8	static
../Core/Src/common.c:146:6:ShutDownLB	8	static
../Core/Src/common.c:140:6:batcheck	8	static
../Core/Src/common.c:157:6:ShutDown	8	static
../Core/Src/common.c:166:6:getbrightlvl	0	static
../Core/Src/common.c:171:6:decbright	0	static
../Core/Src/common.c:178:6:incbright	0	static
../Core/Src/common.c:186:6:BrightPWMgen	0	static
../Core/Src/common.c:193:6:Sounds	16	static
../Core/Src/common.c:207:6:RTCgetdata	0	static
../Core/Src/common.c:212:6:RTCsenddata	0	static
../Core/Src/common.c:217:6:rtcrawtobcd	36	static
../Core/Src/common.c:228:6:rtcbcdtoraw	0	static
../Core/Src/common.c:244:9:CreateBtn	4	static
../Core/Src/common.c:268:6:TestBtn	8	static
../Core/Src/common.c:296:6:checkjoydir	0	static
../Core/Src/common.c:259:6:check_btn_jstk	8	static
