../Core/Src/stm32f1xx_hal_msp.c:66:6:HAL_MspInit	8	static
../Core/Src/stm32f1xx_hal_msp.c:93:6:HAL_ADC_MspInit	48	static
../Core/Src/stm32f1xx_hal_msp.c:150:6:HAL_ADC_MspDeInit	8	static
../Core/Src/stm32f1xx_hal_msp.c:184:6:HAL_RTC_MspInit	16	static
../Core/Src/stm32f1xx_hal_msp.c:210:6:HAL_RTC_MspDeInit	0	static
../Core/Src/stm32f1xx_hal_msp.c:232:6:HAL_SPI_MspInit	56	static
../Core/Src/stm32f1xx_hal_msp.c:296:6:HAL_SPI_MspDeInit	0	static
../Core/Src/stm32f1xx_hal_msp.c:346:6:HAL_TIM_Base_MspInit	8	static
../Core/Src/stm32f1xx_hal_msp.c:363:6:HAL_TIM_MspPostInit	40	static
../Core/Src/stm32f1xx_hal_msp.c:393:6:HAL_TIM_Base_MspDeInit	0	static
