../Core/Src/ufo_battle.c:254:6:energyregen	0	static
../Core/Src/ufo_battle.c:287:6:movbullet	8	static
../Core/Src/ufo_battle.c:967:6:statehandler_gamesave	0	static
../Core/Src/ufo_battle.c:973:6:magaz_buybomb	0	static
../Core/Src/ufo_battle.c:981:6:magaz_buygasmask	0	static
../Core/Src/ufo_battle.c:989:6:magaz_buyenergy	0	static
../Core/Src/ufo_battle.c:999:6:magaz_buyhealth	0	static
../Core/Src/ufo_battle.c:1135:6:gamestatesprocess	0	static
../Core/Src/ufo_battle.c:197:6:createevilstar	8	static
../Core/Src/ufo_battle.c:602:6:statehandler_gameinitnew	24	static
../Core/Src/ufo_battle.c:644:6:statehandler_gameload	0	static
../Core/Src/ufo_battle.c:737:6:stateinit_gamestop	8	static
../Core/Src/ufo_battle.c:755:6:stateinit_gameexit	0	static
../Core/Src/ufo_battle.c:1118:6:system_events_period50ms	0	static
../Core/Src/ufo_battle.c:220:6:createbullet	8	static
../Core/Src/ufo_battle.c:237:6:createbomb	4	static
../Core/Src/ufo_battle.c:554:6:gameprogress	16	static
../Core/Src/ufo_battle.c:258:6:movgamer.part.0	0	static
../Core/Src/ufo_battle.c:208:6:createcoin	4	static
../Core/Src/ufo_battle.c:258:6:movgamer	0	static
../Core/Src/ufo_battle.c:277:6:movevilstar	8	static
../Core/Src/ufo_battle.c:300:6:movbomb	16	static
../Core/Src/ufo_battle.c:314:6:movcoin	0	static
../Core/Src/ufo_battle.c:593:6:move_enemy_objects	8	static
../Core/Src/ufo_battle.c:323:6:movminmagaz	8	static
../Core/Src/ufo_battle.c:339:6:bullet_evilstar_collision	32	static
../Core/Src/ufo_battle.c:353:6:bomb_evilstar_collision	24	static
../Core/Src/ufo_battle.c:378:6:gamer_evilstar_collision	24	static
../Core/Src/ufo_battle.c:396:6:gamer_coin_collision	24	static
../Core/Src/ufo_battle.c:408:6:gamer_minmagaz_collision	0	static
../Core/Src/ufo_battle.c:419:6:drawevilstar	24	static
../Core/Src/ufo_battle.c:435:6:drawcoin	24	static
../Core/Src/ufo_battle.c:446:6:drawminmagaz	0	static
../Core/Src/ufo_battle.c:452:6:drawgamer	0	static
../Core/Src/ufo_battle.c:1093:6:stateinit_exitmagazin	8	static
../Core/Src/ufo_battle.c:459:6:drawbullet	16	static
../Core/Src/ufo_battle.c:467:6:drawbomb	40	static
../Core/Src/ufo_battle.c:649:6:statehandler_gamerun	24	static
../Core/Src/ufo_battle.c:498:6:drawinfo	0	static
../Core/Src/ufo_battle.c:502:6:screenupdate	0	static
../Core/Src/ufo_battle.c:508:6:createsmallstar	24	static
../Core/Src/ufo_battle.c:527:6:movesmallstar	4	static
../Core/Src/ufo_battle.c:1112:6:system_events_period25ms	8	static
../Core/Src/ufo_battle.c:543:6:drawsmallstar	16	static
../Core/Src/ufo_battle.c:1125:6:system_events_period100ms	8	static
../Core/Src/ufo_battle.c:767:6:menu_getevent	8	static
../Core/Src/ufo_battle.c:795:6:magaz_getevent	8	static
../Core/Src/ufo_battle.c:823:6:coursormovdisp	8	static
../Core/Src/ufo_battle.c:910:6:statehandler_menumain	8	static
../Core/Src/ufo_battle.c:922:6:statehandler_menuload	8	static
../Core/Src/ufo_battle.c:934:6:statehandler_menupause	8	static
../Core/Src/ufo_battle.c:955:6:statehandler_menusave	8	static
../Core/Src/ufo_battle.c:1010:6:statehandler_magazin	32	static
../Core/Src/ufo_battle.c:1143:6:ufobattle	16	static
