../Core/Src/ufo_battle.c:129:6:movbullet	8	static
../Core/Src/ufo_battle.c:808:6:statehandler_gamesave	0	static
../Core/Src/ufo_battle.c:814:6:magaz_buybomb	0	static
../Core/Src/ufo_battle.c:822:6:magaz_buygasmask	0	static
../Core/Src/ufo_battle.c:830:6:magaz_buyenergy	0	static
../Core/Src/ufo_battle.c:840:6:magaz_buyhealth	0	static
../Core/Src/ufo_battle.c:967:6:gamestatesprocess	0	static
../Core/Src/ufo_battle.c:20:6:createevilstar	16	static
../Core/Src/ufo_battle.c:447:6:statehandler_gameinitnew	24	static
../Core/Src/ufo_battle.c:488:6:statehandler_gameload	0	static
../Core/Src/ufo_battle.c:582:6:stateinit_gamestop	8	static
../Core/Src/ufo_battle.c:598:6:stateinit_gameexit	0	static
../Core/Src/ufo_battle.c:399:6:gameprogress	16	static
../Core/Src/ufo_battle.c:100:6:movgamer.part.0	0	static
../Core/Src/ufo_battle.c:201:6:bomb_evilstar_collision.part.0	24	static
../Core/Src/ufo_battle.c:31:6:createcoin	8	static
../Core/Src/ufo_battle.c:44:6:createbullet	16	static
../Core/Src/ufo_battle.c:67:6:createbomb	4	static
../Core/Src/ufo_battle.c:87:6:gunregen	4	static
../Core/Src/ufo_battle.c:100:6:movgamer	0	static
../Core/Src/ufo_battle.c:119:6:movevilstar	8	static
../Core/Src/ufo_battle.c:142:6:movbomb	8	static
../Core/Src/ufo_battle.c:163:6:movcoin	0	static
../Core/Src/ufo_battle.c:438:6:move_enemy_objects	8	static
../Core/Src/ufo_battle.c:172:6:movminmagaz	0	static
../Core/Src/ufo_battle.c:187:6:bullet_evilstar_collision	32	static
../Core/Src/ufo_battle.c:201:6:bomb_evilstar_collision	0	static
../Core/Src/ufo_battle.c:225:6:gamer_evilstar_collision	24	static
../Core/Src/ufo_battle.c:243:6:gamer_coin_collision	24	static
../Core/Src/ufo_battle.c:255:6:gamer_minmagaz_collision	0	static
../Core/Src/ufo_battle.c:266:6:drawevilstar	24	static
../Core/Src/ufo_battle.c:282:6:drawcoin	24	static
../Core/Src/ufo_battle.c:293:6:drawminmagaz	0	static
../Core/Src/ufo_battle.c:299:6:drawgamer	0	static
../Core/Src/ufo_battle.c:932:6:stateinit_exitmagazin	8	static
../Core/Src/ufo_battle.c:306:6:drawbullet	16	static
../Core/Src/ufo_battle.c:314:6:drawbomb	24	static
../Core/Src/ufo_battle.c:493:6:statehandler_gamerun	24	static
../Core/Src/ufo_battle.c:343:6:drawinfo	0	static
../Core/Src/ufo_battle.c:347:6:screenupdate	0	static
../Core/Src/ufo_battle.c:353:6:createsmallstar	24	static
../Core/Src/ufo_battle.c:372:6:movesmallstar	4	static
../Core/Src/ufo_battle.c:949:6:system_events_period25ms	8	static
../Core/Src/ufo_battle.c:388:6:drawsmallstar	16	static
../Core/Src/ufo_battle.c:958:6:system_events_period100ms	8	static
../Core/Src/ufo_battle.c:610:6:menu_getevent	8	static
../Core/Src/ufo_battle.c:638:6:magaz_getevent	8	static
../Core/Src/ufo_battle.c:666:6:coursormovdisp	8	static
../Core/Src/ufo_battle.c:753:6:statehandler_menumain	8	static
../Core/Src/ufo_battle.c:765:6:statehandler_menuload	8	static
../Core/Src/ufo_battle.c:777:6:statehandler_menupause	8	static
../Core/Src/ufo_battle.c:796:6:statehandler_menusave	8	static
../Core/Src/ufo_battle.c:851:6:statehandler_magazin	32	static
../Core/Src/ufo_battle.c:975:6:ufobattle	16	static
