Archive member included to satisfy reference by file (symbol)

c:/st/stm32cubeide_1.10.1/stm32cubeide/plugins/com.st.stm32cube.ide.mcu.externaltools.gnu-tools-for-stm32.10.3-2021.10.win32_1.0.0.202111181127/tools/bin/../lib/gcc/arm-none-eabi/10.3.1/../../../../arm-none-eabi/lib/thumb/v7-m/nofp\libc_nano.a(lib_a-errno.o)
                              ./Core/Src/syscalls.o (__errno)
c:/st/stm32cubeide_1.10.1/stm32cubeide/plugins/com.st.stm32cube.ide.mcu.externaltools.gnu-tools-for-stm32.10.3-2021.10.win32_1.0.0.202111181127/tools/bin/../lib/gcc/arm-none-eabi/10.3.1/../../../../arm-none-eabi/lib/thumb/v7-m/nofp\libc_nano.a(lib_a-exit.o)
                              c:/st/stm32cubeide_1.10.1/stm32cubeide/plugins/com.st.stm32cube.ide.mcu.externaltools.gnu-tools-for-stm32.10.3-2021.10.win32_1.0.0.202111181127/tools/bin/../lib/gcc/arm-none-eabi/10.3.1/../../../../arm-none-eabi/lib/thumb/v7-m/nofp/crt0.o (exit)
c:/st/stm32cubeide_1.10.1/stm32cubeide/plugins/com.st.stm32cube.ide.mcu.externaltools.gnu-tools-for-stm32.10.3-2021.10.win32_1.0.0.202111181127/tools/bin/../lib/gcc/arm-none-eabi/10.3.1/../../../../arm-none-eabi/lib/thumb/v7-m/nofp\libc_nano.a(lib_a-impure.o)
                              c:/st/stm32cubeide_1.10.1/stm32cubeide/plugins/com.st.stm32cube.ide.mcu.externaltools.gnu-tools-for-stm32.10.3-2021.10.win32_1.0.0.202111181127/tools/bin/../lib/gcc/arm-none-eabi/10.3.1/../../../../arm-none-eabi/lib/thumb/v7-m/nofp\libc_nano.a(lib_a-exit.o) (_global_impure_ptr)
c:/st/stm32cubeide_1.10.1/stm32cubeide/plugins/com.st.stm32cube.ide.mcu.externaltools.gnu-tools-for-stm32.10.3-2021.10.win32_1.0.0.202111181127/tools/bin/../lib/gcc/arm-none-eabi/10.3.1/../../../../arm-none-eabi/lib/thumb/v7-m/nofp\libc_nano.a(lib_a-init.o)
                              c:/st/stm32cubeide_1.10.1/stm32cubeide/plugins/com.st.stm32cube.ide.mcu.externaltools.gnu-tools-for-stm32.10.3-2021.10.win32_1.0.0.202111181127/tools/bin/../lib/gcc/arm-none-eabi/10.3.1/../../../../arm-none-eabi/lib/thumb/v7-m/nofp/crt0.o (__libc_init_array)
c:/st/stm32cubeide_1.10.1/stm32cubeide/plugins/com.st.stm32cube.ide.mcu.externaltools.gnu-tools-for-stm32.10.3-2021.10.win32_1.0.0.202111181127/tools/bin/../lib/gcc/arm-none-eabi/10.3.1/../../../../arm-none-eabi/lib/thumb/v7-m/nofp\libc_nano.a(lib_a-memset.o)
                              c:/st/stm32cubeide_1.10.1/stm32cubeide/plugins/com.st.stm32cube.ide.mcu.externaltools.gnu-tools-for-stm32.10.3-2021.10.win32_1.0.0.202111181127/tools/bin/../lib/gcc/arm-none-eabi/10.3.1/../../../../arm-none-eabi/lib/thumb/v7-m/nofp/crt0.o (memset)
c:/st/stm32cubeide_1.10.1/stm32cubeide/plugins/com.st.stm32cube.ide.mcu.externaltools.gnu-tools-for-stm32.10.3-2021.10.win32_1.0.0.202111181127/tools/bin/../lib/gcc/arm-none-eabi/10.3.1/../../../../arm-none-eabi/lib/thumb/v7-m/nofp\libc_nano.a(lib_a-rand.o)
                              ./Core/Src/common.o (srand)
c:/st/stm32cubeide_1.10.1/stm32cubeide/plugins/com.st.stm32cube.ide.mcu.externaltools.gnu-tools-for-stm32.10.3-2021.10.win32_1.0.0.202111181127/tools/bin/../lib/gcc/arm-none-eabi/10.3.1/../../../../arm-none-eabi/lib/thumb/v7-m/nofp\libc_nano.a(lib_a-assert.o)
                              c:/st/stm32cubeide_1.10.1/stm32cubeide/plugins/com.st.stm32cube.ide.mcu.externaltools.gnu-tools-for-stm32.10.3-2021.10.win32_1.0.0.202111181127/tools/bin/../lib/gcc/arm-none-eabi/10.3.1/../../../../arm-none-eabi/lib/thumb/v7-m/nofp\libc_nano.a(lib_a-rand.o) (__assert_func)
c:/st/stm32cubeide_1.10.1/stm32cubeide/plugins/com.st.stm32cube.ide.mcu.externaltools.gnu-tools-for-stm32.10.3-2021.10.win32_1.0.0.202111181127/tools/bin/../lib/gcc/arm-none-eabi/10.3.1/../../../../arm-none-eabi/lib/thumb/v7-m/nofp\libc_nano.a(lib_a-fprintf.o)
                              c:/st/stm32cubeide_1.10.1/stm32cubeide/plugins/com.st.stm32cube.ide.mcu.externaltools.gnu-tools-for-stm32.10.3-2021.10.win32_1.0.0.202111181127/tools/bin/../lib/gcc/arm-none-eabi/10.3.1/../../../../arm-none-eabi/lib/thumb/v7-m/nofp\libc_nano.a(lib_a-assert.o) (fiprintf)
c:/st/stm32cubeide_1.10.1/stm32cubeide/plugins/com.st.stm32cube.ide.mcu.externaltools.gnu-tools-for-stm32.10.3-2021.10.win32_1.0.0.202111181127/tools/bin/../lib/gcc/arm-none-eabi/10.3.1/../../../../arm-none-eabi/lib/thumb/v7-m/nofp\libc_nano.a(lib_a-malloc.o)
                              c:/st/stm32cubeide_1.10.1/stm32cubeide/plugins/com.st.stm32cube.ide.mcu.externaltools.gnu-tools-for-stm32.10.3-2021.10.win32_1.0.0.202111181127/tools/bin/../lib/gcc/arm-none-eabi/10.3.1/../../../../arm-none-eabi/lib/thumb/v7-m/nofp\libc_nano.a(lib_a-rand.o) (malloc)
c:/st/stm32cubeide_1.10.1/stm32cubeide/plugins/com.st.stm32cube.ide.mcu.externaltools.gnu-tools-for-stm32.10.3-2021.10.win32_1.0.0.202111181127/tools/bin/../lib/gcc/arm-none-eabi/10.3.1/../../../../arm-none-eabi/lib/thumb/v7-m/nofp\libc_nano.a(lib_a-nano-freer.o)
[...]
Memory Configuration

Name             Origin             Length             Attributes
RAM              0x0000000020000000 0x0000000000005000 xrw
FLASH            0x0000000008000000 0x0000000000010000 xr
*default*        0x0000000000000000 0xffffffffffffffff

Linker script and memory map

LOAD c:/st/stm32cubeide_1.10.1/stm32cubeide/plugins/com.st.stm32cube.ide.mcu.externaltools.gnu-tools-for-stm32.10.3-2021.10.win32_1.0.0.202111181127/tools/bin/../lib/gcc/arm-none-eabi/10.3.1/thumb/v7-m/nofp/crti.o
LOAD c:/st/stm32cubeide_1.10.1/stm32cubeide/plugins/com.st.stm32cube.ide.mcu.externaltools.gnu-tools-for-stm32.10.3-2021.10.win32_1.0.0.202111181127/tools/bin/../lib/gcc/arm-none-eabi/10.3.1/thumb/v7-m/nofp/crtbegin.o
LOAD c:/st/stm32cubeide_1.10.1/stm32cubeide/plugins/com.st.stm32cube.ide.mcu.externaltools.gnu-tools-for-stm32.10.3-2021.10.win32_1.0.0.202111181127/tools/bin/../lib/gcc/arm-none-eabi/10.3.1/../../../../arm-none-eabi/lib/thumb/v7-m/nofp/crt0.o
LOAD ./Core/Src/common.o
LOAD ./Core/Src/drv_LCD_ST7565_SPI.o
LOAD ./Core/Src/main.o
LOAD ./Core/Src/mainmenu.o
LOAD ./Core/Src/scheduler.o
LOAD ./Core/Src/stm32f1xx_hal_msp.o
LOAD ./Core/Src/stm32f1xx_it.o
LOAD ./Core/Src/syscalls.o
LOAD ./Core/Src/sysmem.o
LOAD ./Core/Src/system_stm32f1xx.o
LOAD ./Core/Src/ufo_battle.o
LOAD ./Core/Startup/startup_stm32f103c8tx.o
LOAD ./Drivers/STM32F1xx_HAL_Driver/Src/stm32f1xx_hal.o
LOAD ./Drivers/STM32F1xx_HAL_Driver/Src/stm32f1xx_hal_adc.o
LOAD ./Drivers/STM32F1xx_HAL_Driver/Src/stm32f1xx_hal_adc_ex.o
LOAD ./Drivers/STM32F1xx_HAL_Driver/Src/stm32f1xx_hal_cortex.o
LOAD ./Drivers/STM32F1xx_HAL_Driver/Src/stm32f1xx_hal_dma.o
LOAD ./Drivers/STM32F1xx_HAL_Driver/Src/stm32f1xx_hal_exti.o
LOAD ./Drivers/STM32F1xx_HAL_Driver/Src/stm32f1xx_hal_flash.o
LOAD ./Drivers/STM32F1xx_HAL_Driver/Src/stm32f1xx_hal_flash_ex.o
LOAD ./Drivers/STM32F1xx_HAL_Driver/Src/stm32f1xx_hal_gpio.o
LOAD ./Drivers/STM32F1xx_HAL_Driver/Src/stm32f1xx_hal_gpio_ex.o
LOAD ./Drivers/STM32F1xx_HAL_Driver/Src/stm32f1xx_hal_pwr.o
LOAD ./Drivers/STM32F1xx_HAL_Driver/Src/stm32f1xx_hal_rcc.o
LOAD ./Drivers/STM32F1xx_HAL_Driver/Src/stm32f1xx_hal_rcc_ex.o
LOAD ./Drivers/STM32F1xx_HAL_Driver/Src/stm32f1xx_hal_rtc.o
LOAD ./Drivers/STM32F1xx_HAL_Driver/Src/stm32f1xx_hal_rtc_ex.o
LOAD ./Drivers/STM32F1xx_HAL_Driver/Src/stm32f1xx_hal_spi.o
LOAD ./Drivers/STM32F1xx_HAL_Driver/Src/stm32f1xx_hal_tim.o
LOAD ./Drivers/STM32F1xx_HAL_Driver/Src/stm32f1xx_hal_tim_ex.o
START GROUP
LOAD c:/st/stm32cubeide_1.10.1/stm32cubeide/plugins/com.st.stm32cube.ide.mcu.externaltools.gnu-tools-for-stm32.10.3-2021.10.win32_1.0.0.202111181127/tools/bin/../lib/gcc/arm-none-eabi/10.3.1/../../../../arm-none-eabi/lib/thumb/v7-m/nofp\libc_nano.a
LOAD c:/st/stm32cubeide_1.10.1/stm32cubeide/plugins/com.st.stm32cube.ide.mcu.externaltools.gnu-tools-for-stm32.10.3-2021.10.win32_1.0.0.202111181127/tools/bin/../lib/gcc/arm-none-eabi/10.3.1/../../../../arm-none-eabi/lib/thumb/v7-m/nofp\libm.a
END GROUP
START GROUP
LOAD c:/st/stm32cubeide_1.10.1/stm32cubeide/plugins/com.st.stm32cube.ide.mcu.externaltools.gnu-tools-for-stm32.10.3-2021.10.win32_1.0.0.202111181127/tools/bin/../lib/gcc/arm-none-eabi/10.3.1/thumb/v7-m/nofp\libgcc.a
LOAD c:/st/stm32cubeide_1.10.1/stm32cubeide/plugins/com.st.stm32cube.ide.mcu.externaltools.gnu-tools-for-stm32.10.3-2021.10.win32_1.0.0.202111181127/tools/bin/../lib/gcc/arm-none-eabi/10.3.1/../../../../arm-none-eabi/lib/thumb/v7-m/nofp\libc_nano.a
END GROUP
START GROUP
LOAD c:/st/stm32cubeide_1.10.1/stm32cubeide/plugins/com.st.stm32cube.ide.mcu.externaltools.gnu-tools-for-stm32.10.3-2021.10.win32_1.0.0.202111181127/tools/bin/../lib/gcc/arm-none-eabi/10.3.1/thumb/v7-m/nofp\libgcc.a
LOAD c:/st/stm32cubeide_1.10.1/stm32cubeide/plugins/com.st.stm32cube.ide.mcu.externaltools.gnu-tools-for-stm32.10.3-2021.10.win32_1.0.0.202111181127/tools/bin/../lib/gcc/arm-none-eabi/10.3.1/../../../../arm-none-eabi/lib/thumb/v7-m/nofp\libc_nano.a
LOAD c:/st/stm32cubeide_1.10.1/stm32cubeide/plugins/com.st.stm32cube.ide.mcu.externaltools.gnu-tools-for-stm32.10.3-2021.10.win32_1.0.0.202111181127/tools/bin/../lib/gcc/arm-none-eabi/10.3.1/../../../../arm-none-eabi/lib/thumb/v7-m/nofp\libnosys.a
END GROUP
START GROUP
LOAD c:/st/stm32cubeide_1.10.1/stm32cubeide/plugins/com.st.stm32cube.ide.mcu.externaltools.gnu-tools-for-stm32.10.3-2021.10.win32_1.0.0.202111181127/tools/bin/../lib/gcc/arm-none-eabi/10.3.1/thumb/v7-m/nofp\libgcc.a
LOAD c:/st/stm32cubeide_1.10.1/stm32cubeide/plugins/com.st.stm32cube.ide.mcu.externaltools.gnu-tools-for-stm32.10.3-2021.10.win32_1.0.0.202111181127/tools/bin/../lib/gcc/arm-none-eabi/10.3.1/../../../../arm-none-eabi/lib/thumb/v7-m/nofp\libc_nano.a
LOAD c:/st/stm32cubeide_1.10.1/stm32cubeide/plugins/com.st.stm32cube.ide.mcu.externaltools.gnu-tools-for-stm32.10.3-2021.10.win32_1.0.0.202111181127/tools/bin/../lib/gcc/arm-none-eabi/10.3.1/../../../../arm-none-eabi/lib/thumb/v7-m/nofp\libnosys.a
END GROUP
LOAD c:/st/stm32cubeide_1.10.1/stm32cubeide/plugins/com.st.stm32cube.ide.mcu.externaltools.gnu-tools-for-stm32.10.3-2021.10.win32_1.0.0.202111181127/tools/bin/../lib/gcc/arm-none-eabi/10.3.1/thumb/v7-m/nofp/crtend.o
LOAD c:/st/stm32cubeide_1.10.1/stm32cubeide/plugins/com.st.stm32cube.ide.mcu.externaltools.gnu-tools-for-stm32.10.3-2021.10.win32_1.0.0.202111181127/tools/bin/../lib/gcc/arm-none-eabi/10.3.1/thumb/v7-m/nofp/crtn.o
                0x0000000020005000                _estack = (ORIGIN (RAM) + LENGTH (RAM))
                0x0000000000000200                _Min_Heap_Size = 0x200
                0x0000000000000400                _Min_Stack_Size = 0x400

.isr_vector     0x0000000008000000      0x10c
                0x0000000008000000                . = ALIGN (0x4)
 *(.isr_vector)
 .isr_vector    0x0000000008000000      0x10c ./Core/Startup/startup_stm32f103c8tx.o
                0x0000000008000000                g_pfnVectors
                0x000000000800010c                . = ALIGN (0x4)

.text           0x000000000800010c     0x81c8
                0x000000000800010c                . = ALIGN (0x4)
 *(.text)
 .text          0x000000000800010c       0x40 c:/st/stm32cubeide_1.10.1/stm32cubeide/plugins/com.st.stm32cube.ide.mcu.externaltools.gnu-tools-for-stm32.10.3-2021.10.win32_1.0.0.202111181127/tools/bin/../lib/gcc/arm-none-eabi/10.3.1/thumb/v7-m/nofp/crtbegin.o
 *(.text*)
 .text.randinit
                0x000000000800014c        0xc ./Core/Src/common.o
                0x000000000800014c                randinit
 .text.getrand  0x0000000008000158       0x18 ./Core/Src/common.o
                0x0000000008000158                getrand
 .text.dig_to_smb
                0x0000000008000170        0xc ./Core/Src/common.o
                0x0000000008000170                dig_to_smb
 .text.u16_to_str
                0x000000000800017c      0x11c ./Core/Src/common.o
                0x000000000800017c                u16_to_str
 .text.commoninit
                0x0000000008000298       0x34 ./Core/Src/common.o
                0x0000000008000298                commoninit
 .text.initbuttons
                0x00000000080002cc       0x64 ./Core/Src/common.o
                0x00000000080002cc                initbuttons
 .text.ShutDownLB
                0x0000000008000330       0x48 ./Core/Src/common.o
                0x0000000008000330                ShutDownLB
 .text.batcheck
                0x0000000008000378       0xc0 ./Core/Src/common.o
                0x0000000008000378                batcheck
 .text.ShutDown
                0x0000000008000438       0x2c ./Core/Src/common.o
                0x0000000008000438                ShutDown
 .text.getbrightlvl
                0x0000000008000464       0x28 ./Core/Src/common.o
                0x0000000008000464                getbrightlvl
 .text.decbright
                0x000000000800048c       0x18 ./Core/Src/common.o
                0x000000000800048c                decbright
 .text.incbright
                0x00000000080004a4       0x18 ./Core/Src/common.o
                0x00000000080004a4                incbright
 .text.BrightPWMgen
                0x00000000080004bc       0x10 ./Core/Src/common.o
                0x00000000080004bc                BrightPWMgen
 .text.Sounds   0x00000000080004cc       0x34 ./Core/Src/common.o
                0x00000000080004cc                Sounds
 .text.RTCgetdata
                0x0000000008000500        0x4 ./Core/Src/common.o
                0x0000000008000500                RTCgetdata
 .text.RTCsenddata
                0x0000000008000504        0x4 ./Core/Src/common.o
                0x0000000008000504                RTCsenddata
 .text.rtcrawtobcd
                0x0000000008000508       0xb4 ./Core/Src/common.o
                0x0000000008000508                rtcrawtobcd
 .text.rtcbcdtoraw
                0x00000000080005bc       0xa0 ./Core/Src/common.o
                0x00000000080005bc                rtcbcdtoraw
 .text.TestBtn  0x000000000800065c       0xb8 ./Core/Src/common.o
                0x000000000800065c                TestBtn
 .text.checkjoydir
                0x0000000008000714       0x84 ./Core/Src/common.o
                0x0000000008000714                checkjoydir
 .text.check_btn_jstk
                0x0000000008000798       0x34 ./Core/Src/common.o
                0x0000000008000798                check_btn_jstk
 .text.LCD_init
                0x00000000080007cc       0xd8 ./Core/Src/drv_LCD_ST7565_SPI.o
                0x00000000080007cc                LCD_init
 .text.LCD_printstr8x5
                0x00000000080008a4      0x1e8 ./Core/Src/drv_LCD_ST7565_SPI.o
                0x00000000080008a4                LCD_printstr8x5
 .text.LCD_erasestring
                0x0000000008000a8c       0x1c ./Core/Src/drv_LCD_ST7565_SPI.o
                0x0000000008000a8c                LCD_erasestring
 .text.LCD_bufupload_buferase
                0x0000000008000aa8       0x78 ./Core/Src/drv_LCD_ST7565_SPI.o
                0x0000000008000aa8                LCD_bufupload_buferase
 .text.LCD_printweekday
                0x0000000008000b20       0x10 ./Core/Src/drv_LCD_ST7565_SPI.o
                0x0000000008000b20                LCD_printweekday
 .text.LCD_printclockanddate
                0x0000000008000b30      0x164 ./Core/Src/drv_LCD_ST7565_SPI.o
                0x0000000008000b30                LCD_printclockanddate
 .text.LCD_printbrightnes
                0x0000000008000c94      0x360 ./Core/Src/drv_LCD_ST7565_SPI.o
                0x0000000008000c94                LCD_printbrightnes
 .text.LCD_printbatlevel
                0x0000000008000ff4      0x16c ./Core/Src/drv_LCD_ST7565_SPI.o
                0x0000000008000ff4                LCD_printbatlevel
 .text.LCD_printmenucoursor
                0x0000000008001160      0x160 ./Core/Src/drv_LCD_ST7565_SPI.o
                0x0000000008001160                LCD_printmenucoursor
 .text.LCD_printbutselhint
                0x00000000080012c0       0x60 ./Core/Src/drv_LCD_ST7565_SPI.o
                0x00000000080012c0                LCD_printbutselhint
 .text.LCD_printvertline
                0x0000000008001320      0x128 ./Core/Src/drv_LCD_ST7565_SPI.o
                0x0000000008001320                LCD_printvertline
 .text.LCD_printhorline
                0x0000000008001448       0x6c ./Core/Src/drv_LCD_ST7565_SPI.o
                0x0000000008001448                LCD_printhorline
 .text.LCD_printsprite
                0x00000000080014b4      0x380 ./Core/Src/drv_LCD_ST7565_SPI.o
                0x00000000080014b4                LCD_printsprite
 .text.LCD_printgamestatbar
                0x0000000008001834       0xc0 ./Core/Src/drv_LCD_ST7565_SPI.o
                0x0000000008001834                LCD_printgamestatbar
 .text._write   0x00000000080018f4       0x5c ./Core/Src/main.o
                0x00000000080018f4                _write
 .text.SystemClock_Config
                0x0000000008001950       0x8c ./Core/Src/main.o
                0x0000000008001950                SystemClock_Config
 .text.startup.main
                0x00000000080019dc      0x310 ./Core/Src/main.o
                0x00000000080019dc                main
 .text.HAL_IncTick
                0x0000000008001cec       0x5c ./Core/Src/main.o
                0x0000000008001cec                HAL_IncTick
 .text.HAL_ADC_ConvCpltCallback
                0x0000000008001d48       0x44 ./Core/Src/main.o
                0x0000000008001d48                HAL_ADC_ConvCpltCallback
 .text.Error_Handler
                0x0000000008001d8c        0x4 ./Core/Src/main.o
                0x0000000008001d8c                Error_Handler
 .text.setdatetime
                0x0000000008001d90      0x5a8 ./Core/Src/mainmenu.o
                0x0000000008001d90                setdatetime
 .text.testscreen
                0x0000000008002338      0x228 ./Core/Src/mainmenu.o
                0x0000000008002338                testscreen
 .text.MainMenu
                0x0000000008002560      0x34c ./Core/Src/mainmenu.o
                0x0000000008002560                MainMenu
 .text.SchedAddEvent
                0x00000000080028ac       0x30 ./Core/Src/scheduler.o
                0x00000000080028ac                SchedAddEvent
 .text.SchedRemoveAllEvents
                0x00000000080028dc        0xc ./Core/Src/scheduler.o
                0x00000000080028dc                SchedRemoveAllEvents
 .text.SchedEventProcess
                0x00000000080028e8       0x50 ./Core/Src/scheduler.o
                0x00000000080028e8                SchedEventProcess
 .text.SchedPeriodIncr
                0x0000000008002938       0xc8 ./Core/Src/scheduler.o
                0x0000000008002938                SchedPeriodIncr
 .text.SchedRemoveEvent
                0x0000000008002a00      0x168 ./Core/Src/scheduler.o
                0x0000000008002a00                SchedRemoveEvent
 .text.SchedPauseEvent
                0x0000000008002b68       0xb0 ./Core/Src/scheduler.o
                0x0000000008002b68                SchedPauseEvent
 .text.SchedResumeEvent
                0x0000000008002c18       0xb0 ./Core/Src/scheduler.o
                0x0000000008002c18                SchedResumeEvent
 .text.SchedEventSetPeriod
                0x0000000008002cc8       0xa0 ./Core/Src/scheduler.o
                0x0000000008002cc8                SchedEventSetPeriod
 .text.HAL_MspInit
                0x0000000008002d68       0x44 ./Core/Src/stm32f1xx_hal_msp.o
                0x0000000008002d68                HAL_MspInit
 .text.HAL_ADC_MspInit
                0x0000000008002dac       0xc0 ./Core/Src/stm32f1xx_hal_msp.o
                0x0000000008002dac                HAL_ADC_MspInit
 .text.HAL_RTC_MspInit
                0x0000000008002e6c       0x40 ./Core/Src/stm32f1xx_hal_msp.o
                0x0000000008002e6c                HAL_RTC_MspInit
 .text.HAL_SPI_MspInit
                0x0000000008002eac       0x68 ./Core/Src/stm32f1xx_hal_msp.o
                0x0000000008002eac                HAL_SPI_MspInit
 .text.HAL_TIM_PWM_MspInit
                0x0000000008002f14       0x2c ./Core/Src/stm32f1xx_hal_msp.o
                0x0000000008002f14                HAL_TIM_PWM_MspInit
 .text.HAL_TIM_MspPostInit
                0x0000000008002f40       0x58 ./Core/Src/stm32f1xx_hal_msp.o
                0x0000000008002f40                HAL_TIM_MspPostInit
 .text.NMI_Handler
                0x0000000008002f98        0x4 ./Core/Src/stm32f1xx_it.o
                0x0000000008002f98                NMI_Handler
 .text.HardFault_Handler
                0x0000000008002f9c        0x4 ./Core/Src/stm32f1xx_it.o
                0x0000000008002f9c                HardFault_Handler
 .text.MemManage_Handler
                0x0000000008002fa0        0x4 ./Core/Src/stm32f1xx_it.o
                0x0000000008002fa0                MemManage_Handler
 .text.BusFault_Handler
                0x0000000008002fa4        0x4 ./Core/Src/stm32f1xx_it.o
                0x0000000008002fa4                BusFault_Handler
 .text.UsageFault_Handler
                0x0000000008002fa8        0x4 ./Core/Src/stm32f1xx_it.o
                0x0000000008002fa8                UsageFault_Handler
 .text.SVC_Handler
                0x0000000008002fac        0x4 ./Core/Src/stm32f1xx_it.o
                0x0000000008002fac                SVC_Handler
 .text.DebugMon_Handler
                0x0000000008002fb0        0x4 ./Core/Src/stm32f1xx_it.o
                0x0000000008002fb0                DebugMon_Handler
 .text.PendSV_Handler
                0x0000000008002fb4        0x4 ./Core/Src/stm32f1xx_it.o
                0x0000000008002fb4                PendSV_Handler
 .text.SysTick_Handler
                0x0000000008002fb8        0x4 ./Core/Src/stm32f1xx_it.o
                0x0000000008002fb8                SysTick_Handler
 .text.DMA1_Channel1_IRQHandler
                0x0000000008002fbc        0xc ./Core/Src/stm32f1xx_it.o
                0x0000000008002fbc                DMA1_Channel1_IRQHandler
 .text._getpid  0x0000000008002fc8        0x4 ./Core/Src/syscalls.o
                0x0000000008002fc8                _getpid
 .text._kill    0x0000000008002fcc       0x14 ./Core/Src/syscalls.o
                0x0000000008002fcc                _kill
 .text._exit    0x0000000008002fe0        0xc ./Core/Src/syscalls.o
                0x0000000008002fe0                _exit
 .text._read    0x0000000008002fec       0x1c ./Core/Src/syscalls.o
                0x0000000008002fec                _read
 .text._close   0x0000000008003008        0x8 ./Core/Src/syscalls.o
                0x0000000008003008                _close
 .text._fstat   0x0000000008003010        0xc ./Core/Src/syscalls.o
                0x0000000008003010                _fstat
 .text._isatty  0x000000000800301c        0x4 ./Core/Src/syscalls.o
                0x000000000800301c                _isatty
 .text._lseek   0x0000000008003020        0x4 ./Core/Src/syscalls.o
                0x0000000008003020                _lseek
 .text._sbrk    0x0000000008003024       0x48 ./Core/Src/sysmem.o
                0x0000000008003024                _sbrk
 .text.SystemInit
                0x000000000800306c        0x4 ./Core/Src/system_stm32f1xx.o
                0x000000000800306c                SystemInit
 .text.movbullet
                0x0000000008003070       0x84 ./Core/Src/ufo_battle.o
                0x0000000008003070                movbullet
 .text.statehandler_gamesave
                0x00000000080030f4        0xc ./Core/Src/ufo_battle.o
                0x00000000080030f4                statehandler_gamesave
 .text.magaz_buybomb
                0x0000000008003100       0x28 ./Core/Src/ufo_battle.o
                0x0000000008003100                magaz_buybomb
 .text.magaz_buygasmask
                0x0000000008003128       0x30 ./Core/Src/ufo_battle.o
                0x0000000008003128                magaz_buygasmask
 .text.magaz_buyenergy
                0x0000000008003158       0x44 ./Core/Src/ufo_battle.o
                0x0000000008003158                magaz_buyenergy
 .text.magaz_buyhealth
                0x000000000800319c       0x34 ./Core/Src/ufo_battle.o
                0x000000000800319c                magaz_buyhealth
 .text.gamestatesprocess
                0x00000000080031d0       0x24 ./Core/Src/ufo_battle.o
                0x00000000080031d0                gamestatesprocess
 .text.createevilstar
                0x00000000080031f4       0x44 ./Core/Src/ufo_battle.o
                0x00000000080031f4                createevilstar
 .text.stateinit_gamestop
                0x0000000008003238       0xa4 ./Core/Src/ufo_battle.o
                0x0000000008003238                stateinit_gamestop
 .text.stateinit_gameexit
                0x00000000080032dc       0x18 ./Core/Src/ufo_battle.o
                0x00000000080032dc                stateinit_gameexit
 .text.gameprogress
                0x00000000080032f4      0x110 ./Core/Src/ufo_battle.o
                0x00000000080032f4                gameprogress
 .text.statehandler_gameinitnew
                0x0000000008003404       0xec ./Core/Src/ufo_battle.o
                0x0000000008003404                statehandler_gameinitnew
 .text.movgamer.part.0
                0x00000000080034f0      0x19c ./Core/Src/ufo_battle.o
 .text.bomb_evilstar_collision.part.0
                0x000000000800368c       0xac ./Core/Src/ufo_battle.o
 .text.move_enemy_objects
                0x0000000008003738      0x36c ./Core/Src/ufo_battle.o
                0x0000000008003738                move_enemy_objects
 .text.system_events_period25ms
                0x0000000008003aa4      0x174 ./Core/Src/ufo_battle.o
                0x0000000008003aa4                system_events_period25ms
 .text.stateinit_exitmagazin
                0x0000000008003c18       0xa4 ./Core/Src/ufo_battle.o
                0x0000000008003c18                stateinit_exitmagazin
 .text.system_events_period100ms
                0x0000000008003cbc      0x2bc ./Core/Src/ufo_battle.o
                0x0000000008003cbc                system_events_period100ms
 .text.statehandler_gameload
                0x0000000008003f78       0xec ./Core/Src/ufo_battle.o
                0x0000000008003f78                statehandler_gameload
 .text.createbullet
                0x0000000008004064       0xac ./Core/Src/ufo_battle.o
                0x0000000008004064                createbullet
 .text.createbomb
                0x0000000008004110       0x8c ./Core/Src/ufo_battle.o
                0x0000000008004110                createbomb
 .text.movbomb  0x000000000800419c       0x74 ./Core/Src/ufo_battle.o
                0x000000000800419c                movbomb
 .text.bullet_evilstar_collision
                0x0000000008004210       0x6c ./Core/Src/ufo_battle.o
                0x0000000008004210                bullet_evilstar_collision
 .text.gamer_evilstar_collision
                0x000000000800427c       0x80 ./Core/Src/ufo_battle.o
                0x000000000800427c                gamer_evilstar_collision
 .text.gamer_coin_collision
                0x00000000080042fc       0x6c ./Core/Src/ufo_battle.o
                0x00000000080042fc                gamer_coin_collision
 .text.drawevilstar
                0x0000000008004368       0xac ./Core/Src/ufo_battle.o
                0x0000000008004368                drawevilstar
 .text.drawcoin
                0x0000000008004414      0x33c ./Core/Src/ufo_battle.o
                0x0000000008004414                drawcoin
 .text.drawbomb
                0x0000000008004750       0xfc ./Core/Src/ufo_battle.o
                0x0000000008004750                drawbomb
 .text.statehandler_gamerun
                0x000000000800484c      0x348 ./Core/Src/ufo_battle.o
                0x000000000800484c                statehandler_gamerun
 .text.menu_getevent
                0x0000000008004b94       0x8c ./Core/Src/ufo_battle.o
                0x0000000008004b94                menu_getevent
 .text.magaz_getevent
                0x0000000008004c20       0xb4 ./Core/Src/ufo_battle.o
                0x0000000008004c20                magaz_getevent
 .text.coursormovdisp
                0x0000000008004cd4      0x1e0 ./Core/Src/ufo_battle.o
                0x0000000008004cd4                coursormovdisp
 .text.statehandler_menumain
                0x0000000008004eb4       0x64 ./Core/Src/ufo_battle.o
                0x0000000008004eb4                statehandler_menumain
 .text.statehandler_menuload
                0x0000000008004f18       0x64 ./Core/Src/ufo_battle.o
                0x0000000008004f18                statehandler_menuload
 .text.statehandler_menupause
                0x0000000008004f7c       0x80 ./Core/Src/ufo_battle.o
                0x0000000008004f7c                statehandler_menupause
 .text.statehandler_menusave
                0x0000000008004ffc       0x68 ./Core/Src/ufo_battle.o
                0x0000000008004ffc                statehandler_menusave
 .text.statehandler_magazin
                0x0000000008005064      0x27c ./Core/Src/ufo_battle.o
                0x0000000008005064                statehandler_magazin
 .text.ufobattle
                0x00000000080052e0       0x5c ./Core/Src/ufo_battle.o
                0x00000000080052e0                ufobattle
 .text.Reset_Handler
                0x000000000800533c       0x48 ./Core/Startup/startup_stm32f103c8tx.o
                0x000000000800533c                Reset_Handler
 .text.Default_Handler
                0x0000000008005384        0x2 ./Core/Startup/startup_stm32f103c8tx.o
                0x0000000008005384                RTC_Alarm_IRQHandler
                0x0000000008005384                EXTI2_IRQHandler
                0x0000000008005384                TIM1_CC_IRQHandler
                0x0000000008005384                PVD_IRQHandler
                0x0000000008005384                EXTI3_IRQHandler
                0x0000000008005384                EXTI0_IRQHandler
                0x0000000008005384                I2C2_EV_IRQHandler
                0x0000000008005384                ADC1_2_IRQHandler
                0x0000000008005384                SPI1_IRQHandler
                0x0000000008005384                TAMPER_IRQHandler
                0x0000000008005384                DMA1_Channel4_IRQHandler
                0x0000000008005384                USART3_IRQHandler
                0x0000000008005384                RTC_IRQHandler
                0x0000000008005384                DMA1_Channel7_IRQHandler
                0x0000000008005384                CAN1_RX1_IRQHandler
                0x0000000008005384                TIM4_IRQHandler
                0x0000000008005384                I2C1_EV_IRQHandler
                0x0000000008005384                DMA1_Channel6_IRQHandler
                0x0000000008005384                TIM3_IRQHandler
                0x0000000008005384                RCC_IRQHandler
                0x0000000008005384                TIM1_TRG_COM_IRQHandler
                0x0000000008005384                Default_Handler
                0x0000000008005384                EXTI15_10_IRQHandler
                0x0000000008005384                EXTI9_5_IRQHandler
                0x0000000008005384                SPI2_IRQHandler
                0x0000000008005384                DMA1_Channel5_IRQHandler
                0x0000000008005384                EXTI4_IRQHandler
                0x0000000008005384                USB_LP_CAN1_RX0_IRQHandler
                0x0000000008005384                USB_HP_CAN1_TX_IRQHandler
                0x0000000008005384                DMA1_Channel3_IRQHandler
                0x0000000008005384                TIM1_UP_IRQHandler
                0x0000000008005384                WWDG_IRQHandler
                0x0000000008005384                TIM2_IRQHandler
                0x0000000008005384                TIM1_BRK_IRQHandler
                0x0000000008005384                EXTI1_IRQHandler
                0x0000000008005384                USART2_IRQHandler
                0x0000000008005384                I2C2_ER_IRQHandler
                0x0000000008005384                DMA1_Channel2_IRQHandler
                0x0000000008005384                CAN1_SCE_IRQHandler
                0x0000000008005384                FLASH_IRQHandler
                0x0000000008005384                USART1_IRQHandler
                0x0000000008005384                I2C1_ER_IRQHandler
                0x0000000008005384                USBWakeUp_IRQHandler
 *fill*         0x0000000008005386        0x2 
 .text.HAL_InitTick
                0x0000000008005388       0x48 ./Drivers/STM32F1xx_HAL_Driver/Src/stm32f1xx_hal.o
                0x0000000008005388                HAL_InitTick
 .text.HAL_Init
                0x00000000080053d0       0x24 ./Drivers/STM32F1xx_HAL_Driver/Src/stm32f1xx_hal.o
                0x00000000080053d0                HAL_Init
 .text.HAL_GetTick
                0x00000000080053f4        0xc ./Drivers/STM32F1xx_HAL_Driver/Src/stm32f1xx_hal.o
                0x00000000080053f4                HAL_GetTick
 .text.HAL_Delay
                0x0000000008005400       0x24 ./Drivers/STM32F1xx_HAL_Driver/Src/stm32f1xx_hal.o
                0x0000000008005400                HAL_Delay
 .text.HAL_ADC_Init
                0x0000000008005424      0x17c ./Drivers/STM32F1xx_HAL_Driver/Src/stm32f1xx_hal_adc.o
                0x0000000008005424                HAL_ADC_Init
 .text.ADC_DMAConvCplt
                0x00000000080055a0       0x50 ./Drivers/STM32F1xx_HAL_Driver/Src/stm32f1xx_hal_adc.o
                0x00000000080055a0                ADC_DMAConvCplt
 .text.HAL_ADC_ConvHalfCpltCallback
                0x00000000080055f0        0x4 ./Drivers/STM32F1xx_HAL_Driver/Src/stm32f1xx_hal_adc.o
                0x00000000080055f0                HAL_ADC_ConvHalfCpltCallback
 .text.ADC_DMAHalfConvCplt
                0x00000000080055f4        0xc ./Drivers/STM32F1xx_HAL_Driver/Src/stm32f1xx_hal_adc.o
                0x00000000080055f4                ADC_DMAHalfConvCplt
 .text.HAL_ADC_ErrorCallback
                0x0000000008005600        0x4 ./Drivers/STM32F1xx_HAL_Driver/Src/stm32f1xx_hal_adc.o
                0x0000000008005600                HAL_ADC_ErrorCallback
 .text.ADC_DMAError
                0x0000000008005604       0x1c ./Drivers/STM32F1xx_HAL_Driver/Src/stm32f1xx_hal_adc.o
                0x0000000008005604                ADC_DMAError
 .text.HAL_ADC_ConfigChannel
                0x0000000008005620      0x134 ./Drivers/STM32F1xx_HAL_Driver/Src/stm32f1xx_hal_adc.o
                0x0000000008005620                HAL_ADC_ConfigChannel
 .text.ADC_Enable
                0x0000000008005754       0x88 ./Drivers/STM32F1xx_HAL_Driver/Src/stm32f1xx_hal_adc.o
                0x0000000008005754                ADC_Enable
 .text.HAL_ADC_Start_DMA
                0x00000000080057dc      0x114 ./Drivers/STM32F1xx_HAL_Driver/Src/stm32f1xx_hal_adc.o
                0x00000000080057dc                HAL_ADC_Start_DMA
 .text.HAL_NVIC_SetPriorityGrouping
                0x00000000080058f0       0x24 ./Drivers/STM32F1xx_HAL_Driver/Src/stm32f1xx_hal_cortex.o
                0x00000000080058f0                HAL_NVIC_SetPriorityGrouping
 .text.HAL_NVIC_SetPriority
                0x0000000008005914       0x7c ./Drivers/STM32F1xx_HAL_Driver/Src/stm32f1xx_hal_cortex.o
                0x0000000008005914                HAL_NVIC_SetPriority
 .text.HAL_NVIC_EnableIRQ
                0x0000000008005990       0x1c ./Drivers/STM32F1xx_HAL_Driver/Src/stm32f1xx_hal_cortex.o
                0x0000000008005990                HAL_NVIC_EnableIRQ
 .text.HAL_SYSTICK_Config
                0x00000000080059ac       0x30 ./Drivers/STM32F1xx_HAL_Driver/Src/stm32f1xx_hal_cortex.o
                0x00000000080059ac                HAL_SYSTICK_Config
 .text.HAL_DMA_Init
                0x00000000080059dc       0x64 ./Drivers/STM32F1xx_HAL_Driver/Src/stm32f1xx_hal_dma.o
                0x00000000080059dc                HAL_DMA_Init
 .text.HAL_DMA_Start_IT
                0x0000000008005a40       0x90 ./Drivers/STM32F1xx_HAL_Driver/Src/stm32f1xx_hal_dma.o
                0x0000000008005a40                HAL_DMA_Start_IT
 .text.HAL_DMA_IRQHandler
                0x0000000008005ad0      0x128 ./Drivers/STM32F1xx_HAL_Driver/Src/stm32f1xx_hal_dma.o
                0x0000000008005ad0                HAL_DMA_IRQHandler
 .text.HAL_GPIO_Init
                0x0000000008005bf8      0x21c ./Drivers/STM32F1xx_HAL_Driver/Src/stm32f1xx_hal_gpio.o
                0x0000000008005bf8                HAL_GPIO_Init
 .text.HAL_GPIO_ReadPin
                0x0000000008005e14        0xc ./Drivers/STM32F1xx_HAL_Driver/Src/stm32f1xx_hal_gpio.o
                0x0000000008005e14                HAL_GPIO_ReadPin
 .text.HAL_GPIO_WritePin
                0x0000000008005e20        0x8 ./Drivers/STM32F1xx_HAL_Driver/Src/stm32f1xx_hal_gpio.o
                0x0000000008005e20                HAL_GPIO_WritePin
 .text.HAL_PWR_EnableBkUpAccess
                0x0000000008005e28        0xc ./Drivers/STM32F1xx_HAL_Driver/Src/stm32f1xx_hal_pwr.o
                0x0000000008005e28                HAL_PWR_EnableBkUpAccess
 .text.HAL_RCC_OscConfig
                0x0000000008005e34      0x3e0 ./Drivers/STM32F1xx_HAL_Driver/Src/stm32f1xx_hal_rcc.o
                0x0000000008005e34                HAL_RCC_OscConfig
 .text.HAL_RCC_ClockConfig
                0x0000000008006214      0x1a0 ./Drivers/STM32F1xx_HAL_Driver/Src/stm32f1xx_hal_rcc.o
                0x0000000008006214                HAL_RCC_ClockConfig
 .text.HAL_RCC_GetPCLK2Freq
                0x00000000080063b4       0x20 ./Drivers/STM32F1xx_HAL_Driver/Src/stm32f1xx_hal_rcc.o
                0x00000000080063b4                HAL_RCC_GetPCLK2Freq
 .text.HAL_RCCEx_PeriphCLKConfig
                0x00000000080063d4      0x104 ./Drivers/STM32F1xx_HAL_Driver/Src/stm32f1xx_hal_rcc_ex.o
                0x00000000080063d4                HAL_RCCEx_PeriphCLKConfig
 .text.HAL_RCCEx_GetPeriphCLKFreq
                0x00000000080064d8       0xf4 ./Drivers/STM32F1xx_HAL_Driver/Src/stm32f1xx_hal_rcc_ex.o
                0x00000000080064d8                HAL_RCCEx_GetPeriphCLKFreq
 .text.RTC_WriteAlarmCounter
                0x00000000080065cc       0x60 ./Drivers/STM32F1xx_HAL_Driver/Src/stm32f1xx_hal_rtc.o
 .text.HAL_RTC_Init
                0x000000000800662c      0x100 ./Drivers/STM32F1xx_HAL_Driver/Src/stm32f1xx_hal_rtc.o
                0x000000000800662c                HAL_RTC_Init
 .text.HAL_RTC_SetTime
                0x000000000800672c      0x118 ./Drivers/STM32F1xx_HAL_Driver/Src/stm32f1xx_hal_rtc.o
                0x000000000800672c                HAL_RTC_SetTime
 .text.HAL_RTC_SetDate
                0x0000000008006844      0x1dc ./Drivers/STM32F1xx_HAL_Driver/Src/stm32f1xx_hal_rtc.o
                0x0000000008006844                HAL_RTC_SetDate
 .text.SPI_WaitFlagStateUntilTimeout.constprop.1
                0x0000000008006a20       0xbc ./Drivers/STM32F1xx_HAL_Driver/Src/stm32f1xx_hal_spi.o
 .text.HAL_SPI_Init
                0x0000000008006adc       0xbc ./Drivers/STM32F1xx_HAL_Driver/Src/stm32f1xx_hal_spi.o
                0x0000000008006adc                HAL_SPI_Init
 .text.HAL_SPI_Transmit
                0x0000000008006b98      0x25c ./Drivers/STM32F1xx_HAL_Driver/Src/stm32f1xx_hal_spi.o
                0x0000000008006b98                HAL_SPI_Transmit
 .text.HAL_TIM_PWM_Init
                0x0000000008006df4       0xdc ./Drivers/STM32F1xx_HAL_Driver/Src/stm32f1xx_hal_tim.o
                0x0000000008006df4                HAL_TIM_PWM_Init
 .text.HAL_TIM_PWM_ConfigChannel
                0x0000000008006ed0      0x1f8 ./Drivers/STM32F1xx_HAL_Driver/Src/stm32f1xx_hal_tim.o
                0x0000000008006ed0                HAL_TIM_PWM_ConfigChannel
 .text.HAL_TIMEx_MasterConfigSynchronization
                0x00000000080070c8       0x64 ./Drivers/STM32F1xx_HAL_Driver/Src/stm32f1xx_hal_tim_ex.o
                0x00000000080070c8                HAL_TIMEx_MasterConfigSynchronization
 .text.HAL_TIMEx_ConfigBreakDeadTime
                0x000000000800712c       0x54 ./Drivers/STM32F1xx_HAL_Driver/Src/stm32f1xx_hal_tim_ex.o
                0x000000000800712c                HAL_TIMEx_ConfigBreakDeadTime
 .text.__errno  0x0000000008007180        0xc c:/st/stm32cubeide_1.10.1/stm32cubeide/plugins/com.st.stm32cube.ide.mcu.externaltools.gnu-tools-for-stm32.10.3-2021.10.win32_1.0.0.202111181127/tools/bin/../lib/gcc/arm-none-eabi/10.3.1/../../../../arm-none-eabi/lib/thumb/v7-m/nofp\libc_nano.a(lib_a-errno.o)
                0x0000000008007180                __errno
 .text.__libc_init_array
                0x000000000800718c       0x48 c:/st/stm32cubeide_1.10.1/stm32cubeide/plugins/com.st.stm32cube.ide.mcu.externaltools.gnu-tools-for-stm32.10.3-2021.10.win32_1.0.0.202111181127/tools/bin/../lib/gcc/arm-none-eabi/10.3.1/../../../../arm-none-eabi/lib/thumb/v7-m/nofp\libc_nano.a(lib_a-init.o)
                0x000000000800718c                __libc_init_array
 .text.memset   0x00000000080071d4       0x10 c:/st/stm32cubeide_1.10.1/stm32cubeide/plugins/com.st.stm32cube.ide.mcu.externaltools.gnu-tools-for-stm32.10.3-2021.10.win32_1.0.0.202111181127/tools/bin/../lib/gcc/arm-none-eabi/10.3.1/../../../../arm-none-eabi/lib/thumb/v7-m/nofp\libc_nano.a(lib_a-memset.o)
                0x00000000080071d4                memset
 .text.srand    0x00000000080071e4       0x5c c:/st/stm32cubeide_1.10.1/stm32cubeide/plugins/com.st.stm32cube.ide.mcu.externaltools.gnu-tools-for-stm32.10.3-2021.10.win32_1.0.0.202111181127/tools/bin/../lib/gcc/arm-none-eabi/10.3.1/../../../../arm-none-eabi/lib/thumb/v7-m/nofp\libc_nano.a(lib_a-rand.o)
                0x00000000080071e4                srand
 .text.rand     0x0000000008007240       0x7c c:/st/stm32cubeide_1.10.1/stm32cubeide/plugins/com.st.stm32cube.ide.mcu.externaltools.gnu-tools-for-stm32.10.3-2021.10.win32_1.0.0.202111181127/tools/bin/../lib/gcc/arm-none-eabi/10.3.1/../../../../arm-none-eabi/lib/thumb/v7-m/nofp\libc_nano.a(lib_a-rand.o)
                0x0000000008007240                rand
 .text.__assert_func
                0x00000000080072bc       0x3c c:/st/stm32cubeide_1.10.1/stm32cubeide/plugins/com.st.stm32cube.ide.mcu.externaltools.gnu-tools-for-stm32.10.3-2021.10.win32_1.0.0.202111181127/tools/bin/../lib/gcc/arm-none-eabi/10.3.1/../../../../arm-none-eabi/lib/thumb/v7-m/nofp\libc_nano.a(lib_a-assert.o)
                0x00000000080072bc                __assert_func
 .text.fprintf  0x00000000080072f8       0x24 c:/st/stm32cubeide_1.10.1/stm32cubeide/plugins/com.st.stm32cube.ide.mcu.externaltools.gnu-tools-for-stm32.10.3-2021.10.win32_1.0.0.202111181127/tools/bin/../lib/gcc/arm-none-eabi/10.3.1/../../../../arm-none-eabi/lib/thumb/v7-m/nofp\libc_nano.a(lib_a-fprintf.o)
                0x00000000080072f8                fiprintf
                0x00000000080072f8                fprintf
 .text.malloc   0x000000000800731c       0x10 c:/st/stm32cubeide_1.10.1/stm32cubeide/plugins/com.st.stm32cube.ide.mcu.externaltools.gnu-tools-for-stm32.10.3-2021.10.win32_1.0.0.202111181127/tools/bin/../lib/gcc/arm-none-eabi/10.3.1/../../../../arm-none-eabi/lib/thumb/v7-m/nofp\libc_nano.a(lib_a-malloc.o)
                0x000000000800731c                malloc
 .text._free_r  0x000000000800732c       0x90 c:/st/stm32cubeide_1.10.1/stm32cubeide/plugins/com.st.stm32cube.ide.mcu.externaltools.gnu-tools-for-stm32.10.3-2021.10.win32_1.0.0.202111181127/tools/bin/../lib/gcc/arm-none-eabi/10.3.1/../../../../arm-none-eabi/lib/thumb/v7-m/nofp\libc_nano.a(lib_a-nano-freer.o)
                0x000000000800732c                _free_r
 .text.sbrk_aligned
                0x00000000080073bc       0x40 c:/st/stm32cubeide_1.10.1/stm32cubeide/plugins/com.st.stm32cube.ide.mcu.externaltools.gnu-tools-for-stm32.10.3-2021.10.win32_1.0.0.202111181127/tools/bin/../lib/gcc/arm-none-eabi/10.3.1/../../../../arm-none-eabi/lib/thumb/v7-m/nofp\libc_nano.a(lib_a-nano-mallocr.o)
 .text._malloc_r
                0x00000000080073fc       0xe8 c:/st/stm32cubeide_1.10.1/stm32cubeide/plugins/com.st.stm32cube.ide.mcu.externaltools.gnu-tools-for-stm32.10.3-2021.10.win32_1.0.0.202111181127/tools/bin/../lib/gcc/arm-none-eabi/10.3.1/../../../../arm-none-eabi/lib/thumb/v7-m/nofp\libc_nano.a(lib_a-nano-mallocr.o)
                0x00000000080073fc                _malloc_r
 .text.__sfputc_r
                0x00000000080074e4       0x2a c:/st/stm32cubeide_1.10.1/stm32cubeide/plugins/com.st.stm32cube.ide.mcu.externaltools.gnu-tools-for-stm32.10.3-2021.10.win32_1.0.0.202111181127/tools/bin/../lib/gcc/arm-none-eabi/10.3.1/../../../../arm-none-eabi/lib/thumb/v7-m/nofp\libc_nano.a(lib_a-nano-vfprintf.o)
 .text.__sfputs_r
                0x000000000800750e       0x24 c:/st/stm32cubeide_1.10.1/stm32cubeide/plugins/com.st.stm32cube.ide.mcu.externaltools.gnu-tools-for-stm32.10.3-2021.10.win32_1.0.0.202111181127/tools/bin/../lib/gcc/arm-none-eabi/10.3.1/../../../../arm-none-eabi/lib/thumb/v7-m/nofp\libc_nano.a(lib_a-nano-vfprintf.o)
                0x000000000800750e                __sfputs_r
 *fill*         0x0000000008007532        0x2 
 .text._vfprintf_r
                0x0000000008007534      0x260 c:/st/stm32cubeide_1.10.1/stm32cubeide/plugins/com.st.stm32cube.ide.mcu.externaltools.gnu-tools-for-stm32.10.3-2021.10.win32_1.0.0.202111181127/tools/bin/../lib/gcc/arm-none-eabi/10.3.1/../../../../arm-none-eabi/lib/thumb/v7-m/nofp\libc_nano.a(lib_a-nano-vfprintf.o)
                0x0000000008007534                _vfprintf_r
                0x0000000008007534                _vfiprintf_r
 .text._printf_common
                0x0000000008007794       0xde c:/st/stm32cubeide_1.10.1/stm32cubeide/plugins/com.st.stm32cube.ide.mcu.externaltools.gnu-tools-for-stm32.10.3-2021.10.win32_1.0.0.202111181127/tools/bin/../lib/gcc/arm-none-eabi/10.3.1/../../../../arm-none-eabi/lib/thumb/v7-m/nofp\libc_nano.a(lib_a-nano-vfprintf_i.o)
                0x0000000008007794                _printf_common
 *fill*         0x0000000008007872        0x2 
 .text._printf_i
                0x0000000008007874      0x24c c:/st/stm32cubeide_1.10.1/stm32cubeide/plugins/com.st.stm32cube.ide.mcu.externaltools.gnu-tools-for-stm32.10.3-2021.10.win32_1.0.0.202111181127/tools/bin/../lib/gcc/arm-none-eabi/10.3.1/../../../../arm-none-eabi/lib/thumb/v7-m/nofp\libc_nano.a(lib_a-nano-vfprintf_i.o)
                0x0000000008007874                _printf_i
 .text._sbrk_r  0x0000000008007ac0       0x20 c:/st/stm32cubeide_1.10.1/stm32cubeide/plugins/com.st.stm32cube.ide.mcu.externaltools.gnu-tools-for-stm32.10.3-2021.10.win32_1.0.0.202111181127/tools/bin/../lib/gcc/arm-none-eabi/10.3.1/../../../../arm-none-eabi/lib/thumb/v7-m/nofp\libc_nano.a(lib_a-sbrkr.o)
                0x0000000008007ac0                _sbrk_r
 .text.__swbuf_r
                0x0000000008007ae0       0xa4 c:/st/stm32cubeide_1.10.1/stm32cubeide/plugins/com.st.stm32cube.ide.mcu.externaltools.gnu-tools-for-stm32.10.3-2021.10.win32_1.0.0.202111181127/tools/bin/../lib/gcc/arm-none-eabi/10.3.1/../../../../arm-none-eabi/lib/thumb/v7-m/nofp\libc_nano.a(lib_a-wbuf.o)
                0x0000000008007ae0                __swbuf_r
 .text.__swsetup_r
                0x0000000008007b84       0xdc c:/st/stm32cubeide_1.10.1/stm32cubeide/plugins/com.st.stm32cube.ide.mcu.externaltools.gnu-tools-for-stm32.10.3-2021.10.win32_1.0.0.202111181127/tools/bin/../lib/gcc/arm-none-eabi/10.3.1/../../../../arm-none-eabi/lib/thumb/v7-m/nofp\libc_nano.a(lib_a-wsetup.o)
                0x0000000008007b84                __swsetup_r
 .text.abort    0x0000000008007c60        0xe c:/st/stm32cubeide_1.10.1/stm32cubeide/plugins/com.st.stm32cube.ide.mcu.externaltools.gnu-tools-for-stm32.10.3-2021.10.win32_1.0.0.202111181127/tools/bin/../lib/gcc/arm-none-eabi/10.3.1/../../../../arm-none-eabi/lib/thumb/v7-m/nofp\libc_nano.a(lib_a-abort.o)
                0x0000000008007c60                abort
 *fill*         0x0000000008007c6e        0x2 
 .text.__sflush_r
                0x0000000008007c70      0x104 c:/st/stm32cubeide_1.10.1/stm32cubeide/plugins/com.st.stm32cube.ide.mcu.externaltools.gnu-tools-for-stm32.10.3-2021.10.win32_1.0.0.202111181127/tools/bin/../lib/gcc/arm-none-eabi/10.3.1/../../../../arm-none-eabi/lib/thumb/v7-m/nofp\libc_nano.a(lib_a-fflush.o)
                0x0000000008007c70                __sflush_r
 .text._fflush_r
                0x0000000008007d74       0x78 c:/st/stm32cubeide_1.10.1/stm32cubeide/plugins/com.st.stm32cube.ide.mcu.externaltools.gnu-tools-for-stm32.10.3-2021.10.win32_1.0.0.202111181127/tools/bin/../lib/gcc/arm-none-eabi/10.3.1/../../../../arm-none-eabi/lib/thumb/v7-m/nofp\libc_nano.a(lib_a-fflush.o)
                0x0000000008007d74                _fflush_r
 .text.std      0x0000000008007dec       0x48 c:/st/stm32cubeide_1.10.1/stm32cubeide/plugins/com.st.stm32cube.ide.mcu.externaltools.gnu-tools-for-stm32.10.3-2021.10.win32_1.0.0.202111181127/tools/bin/../lib/gcc/arm-none-eabi/10.3.1/../../../../arm-none-eabi/lib/thumb/v7-m/nofp\libc_nano.a(lib_a-findfp.o)
 .text._cleanup_r
                0x0000000008007e34        0xc c:/st/stm32cubeide_1.10.1/stm32cubeide/plugins/com.st.stm32cube.ide.mcu.externaltools.gnu-tools-for-stm32.10.3-2021.10.win32_1.0.0.202111181127/tools/bin/../lib/gcc/arm-none-eabi/10.3.1/../../../../arm-none-eabi/lib/thumb/v7-m/nofp\libc_nano.a(lib_a-findfp.o)
                0x0000000008007e34                _cleanup_r
 .text.__sfmoreglue
                0x0000000008007e40       0x2c c:/st/stm32cubeide_1.10.1/stm32cubeide/plugins/com.st.stm32cube.ide.mcu.externaltools.gnu-tools-for-stm32.10.3-2021.10.win32_1.0.0.202111181127/tools/bin/../lib/gcc/arm-none-eabi/10.3.1/../../../../arm-none-eabi/lib/thumb/v7-m/nofp\libc_nano.a(lib_a-findfp.o)
                0x0000000008007e40                __sfmoreglue
 .text.__sfp_lock_acquire
                0x0000000008007e6c        0xc c:/st/stm32cubeide_1.10.1/stm32cubeide/plugins/com.st.stm32cube.ide.mcu.externaltools.gnu-tools-for-stm32.10.3-2021.10.win32_1.0.0.202111181127/tools/bin/../lib/gcc/arm-none-eabi/10.3.1/../../../../arm-none-eabi/lib/thumb/v7-m/nofp\libc_nano.a(lib_a-findfp.o)
                0x0000000008007e6c                __sfp_lock_acquire
 .text.__sfp_lock_release
                0x0000000008007e78        0xc c:/st/stm32cubeide_1.10.1/stm32cubeide/plugins/com.st.stm32cube.ide.mcu.externaltools.gnu-tools-for-stm32.10.3-2021.10.win32_1.0.0.202111181127/tools/bin/../lib/gcc/arm-none-eabi/10.3.1/../../../../arm-none-eabi/lib/thumb/v7-m/nofp\libc_nano.a(lib_a-findfp.o)
                0x0000000008007e78                __sfp_lock_release
 .text.__sinit_lock_acquire
                0x0000000008007e84        0xc c:/st/stm32cubeide_1.10.1/stm32cubeide/plugins/com.st.stm32cube.ide.mcu.externaltools.gnu-tools-for-stm32.10.3-2021.10.win32_1.0.0.202111181127/tools/bin/../lib/gcc/arm-none-eabi/10.3.1/../../../../arm-none-eabi/lib/thumb/v7-m/nofp\libc_nano.a(lib_a-findfp.o)
                0x0000000008007e84                __sinit_lock_acquire
 .text.__sinit_lock_release
                0x0000000008007e90        0xc c:/st/stm32cubeide_1.10.1/stm32cubeide/plugins/com.st.stm32cube.ide.mcu.externaltools.gnu-tools-for-stm32.10.3-2021.10.win32_1.0.0.202111181127/tools/bin/../lib/gcc/arm-none-eabi/10.3.1/../../../../arm-none-eabi/lib/thumb/v7-m/nofp\libc_nano.a(lib_a-findfp.o)
                0x0000000008007e90                __sinit_lock_release
 .text.__sinit  0x0000000008007e9c       0x70 c:/st/stm32cubeide_1.10.1/stm32cubeide/plugins/com.st.stm32cube.ide.mcu.externaltools.gnu-tools-for-stm32.10.3-2021.10.win32_1.0.0.202111181127/tools/bin/../lib/gcc/arm-none-eabi/10.3.1/../../../../arm-none-eabi/lib/thumb/v7-m/nofp\libc_nano.a(lib_a-findfp.o)
                0x0000000008007e9c                __sinit
 .text.__sfp    0x0000000008007f0c       0x8c c:/st/stm32cubeide_1.10.1/stm32cubeide/plugins/com.st.stm32cube.ide.mcu.externaltools.gnu-tools-for-stm32.10.3-2021.10.win32_1.0.0.202111181127/tools/bin/../lib/gcc/arm-none-eabi/10.3.1/../../../../arm-none-eabi/lib/thumb/v7-m/nofp\libc_nano.a(lib_a-findfp.o)
                0x0000000008007f0c                __sfp
 .text._fwalk_reent
                0x0000000008007f98       0x3e c:/st/stm32cubeide_1.10.1/stm32cubeide/plugins/com.st.stm32cube.ide.mcu.externaltools.gnu-tools-for-stm32.10.3-2021.10.win32_1.0.0.202111181127/tools/bin/../lib/gcc/arm-none-eabi/10.3.1/../../../../arm-none-eabi/lib/thumb/v7-m/nofp\libc_nano.a(lib_a-fwalk.o)
                0x0000000008007f98                _fwalk_reent
 .text.__retarget_lock_init_recursive
                0x0000000008007fd6        0x2 c:/st/stm32cubeide_1.10.1/stm32cubeide/plugins/com.st.stm32cube.ide.mcu.externaltools.gnu-tools-for-stm32.10.3-2021.10.win32_1.0.0.202111181127/tools/bin/../lib/gcc/arm-none-eabi/10.3.1/../../../../arm-none-eabi/lib/thumb/v7-m/nofp\libc_nano.a(lib_a-lock.o)
                0x0000000008007fd6                __retarget_lock_init_recursive
 .text.__retarget_lock_acquire_recursive
                0x0000000008007fd8        0x2 c:/st/stm32cubeide_1.10.1/stm32cubeide/plugins/com.st.stm32cube.ide.mcu.externaltools.gnu-tools-for-stm32.10.3-2021.10.win32_1.0.0.202111181127/tools/bin/../lib/gcc/arm-none-eabi/10.3.1/../../../../arm-none-eabi/lib/thumb/v7-m/nofp\libc_nano.a(lib_a-lock.o)
                0x0000000008007fd8                __retarget_lock_acquire_recursive
 .text.__retarget_lock_release_recursive
                0x0000000008007fda        0x2 c:/st/stm32cubeide_1.10.1/stm32cubeide/plugins/com.st.stm32cube.ide.mcu.externaltools.gnu-tools-for-stm32.10.3-2021.10.win32_1.0.0.202111181127/tools/bin/../lib/gcc/arm-none-eabi/10.3.1/../../../../arm-none-eabi/lib/thumb/v7-m/nofp\libc_nano.a(lib_a-lock.o)
                0x0000000008007fda                __retarget_lock_release_recursive
 .text.__swhatbuf_r
                0x0000000008007fdc       0x4a c:/st/stm32cubeide_1.10.1/stm32cubeide/plugins/com.st.stm32cube.ide.mcu.externaltools.gnu-tools-for-stm32.10.3-2021.10.win32_1.0.0.202111181127/tools/bin/../lib/gcc/arm-none-eabi/10.3.1/../../../../arm-none-eabi/lib/thumb/v7-m/nofp\libc_nano.a(lib_a-makebuf.o)
                0x0000000008007fdc                __swhatbuf_r
 *fill*         0x0000000008008026        0x2 
 .text.__smakebuf_r
                0x0000000008008028       0x80 c:/st/stm32cubeide_1.10.1/stm32cubeide/plugins/com.st.stm32cube.ide.mcu.externaltools.gnu-tools-for-stm32.10.3-2021.10.win32_1.0.0.202111181127/tools/bin/../lib/gcc/arm-none-eabi/10.3.1/../../../../arm-none-eabi/lib/thumb/v7-m/nofp\libc_nano.a(lib_a-makebuf.o)
                0x0000000008008028                __smakebuf_r
 .text.memchr   0x00000000080080a8       0x1c c:/st/stm32cubeide_1.10.1/stm32cubeide/plugins/com.st.stm32cube.ide.mcu.externaltools.gnu-tools-for-stm32.10.3-2021.10.win32_1.0.0.202111181127/tools/bin/../lib/gcc/arm-none-eabi/10.3.1/../../../../arm-none-eabi/lib/thumb/v7-m/nofp\libc_nano.a(lib_a-memchr-stub.o)
                0x00000000080080a8                memchr
 .text.__malloc_lock
                0x00000000080080c4        0xc c:/st/stm32cubeide_1.10.1/stm32cubeide/plugins/com.st.stm32cube.ide.mcu.externaltools.gnu-tools-for-stm32.10.3-2021.10.win32_1.0.0.202111181127/tools/bin/../lib/gcc/arm-none-eabi/10.3.1/../../../../arm-none-eabi/lib/thumb/v7-m/nofp\libc_nano.a(lib_a-mlock.o)
                0x00000000080080c4                __malloc_lock
 .text.__malloc_unlock
                0x00000000080080d0        0xc c:/st/stm32cubeide_1.10.1/stm32cubeide/plugins/com.st.stm32cube.ide.mcu.externaltools.gnu-tools-for-stm32.10.3-2021.10.win32_1.0.0.202111181127/tools/bin/../lib/gcc/arm-none-eabi/10.3.1/../../../../arm-none-eabi/lib/thumb/v7-m/nofp\libc_nano.a(lib_a-mlock.o)
                0x00000000080080d0                __malloc_unlock
 .text._raise_r
                0x00000000080080dc       0x50 c:/st/stm32cubeide_1.10.1/stm32cubeide/plugins/com.st.stm32cube.ide.mcu.externaltools.gnu-tools-for-stm32.10.3-2021.10.win32_1.0.0.202111181127/tools/bin/../lib/gcc/arm-none-eabi/10.3.1/../../../../arm-none-eabi/lib/thumb/v7-m/nofp\libc_nano.a(lib_a-signal.o)
                0x00000000080080dc                _raise_r
 .text.raise    0x000000000800812c       0x10 c:/st/stm32cubeide_1.10.1/stm32cubeide/plugins/com.st.stm32cube.ide.mcu.externaltools.gnu-tools-for-stm32.10.3-2021.10.win32_1.0.0.202111181127/tools/bin/../lib/gcc/arm-none-eabi/10.3.1/../../../../arm-none-eabi/lib/thumb/v7-m/nofp\libc_nano.a(lib_a-signal.o)
                0x000000000800812c                raise
 .text._kill_r  0x000000000800813c       0x24 c:/st/stm32cubeide_1.10.1/stm32cubeide/plugins/com.st.stm32cube.ide.mcu.externaltools.gnu-tools-for-stm32.10.3-2021.10.win32_1.0.0.202111181127/tools/bin/../lib/gcc/arm-none-eabi/10.3.1/../../../../arm-none-eabi/lib/thumb/v7-m/nofp\libc_nano.a(lib_a-signalr.o)
                0x000000000800813c                _kill_r
 .text._getpid_r
                0x0000000008008160        0x4 c:/st/stm32cubeide_1.10.1/stm32cubeide/plugins/com.st.stm32cube.ide.mcu.externaltools.gnu-tools-for-stm32.10.3-2021.10.win32_1.0.0.202111181127/tools/bin/../lib/gcc/arm-none-eabi/10.3.1/../../../../arm-none-eabi/lib/thumb/v7-m/nofp\libc_nano.a(lib_a-signalr.o)
                0x0000000008008160                _getpid_r
 .text.__sread  0x0000000008008164       0x22 c:/st/stm32cubeide_1.10.1/stm32cubeide/plugins/com.st.stm32cube.ide.mcu.externaltools.gnu-tools-for-stm32.10.3-2021.10.win32_1.0.0.202111181127/tools/bin/../lib/gcc/arm-none-eabi/10.3.1/../../../../arm-none-eabi/lib/thumb/v7-m/nofp\libc_nano.a(lib_a-stdio.o)
                0x0000000008008164                __sread
 .text.__swrite
                0x0000000008008186       0x38 c:/st/stm32cubeide_1.10.1/stm32cubeide/plugins/com.st.stm32cube.ide.mcu.externaltools.gnu-tools-for-stm32.10.3-2021.10.win32_1.0.0.202111181127/tools/bin/../lib/gcc/arm-none-eabi/10.3.1/../../../../arm-none-eabi/lib/thumb/v7-m/nofp\libc_nano.a(lib_a-stdio.o)
                0x0000000008008186                __swrite
 .text.__sseek  0x00000000080081be       0x24 c:/st/stm32cubeide_1.10.1/stm32cubeide/plugins/com.st.stm32cube.ide.mcu.externaltools.gnu-tools-for-stm32.10.3-2021.10.win32_1.0.0.202111181127/tools/bin/../lib/gcc/arm-none-eabi/10.3.1/../../../../arm-none-eabi/lib/thumb/v7-m/nofp\libc_nano.a(lib_a-stdio.o)
                0x00000000080081be                __sseek
 .text.__sclose
                0x00000000080081e2        0x8 c:/st/stm32cubeide_1.10.1/stm32cubeide/plugins/com.st.stm32cube.ide.mcu.externaltools.gnu-tools-for-stm32.10.3-2021.10.win32_1.0.0.202111181127/tools/bin/../lib/gcc/arm-none-eabi/10.3.1/../../../../arm-none-eabi/lib/thumb/v7-m/nofp\libc_nano.a(lib_a-stdio.o)
                0x00000000080081e2                __sclose
 *fill*         0x00000000080081ea        0x2 
 .text._write_r
                0x00000000080081ec       0x24 c:/st/stm32cubeide_1.10.1/stm32cubeide/plugins/com.st.stm32cube.ide.mcu.externaltools.gnu-tools-for-stm32.10.3-2021.10.win32_1.0.0.202111181127/tools/bin/../lib/gcc/arm-none-eabi/10.3.1/../../../../arm-none-eabi/lib/thumb/v7-m/nofp\libc_nano.a(lib_a-writer.o)
                0x00000000080081ec                _write_r
 .text._close_r
                0x0000000008008210       0x20 c:/st/stm32cubeide_1.10.1/stm32cubeide/plugins/com.st.stm32cube.ide.mcu.externaltools.gnu-tools-for-stm32.10.3-2021.10.win32_1.0.0.202111181127/tools/bin/../lib/gcc/arm-none-eabi/10.3.1/../../../../arm-none-eabi/lib/thumb/v7-m/nofp\libc_nano.a(lib_a-closer.o)
                0x0000000008008210                _close_r
 .text._fstat_r
                0x0000000008008230       0x24 c:/st/stm32cubeide_1.10.1/stm32cubeide/plugins/com.st.stm32cube.ide.mcu.externaltools.gnu-tools-for-stm32.10.3-2021.10.win32_1.0.0.202111181127/tools/bin/../lib/gcc/arm-none-eabi/10.3.1/../../../../arm-none-eabi/lib/thumb/v7-m/nofp\libc_nano.a(lib_a-fstatr.o)
                0x0000000008008230                _fstat_r
 .text._isatty_r
                0x0000000008008254       0x20 c:/st/stm32cubeide_1.10.1/stm32cubeide/plugins/com.st.stm32cube.ide.mcu.externaltools.gnu-tools-for-stm32.10.3-2021.10.win32_1.0.0.202111181127/tools/bin/../lib/gcc/arm-none-eabi/10.3.1/../../../../arm-none-eabi/lib/thumb/v7-m/nofp\libc_nano.a(lib_a-isattyr.o)
                0x0000000008008254                _isatty_r
 .text._lseek_r
                0x0000000008008274       0x24 c:/st/stm32cubeide_1.10.1/stm32cubeide/plugins/com.st.stm32cube.ide.mcu.externaltools.gnu-tools-for-stm32.10.3-2021.10.win32_1.0.0.202111181127/tools/bin/../lib/gcc/arm-none-eabi/10.3.1/../../../../arm-none-eabi/lib/thumb/v7-m/nofp\libc_nano.a(lib_a-lseekr.o)
                0x0000000008008274                _lseek_r
 .text._read_r  0x0000000008008298       0x24 c:/st/stm32cubeide_1.10.1/stm32cubeide/plugins/com.st.stm32cube.ide.mcu.externaltools.gnu-tools-for-stm32.10.3-2021.10.win32_1.0.0.202111181127/tools/bin/../lib/gcc/arm-none-eabi/10.3.1/../../../../arm-none-eabi/lib/thumb/v7-m/nofp\libc_nano.a(lib_a-readr.o)
                0x0000000008008298                _read_r
 *(.glue_7)
 .glue_7        0x00000000080082bc        0x0 linker stubs
 *(.glue_7t)
 .glue_7t       0x00000000080082bc        0x0 linker stubs
 *(.eh_frame)
 .eh_frame      0x00000000080082bc        0x0 c:/st/stm32cubeide_1.10.1/stm32cubeide/plugins/com.st.stm32cube.ide.mcu.externaltools.gnu-tools-for-stm32.10.3-2021.10.win32_1.0.0.202111181127/tools/bin/../lib/gcc/arm-none-eabi/10.3.1/thumb/v7-m/nofp/crtbegin.o
 *(.init)
 .init          0x00000000080082bc        0x4 c:/st/stm32cubeide_1.10.1/stm32cubeide/plugins/com.st.stm32cube.ide.mcu.externaltools.gnu-tools-for-stm32.10.3-2021.10.win32_1.0.0.202111181127/tools/bin/../lib/gcc/arm-none-eabi/10.3.1/thumb/v7-m/nofp/crti.o
                0x00000000080082bc                _init
 .init          0x00000000080082c0        0x8 c:/st/stm32cubeide_1.10.1/stm32cubeide/plugins/com.st.stm32cube.ide.mcu.externaltools.gnu-tools-for-stm32.10.3-2021.10.win32_1.0.0.202111181127/tools/bin/../lib/gcc/arm-none-eabi/10.3.1/thumb/v7-m/nofp/crtn.o
 *(.fini)
 .fini          0x00000000080082c8        0x4 c:/st/stm32cubeide_1.10.1/stm32cubeide/plugins/com.st.stm32cube.ide.mcu.externaltools.gnu-tools-for-stm32.10.3-2021.10.win32_1.0.0.202111181127/tools/bin/../lib/gcc/arm-none-eabi/10.3.1/thumb/v7-m/nofp/crti.o
                0x00000000080082c8                _fini
 .fini          0x00000000080082cc        0x8 c:/st/stm32cubeide_1.10.1/stm32cubeide/plugins/com.st.stm32cube.ide.mcu.externaltools.gnu-tools-for-stm32.10.3-2021.10.win32_1.0.0.202111181127/tools/bin/../lib/gcc/arm-none-eabi/10.3.1/thumb/v7-m/nofp/crtn.o
                0x00000000080082d4                . = ALIGN (0x4)
                0x00000000080082d4                _etext = .

.vfp11_veneer   0x00000000080082d4        0x0
 .vfp11_veneer  0x00000000080082d4        0x0 linker stubs

.v4_bx          0x00000000080082d4        0x0
 .v4_bx         0x00000000080082d4        0x0 linker stubs

.iplt           0x00000000080082d4        0x0
 .iplt          0x00000000080082d4        0x0 c:/st/stm32cubeide_1.10.1/stm32cubeide/plugins/com.st.stm32cube.ide.mcu.externaltools.gnu-tools-for-stm32.10.3-2021.10.win32_1.0.0.202111181127/tools/bin/../lib/gcc/arm-none-eabi/10.3.1/thumb/v7-m/nofp/crtbegin.o

.rodata         0x00000000080082d4     0x1e90
                0x00000000080082d4                . = ALIGN (0x4)
 *(.rodata)
 .rodata        0x00000000080082d4        0xd ./Core/Src/drv_LCD_ST7565_SPI.o
 *(.rodata*)
 *fill*         0x00000000080082e1        0x3 
 .rodata.ShutDownLB.str1.4
                0x00000000080082e4       0x37 ./Core/Src/common.o
 *fill*         0x000000000800831b        0x1 
 .rodata.ShutDown.str1.4
                0x000000000800831c        0xe ./Core/Src/common.o
 *fill*         0x000000000800832a        0x2 
 .rodata.LCD_printstr8x5.str1.4
                0x000000000800832c        0x5 ./Core/Src/drv_LCD_ST7565_SPI.o
 *fill*         0x0000000008008331        0x3 
 .rodata.GameStatusBar
                0x0000000008008334       0x80 ./Core/Src/drv_LCD_ST7565_SPI.o
 .rodata.battary_2
                0x00000000080083b4       0x78 ./Core/Src/drv_LCD_ST7565_SPI.o
 .rodata.bright_lvl
                0x000000000800842c       0x78 ./Core/Src/drv_LCD_ST7565_SPI.o
 .rodata.but_sel_hint
                0x00000000080084a4      0x400 ./Core/Src/drv_LCD_ST7565_SPI.o
 .rodata.char_8x5
                0x00000000080088a4      0x500 ./Core/Src/drv_LCD_ST7565_SPI.o
 .rodata.month  0x0000000008008da4       0x30 ./Core/Src/drv_LCD_ST7565_SPI.o
 .rodata.weekday
                0x0000000008008dd4       0x15 ./Core/Src/drv_LCD_ST7565_SPI.o
 *fill*         0x0000000008008de9        0x3 
 .rodata.setdatetime.str1.4
                0x0000000008008dec       0x1a ./Core/Src/mainmenu.o
 *fill*         0x0000000008008e06        0x2 
 .rodata.testscreen.str1.4
                0x0000000008008e08       0x26 ./Core/Src/mainmenu.o
 *fill*         0x0000000008008e2e        0x2 
 .rodata.MainMenu.str1.4
                0x0000000008008e30       0x51 ./Core/Src/mainmenu.o
 *fill*         0x0000000008008e81        0x3 
 .rodata.AHBPrescTable
                0x0000000008008e84       0x10 ./Core/Src/system_stm32f1xx.o
                0x0000000008008e84                AHBPrescTable
 .rodata.APBPrescTable
                0x0000000008008e94        0x8 ./Core/Src/system_stm32f1xx.o
                0x0000000008008e94                APBPrescTable
 .rodata.statehandler_gameinitnew.str1.4
                0x0000000008008e9c        0x9 ./Core/Src/ufo_battle.o
 *fill*         0x0000000008008ea5        0x3 
 .rodata.statehandler_gamerun.str1.4
                0x0000000008008ea8       0x42 ./Core/Src/ufo_battle.o
 *fill*         0x0000000008008eea        0x2 
 .rodata.statehandler_menumain.str1.4
                0x0000000008008eec       0x3a ./Core/Src/ufo_battle.o
 *fill*         0x0000000008008f26        0x2 
 .rodata.statehandler_menuload.str1.4
                0x0000000008008f28       0x16 ./Core/Src/ufo_battle.o
 *fill*         0x0000000008008f3e        0x2 
 .rodata.statehandler_menupause.str1.4
                0x0000000008008f40       0x25 ./Core/Src/ufo_battle.o
 *fill*         0x0000000008008f65        0x3 
 .rodata.statehandler_menusave.str1.4
                0x0000000008008f68       0x10 ./Core/Src/ufo_battle.o
 .rodata.statehandler_magazin.str1.4
                0x0000000008008f78       0x75 ./Core/Src/ufo_battle.o
 *fill*         0x0000000008008fed        0x3 
 .rodata.BombShards
                0x0000000008008ff0      0x258 ./Core/Src/ufo_battle.o
 .rodata.Magazin
                0x0000000008009248      0x1c0 ./Core/Src/ufo_battle.o
 .rodata.bomb   0x0000000008009408       0x20 ./Core/Src/ufo_battle.o
 .rodata.bomb_sprite
                0x0000000008009428       0x30 ./Core/Src/ufo_battle.o
 .rodata.bombshards_sprite
                0x0000000008009458       0x24 ./Core/Src/ufo_battle.o
 .rodata.bullet_sprite
                0x000000000800947c        0xc ./Core/Src/ufo_battle.o
 .rodata.coin   0x0000000008009488        0x8 ./Core/Src/ufo_battle.o
 .rodata.coin_sprite
                0x0000000008009490        0xc ./Core/Src/ufo_battle.o
 .rodata.distr_evilstar
                0x000000000800949c       0x38 ./Core/Src/ufo_battle.o
 .rodata.distr_evilstar_sprite
                0x00000000080094d4        0xc ./Core/Src/ufo_battle.o
 .rodata.evilstar
                0x00000000080094e0       0x38 ./Core/Src/ufo_battle.o
 .rodata.evilstar_sprite
                0x0000000008009518        0xc ./Core/Src/ufo_battle.o
 .rodata.gamer  0x0000000008009524       0x42 ./Core/Src/ufo_battle.o
 *fill*         0x0000000008009566        0x2 
 .rodata.gamer_bullet
                0x0000000008009568        0x4 ./Core/Src/ufo_battle.o
 .rodata.gamer_dead_0
                0x000000000800956c       0x42 ./Core/Src/ufo_battle.o
 *fill*         0x00000000080095ae        0x2 
 .rodata.gamer_dead_0_sprite
                0x00000000080095b0        0xc ./Core/Src/ufo_battle.o
 .rodata.gamer_dead_1
                0x00000000080095bc       0x42 ./Core/Src/ufo_battle.o
 *fill*         0x00000000080095fe        0x2 
 .rodata.gamer_dead_1_sprite
                0x0000000008009600        0xc ./Core/Src/ufo_battle.o
 .rodata.gamer_gas_sprite
                0x000000000800960c        0xc ./Core/Src/ufo_battle.o
 .rodata.gamer_gasmask
                0x0000000008009618       0x42 ./Core/Src/ufo_battle.o
 *fill*         0x000000000800965a        0x2 
 .rodata.gamer_sprite
                0x000000000800965c        0xc ./Core/Src/ufo_battle.o
 .rodata.gamestate_transition_table
                0x0000000008009668      0x168 ./Core/Src/ufo_battle.o
                0x0000000008009668                gamestate_transition_table
 .rodata.gamestory_string
                0x00000000080097d0      0x708 ./Core/Src/ufo_battle.o
 .rodata.magazin_sprite
                0x0000000008009ed8        0xc ./Core/Src/ufo_battle.o
 .rodata.minimag
                0x0000000008009ee4       0xa0 ./Core/Src/ufo_battle.o
 .rodata.minimag_sprite
                0x0000000008009f84        0xc ./Core/Src/ufo_battle.o
 .rodata.smallstar
                0x0000000008009f90       0x30 ./Core/Src/ufo_battle.o
 .rodata.smallstar_sprite
                0x0000000008009fc0       0x48 ./Core/Src/ufo_battle.o
 .rodata.HAL_RCC_ClockConfig.str1.4
                0x000000000800a008       0x11 ./Drivers/STM32F1xx_HAL_Driver/Src/stm32f1xx_hal_rcc.o
 .rodata.HAL_RCCEx_GetPeriphCLKFreq.str1.4
                0x000000000800a019       0x11 ./Drivers/STM32F1xx_HAL_Driver/Src/stm32f1xx_hal_rcc_ex.o
 *fill*         0x000000000800a019        0x3 
 .rodata._global_impure_ptr
                0x000000000800a01c        0x4 c:/st/stm32cubeide_1.10.1/stm32cubeide/plugins/com.st.stm32cube.ide.mcu.externaltools.gnu-tools-for-stm32.10.3-2021.10.win32_1.0.0.202111181127/tools/bin/../lib/gcc/arm-none-eabi/10.3.1/../../../../arm-none-eabi/lib/thumb/v7-m/nofp\libc_nano.a(lib_a-impure.o)
                0x000000000800a01c                _global_impure_ptr
 .rodata.srand.str1.1
                0x000000000800a020       0x72 c:/st/stm32cubeide_1.10.1/stm32cubeide/plugins/com.st.stm32cube.ide.mcu.externaltools.gnu-tools-for-stm32.10.3-2021.10.win32_1.0.0.202111181127/tools/bin/../lib/gcc/arm-none-eabi/10.3.1/../../../../arm-none-eabi/lib/thumb/v7-m/nofp\libc_nano.a(lib_a-rand.o)
 .rodata.__assert_func.str1.1
                0x000000000800a092       0x3c c:/st/stm32cubeide_1.10.1/stm32cubeide/plugins/com.st.stm32cube.ide.mcu.externaltools.gnu-tools-for-stm32.10.3-2021.10.win32_1.0.0.202111181127/tools/bin/../lib/gcc/arm-none-eabi/10.3.1/../../../../arm-none-eabi/lib/thumb/v7-m/nofp\libc_nano.a(lib_a-assert.o)
                                         0x3d (size before relaxing)
 .rodata._vfprintf_r.str1.1
                0x000000000800a0ce       0x11 c:/st/stm32cubeide_1.10.1/stm32cubeide/plugins/com.st.stm32cube.ide.mcu.externaltools.gnu-tools-for-stm32.10.3-2021.10.win32_1.0.0.202111181127/tools/bin/../lib/gcc/arm-none-eabi/10.3.1/../../../../arm-none-eabi/lib/thumb/v7-m/nofp\libc_nano.a(lib_a-nano-vfprintf.o)
 .rodata._printf_i.str1.1
                0x000000000800a0df       0x22 c:/st/stm32cubeide_1.10.1/stm32cubeide/plugins/com.st.stm32cube.ide.mcu.externaltools.gnu-tools-for-stm32.10.3-2021.10.win32_1.0.0.202111181127/tools/bin/../lib/gcc/arm-none-eabi/10.3.1/../../../../arm-none-eabi/lib/thumb/v7-m/nofp\libc_nano.a(lib_a-nano-vfprintf_i.o)
 *fill*         0x000000000800a101        0x3 
 .rodata.__sf_fake_stderr
                0x000000000800a104       0x20 c:/st/stm32cubeide_1.10.1/stm32cubeide/plugins/com.st.stm32cube.ide.mcu.externaltools.gnu-tools-for-stm32.10.3-2021.10.win32_1.0.0.202111181127/tools/bin/../lib/gcc/arm-none-eabi/10.3.1/../../../../arm-none-eabi/lib/thumb/v7-m/nofp\libc_nano.a(lib_a-findfp.o)
                0x000000000800a104                __sf_fake_stderr
 .rodata.__sf_fake_stdin
                0x000000000800a124       0x20 c:/st/stm32cubeide_1.10.1/stm32cubeide/plugins/com.st.stm32cube.ide.mcu.externaltools.gnu-tools-for-stm32.10.3-2021.10.win32_1.0.0.202111181127/tools/bin/../lib/gcc/arm-none-eabi/10.3.1/../../../../arm-none-eabi/lib/thumb/v7-m/nofp\libc_nano.a(lib_a-findfp.o)
                0x000000000800a124                __sf_fake_stdin
 .rodata.__sf_fake_stdout
                0x000000000800a144       0x20 c:/st/stm32cubeide_1.10.1/stm32cubeide/plugins/com.st.stm32cube.ide.mcu.externaltools.gnu-tools-for-stm32.10.3-2021.10.win32_1.0.0.202111181127/tools/bin/../lib/gcc/arm-none-eabi/10.3.1/../../../../arm-none-eabi/lib/thumb/v7-m/nofp\libc_nano.a(lib_a-findfp.o)
                0x000000000800a144                __sf_fake_stdout
                0x000000000800a164                . = ALIGN (0x4)

.rel.dyn        0x000000000800a164        0x0
 .rel.iplt      0x000000000800a164        0x0 c:/st/stm32cubeide_1.10.1/stm32cubeide/plugins/com.st.stm32cube.ide.mcu.externaltools.gnu-tools-for-stm32.10.3-2021.10.win32_1.0.0.202111181127/tools/bin/../lib/gcc/arm-none-eabi/10.3.1/thumb/v7-m/nofp/crtbegin.o

.ARM.extab      0x000000000800a164        0x0
                0x000000000800a164                . = ALIGN (0x4)
 *(.ARM.extab* .gnu.linkonce.armextab.*)
                0x000000000800a164                . = ALIGN (0x4)

.ARM            0x000000000800a164        0x0
                0x000000000800a164                . = ALIGN (0x4)
                0x000000000800a164                __exidx_start = .
 *(.ARM.exidx*)
                0x000000000800a164                __exidx_end = .
                0x000000000800a164                . = ALIGN (0x4)

.preinit_array  0x000000000800a164        0x0
                0x000000000800a164                . = ALIGN (0x4)
                0x000000000800a164                PROVIDE (__preinit_array_start = .)
 *(.preinit_array*)
                0x000000000800a164                PROVIDE (__preinit_array_end = .)
                0x000000000800a164                . = ALIGN (0x4)

.init_array     0x000000000800a164        0x4
                0x000000000800a164                . = ALIGN (0x4)
                0x000000000800a164                PROVIDE (__init_array_start = .)
 *(SORT_BY_NAME(.init_array.*))
 *(.init_array*)
 .init_array    0x000000000800a164        0x4 c:/st/stm32cubeide_1.10.1/stm32cubeide/plugins/com.st.stm32cube.ide.mcu.externaltools.gnu-tools-for-stm32.10.3-2021.10.win32_1.0.0.202111181127/tools/bin/../lib/gcc/arm-none-eabi/10.3.1/thumb/v7-m/nofp/crtbegin.o
                0x000000000800a168                PROVIDE (__init_array_end = .)
                0x000000000800a168                . = ALIGN (0x4)

.fini_array     0x000000000800a168        0x4
                0x000000000800a168                . = ALIGN (0x4)
                [!provide]                        PROVIDE (__fini_array_start = .)
 *(SORT_BY_NAME(.fini_array.*))
 *(.fini_array*)
 .fini_array    0x000000000800a168        0x4 c:/st/stm32cubeide_1.10.1/stm32cubeide/plugins/com.st.stm32cube.ide.mcu.externaltools.gnu-tools-for-stm32.10.3-2021.10.win32_1.0.0.202111181127/tools/bin/../lib/gcc/arm-none-eabi/10.3.1/thumb/v7-m/nofp/crtbegin.o
                [!provide]                        PROVIDE (__fini_array_end = .)
                0x000000000800a16c                . = ALIGN (0x4)
                0x000000000800a16c                _sidata = LOADADDR (.data)

.data           0x0000000020000000       0xb8 load address 0x000000000800a16c
                0x0000000020000000                . = ALIGN (0x4)
                0x0000000020000000                _sdata = .
 *(.data)
 *(.data*)
 .data.CFlags   0x0000000020000000        0x4 ./Core/Src/common.o
                0x0000000020000000                CFlags
 .data.Umax.2   0x0000000020000004        0x1 ./Core/Src/common.o
 .data.Umin.1   0x0000000020000005        0x1 ./Core/Src/common.o
 .data.brightPWM
                0x0000000020000006        0x1 ./Core/Src/common.o
                0x0000000020000006                brightPWM
 *fill*         0x0000000020000007        0x1 
 .data.SystemCoreClock
                0x0000000020000008        0x4 ./Core/Src/system_stm32f1xx.o
                0x0000000020000008                SystemCoreClock
 .data.MinMagaz
                0x000000002000000c        0x3 ./Core/Src/ufo_battle.o
                0x000000002000000c                MinMagaz
 .data.PRD_ENEMY_MOVE
                0x000000002000000f        0x1 ./Core/Src/ufo_battle.o
                0x000000002000000f                PRD_ENEMY_MOVE
 .data.PRD_ENEMY_MOVE_PREV
                0x0000000020000010        0x1 ./Core/Src/ufo_battle.o
                0x0000000020000010                PRD_ENEMY_MOVE_PREV
 *fill*         0x0000000020000011        0x3 
 .data.PRD_EVILSTAR_CREATE
                0x0000000020000014        0x4 ./Core/Src/ufo_battle.o
                0x0000000020000014                PRD_EVILSTAR_CREATE
 .data.PRD_EVILSTAR_CREATE_PREV
                0x0000000020000018        0x4 ./Core/Src/ufo_battle.o
                0x0000000020000018                PRD_EVILSTAR_CREATE_PREV
 .data.PRD_GAMER_ENERGYREGEN
                0x000000002000001c        0x4 ./Core/Src/ufo_battle.o
                0x000000002000001c                PRD_GAMER_ENERGYREGEN
 .data.deadgamerdrawcounter.5
                0x0000000020000020        0x1 ./Core/Src/ufo_battle.o
 .data.explosionanimcount.10
                0x0000000020000021        0x1 ./Core/Src/ufo_battle.o
 *fill*         0x0000000020000022        0x2 
 .data.gameslot1
                0x0000000020000024       0x14 ./Core/Src/ufo_battle.o
                0x0000000020000024                gameslot1
 .data.gameslot2
                0x0000000020000038       0x14 ./Core/Src/ufo_battle.o
                0x0000000020000038                gameslot2
 .data.j.1      0x000000002000004c        0x1 ./Core/Src/ufo_battle.o
 .data.k.2      0x000000002000004d        0x1 ./Core/Src/ufo_battle.o
 .data.uwTickFreq
                0x000000002000004e        0x1 ./Drivers/STM32F1xx_HAL_Driver/Src/stm32f1xx_hal.o
                0x000000002000004e                uwTickFreq
 *fill*         0x000000002000004f        0x1 
 .data.uwTickPrio
                0x0000000020000050        0x4 ./Drivers/STM32F1xx_HAL_Driver/Src/stm32f1xx_hal.o
                0x0000000020000050                uwTickPrio
 .data._impure_ptr
                0x0000000020000054        0x4 c:/st/stm32cubeide_1.10.1/stm32cubeide/plugins/com.st.stm32cube.ide.mcu.externaltools.gnu-tools-for-stm32.10.3-2021.10.win32_1.0.0.202111181127/tools/bin/../lib/gcc/arm-none-eabi/10.3.1/../../../../arm-none-eabi/lib/thumb/v7-m/nofp\libc_nano.a(lib_a-impure.o)
                0x0000000020000054                _impure_ptr
 .data.impure_data
                0x0000000020000058       0x60 c:/st/stm32cubeide_1.10.1/stm32cubeide/plugins/com.st.stm32cube.ide.mcu.externaltools.gnu-tools-for-stm32.10.3-2021.10.win32_1.0.0.202111181127/tools/bin/../lib/gcc/arm-none-eabi/10.3.1/../../../../arm-none-eabi/lib/thumb/v7-m/nofp\libc_nano.a(lib_a-impure.o)
 *(.RamFunc)
 *(.RamFunc*)
                0x00000000200000b8                . = ALIGN (0x4)
                0x00000000200000b8                _edata = .

.igot.plt       0x00000000200000b8        0x0 load address 0x000000000800a224
 .igot.plt      0x00000000200000b8        0x0 c:/st/stm32cubeide_1.10.1/stm32cubeide/plugins/com.st.stm32cube.ide.mcu.externaltools.gnu-tools-for-stm32.10.3-2021.10.win32_1.0.0.202111181127/tools/bin/../lib/gcc/arm-none-eabi/10.3.1/thumb/v7-m/nofp/crtbegin.o
                0x00000000200000b8                . = ALIGN (0x4)

.bss            0x00000000200000b8      0x778 load address 0x000000000800a224
                0x00000000200000b8                _sbss = .
                0x00000000200000b8                __bss_start__ = _sbss
 *(.bss)
 .bss           0x00000000200000b8       0x1c c:/st/stm32cubeide_1.10.1/stm32cubeide/plugins/com.st.stm32cube.ide.mcu.externaltools.gnu-tools-for-stm32.10.3-2021.10.win32_1.0.0.202111181127/tools/bin/../lib/gcc/arm-none-eabi/10.3.1/thumb/v7-m/nofp/crtbegin.o
 *(.bss*)
 .bss.B1        0x00000000200000d4       0x18 ./Core/Src/common.o
                0x00000000200000d4                B1
 .bss.B2        0x00000000200000ec       0x18 ./Core/Src/common.o
                0x00000000200000ec                B2
 .bss.B3        0x0000000020000104       0x18 ./Core/Src/common.o
                0x0000000020000104                B3
 .bss.B4        0x000000002000011c       0x18 ./Core/Src/common.o
                0x000000002000011c                B4
 .bss.Ubat      0x0000000020000134        0x1 ./Core/Src/common.o
                0x0000000020000134                Ubat
 .bss.batlvl    0x0000000020000135        0x1 ./Core/Src/common.o
                0x0000000020000135                batlvl
 .bss.brightlvl
                0x0000000020000136        0x1 ./Core/Src/common.o
                0x0000000020000136                brightlvl
 *fill*         0x0000000020000137        0x1 
 .bss.joystick  0x0000000020000138        0x3 ./Core/Src/common.o
                0x0000000020000138                joystick
 .bss.reslvl.0  0x000000002000013b        0x1 ./Core/Src/common.o
 .bss.rtcbcd    0x000000002000013c        0x7 ./Core/Src/common.o
                0x000000002000013c                rtcbcd
 *fill*         0x0000000020000143        0x1 
 .bss.rtcraw    0x0000000020000144        0x7 ./Core/Src/common.o
                0x0000000020000144                rtcraw
 *fill*         0x000000002000014b        0x1 
 .bss.timestamp
                0x000000002000014c        0x4 ./Core/Src/common.o
                0x000000002000014c                timestamp
 .bss.bufcl     0x0000000020000150        0x1 ./Core/Src/drv_LCD_ST7565_SPI.o
                0x0000000020000150                bufcl
 .bss.bufpg     0x0000000020000151        0x1 ./Core/Src/drv_LCD_ST7565_SPI.o
                0x0000000020000151                bufpg
 *fill*         0x0000000020000152        0x2 
 .bss.dispbuffer
                0x0000000020000154      0x400 ./Core/Src/drv_LCD_ST7565_SPI.o
                0x0000000020000154                dispbuffer
 .bss.ADC_data  0x0000000020000554        0x6 ./Core/Src/main.o
                0x0000000020000554                ADC_data
 .bss.adc_complete_fl
                0x000000002000055a        0x1 ./Core/Src/main.o
                0x000000002000055a                adc_complete_fl
 *fill*         0x000000002000055b        0x1 
 .bss.hadc1     0x000000002000055c       0x30 ./Core/Src/main.o
                0x000000002000055c                hadc1
 .bss.hdma_adc1
                0x000000002000058c       0x44 ./Core/Src/main.o
                0x000000002000058c                hdma_adc1
 .bss.hrtc      0x00000000200005d0       0x14 ./Core/Src/main.o
                0x00000000200005d0                hrtc
 .bss.hspi2     0x00000000200005e4       0x58 ./Core/Src/main.o
                0x00000000200005e4                hspi2
 .bss.htim1     0x000000002000063c       0x48 ./Core/Src/main.o
                0x000000002000063c                htim1
 .bss.timer_adc.0
                0x0000000020000684        0x4 ./Core/Src/main.o
 .bss.SchedulerEvent
                0x0000000020000688       0xa0 ./Core/Src/scheduler.o
                0x0000000020000688                SchedulerEvent
 .bss.SchedulerRegistredEvents
                0x0000000020000728        0x1 ./Core/Src/scheduler.o
 *fill*         0x0000000020000729        0x3 
 .bss.__sbrk_heap_end
                0x000000002000072c        0x4 ./Core/Src/sysmem.o
 .bss.Bomb      0x0000000020000730        0x8 ./Core/Src/ufo_battle.o
                0x0000000020000730                Bomb
 .bss.Bullet    0x0000000020000738       0x36 ./Core/Src/ufo_battle.o
                0x0000000020000738                Bullet
 *fill*         0x000000002000076e        0x2 
 .bss.Coin      0x0000000020000770       0x28 ./Core/Src/ufo_battle.o
                0x0000000020000770                Coin
 .bss.EvilStar  0x0000000020000798       0x28 ./Core/Src/ufo_battle.o
                0x0000000020000798                EvilStar
 .bss.GAME_STORY_STRING_NUM
                0x00000000200007c0        0x1 ./Core/Src/ufo_battle.o
                0x00000000200007c0                GAME_STORY_STRING_NUM
 *fill*         0x00000000200007c1        0x3 
 .bss.Game      0x00000000200007c4        0x6 ./Core/Src/ufo_battle.o
                0x00000000200007c4                Game
 *fill*         0x00000000200007ca        0x2 
 .bss.GameFlags
                0x00000000200007cc        0x4 ./Core/Src/ufo_battle.o
                0x00000000200007cc                GameFlags
 .bss.Gamer     0x00000000200007d0       0x10 ./Core/Src/ufo_battle.o
                0x00000000200007d0                Gamer
 .bss.SmallStar
                0x00000000200007e0       0x24 ./Core/Src/ufo_battle.o
                0x00000000200007e0                SmallStar
 .bss.counter.0
                0x0000000020000804        0x1 ./Core/Src/ufo_battle.o
 .bss.counter.6
                0x0000000020000805        0x1 ./Core/Src/ufo_battle.o
 .bss.coursorpos
                0x0000000020000806        0x1 ./Core/Src/ufo_battle.o
                0x0000000020000806                coursorpos
 .bss.gameevent
                0x0000000020000807        0x1 ./Core/Src/ufo_battle.o
                0x0000000020000807                gameevent
 .bss.gamestate
                0x0000000020000808        0x1 ./Core/Src/ufo_battle.o
                0x0000000020000808                gamestate
 .bss.i.13      0x0000000020000809        0x1 ./Core/Src/ufo_battle.o
 .bss.i.15      0x000000002000080a        0x1 ./Core/Src/ufo_battle.o
 .bss.i.16      0x000000002000080b        0x1 ./Core/Src/ufo_battle.o
 .bss.k.8       0x000000002000080c        0x1 ./Core/Src/ufo_battle.o
 .bss.l.7       0x000000002000080d        0x1 ./Core/Src/ufo_battle.o
 *fill*         0x000000002000080e        0x2 
 .bss.prd.11    0x0000000020000810        0x4 ./Core/Src/ufo_battle.o
 .bss.prd.12    0x0000000020000814        0x1 ./Core/Src/ufo_battle.o
 .bss.prd.14    0x0000000020000815        0x1 ./Core/Src/ufo_battle.o
 .bss.prd.9     0x0000000020000816        0x1 ./Core/Src/ufo_battle.o
 .bss.somethinghappen.3
                0x0000000020000817        0x1 ./Core/Src/ufo_battle.o
 .bss.somethinghappen.4
                0x0000000020000818        0x1 ./Core/Src/ufo_battle.o
 *fill*         0x0000000020000819        0x3 
 .bss.uwTick    0x000000002000081c        0x4 ./Drivers/STM32F1xx_HAL_Driver/Src/stm32f1xx_hal.o
                0x000000002000081c                uwTick
 .bss.__malloc_free_list
                0x0000000020000820        0x4 c:/st/stm32cubeide_1.10.1/stm32cubeide/plugins/com.st.stm32cube.ide.mcu.externaltools.gnu-tools-for-stm32.10.3-2021.10.win32_1.0.0.202111181127/tools/bin/../lib/gcc/arm-none-eabi/10.3.1/../../../../arm-none-eabi/lib/thumb/v7-m/nofp\libc_nano.a(lib_a-nano-mallocr.o)
                0x0000000020000820                __malloc_free_list
 .bss.__malloc_sbrk_start
                0x0000000020000824        0x4 c:/st/stm32cubeide_1.10.1/stm32cubeide/plugins/com.st.stm32cube.ide.mcu.externaltools.gnu-tools-for-stm32.10.3-2021.10.win32_1.0.0.202111181127/tools/bin/../lib/gcc/arm-none-eabi/10.3.1/../../../../arm-none-eabi/lib/thumb/v7-m/nofp\libc_nano.a(lib_a-nano-mallocr.o)
                0x0000000020000824                __malloc_sbrk_start
 .bss.__lock___malloc_recursive_mutex
                0x0000000020000828        0x1 c:/st/stm32cubeide_1.10.1/stm32cubeide/plugins/com.st.stm32cube.ide.mcu.externaltools.gnu-tools-for-stm32.10.3-2021.10.win32_1.0.0.202111181127/tools/bin/../lib/gcc/arm-none-eabi/10.3.1/../../../../arm-none-eabi/lib/thumb/v7-m/nofp\libc_nano.a(lib_a-lock.o)
                0x0000000020000828                __lock___malloc_recursive_mutex
 .bss.__lock___sfp_recursive_mutex
                0x0000000020000829        0x1 c:/st/stm32cubeide_1.10.1/stm32cubeide/plugins/com.st.stm32cube.ide.mcu.externaltools.gnu-tools-for-stm32.10.3-2021.10.win32_1.0.0.202111181127/tools/bin/../lib/gcc/arm-none-eabi/10.3.1/../../../../arm-none-eabi/lib/thumb/v7-m/nofp\libc_nano.a(lib_a-lock.o)
                0x0000000020000829                __lock___sfp_recursive_mutex
 .bss.__lock___sinit_recursive_mutex
                0x000000002000082a        0x1 c:/st/stm32cubeide_1.10.1/stm32cubeide/plugins/com.st.stm32cube.ide.mcu.externaltools.gnu-tools-for-stm32.10.3-2021.10.win32_1.0.0.202111181127/tools/bin/../lib/gcc/arm-none-eabi/10.3.1/../../../../arm-none-eabi/lib/thumb/v7-m/nofp\libc_nano.a(lib_a-lock.o)
                0x000000002000082a                __lock___sinit_recursive_mutex
 *fill*         0x000000002000082b        0x1 
 .bss.errno     0x000000002000082c        0x4 c:/st/stm32cubeide_1.10.1/stm32cubeide/plugins/com.st.stm32cube.ide.mcu.externaltools.gnu-tools-for-stm32.10.3-2021.10.win32_1.0.0.202111181127/tools/bin/../lib/gcc/arm-none-eabi/10.3.1/../../../../arm-none-eabi/lib/thumb/v7-m/nofp\libc_nano.a(lib_a-reent.o)
                0x000000002000082c                errno
 *(COMMON)
                0x0000000020000830                . = ALIGN (0x4)
                0x0000000020000830                _ebss = .
                0x0000000020000830                __bss_end__ = _ebss

._user_heap_stack
                0x0000000020000830      0x600 load address 0x000000000800a224
                0x0000000020000830                . = ALIGN (0x8)
                [!provide]                        PROVIDE (end = .)
                0x0000000020000830                PROVIDE (_end = .)
                0x0000000020000a30                . = (. + _Min_Heap_Size)
 *fill*         0x0000000020000830      0x200 
                0x0000000020000e30                . = (. + _Min_Stack_Size)
 *fill*         0x0000000020000a30      0x400 
                0x0000000020000e30                . = ALIGN (0x8)

/DISCARD/
 libc.a(*)
 libm.a(*)
 libgcc.a(*)

.ARM.attributes
                0x0000000000000000       0x29
 *(.ARM.attributes)
 .ARM.attributes
                0x0000000000000000       0x1d c:/st/stm32cubeide_1.10.1/stm32cubeide/plugins/com.st.stm32cube.ide.mcu.externaltools.gnu-tools-for-stm32.10.3-2021.10.win32_1.0.0.202111181127/tools/bin/../lib/gcc/arm-none-eabi/10.3.1/thumb/v7-m/nofp/crti.o
 .ARM.attributes
                0x000000000000001d       0x2d c:/st/stm32cubeide_1.10.1/stm32cubeide/plugins/com.st.stm32cube.ide.mcu.externaltools.gnu-tools-for-stm32.10.3-2021.10.win32_1.0.0.202111181127/tools/bin/../lib/gcc/arm-none-eabi/10.3.1/thumb/v7-m/nofp/crtbegin.o
 .ARM.attributes
                0x000000000000004a       0x29 ./Core/Src/common.o
 .ARM.attributes
                0x0000000000000073       0x29 ./Core/Src/drv_LCD_ST7565_SPI.o
 .ARM.attributes
                0x000000000000009c       0x29 ./Core/Src/main.o
 .ARM.attributes
                0x00000000000000c5       0x29 ./Core/Src/mainmenu.o
 .ARM.attributes
                0x00000000000000ee       0x29 ./Core/Src/scheduler.o
 .ARM.attributes
                0x0000000000000117       0x29 ./Core/Src/stm32f1xx_hal_msp.o
 .ARM.attributes
                0x0000000000000140       0x29 ./Core/Src/stm32f1xx_it.o
 .ARM.attributes
                0x0000000000000169       0x29 ./Core/Src/syscalls.o
 .ARM.attributes
                0x0000000000000192       0x29 ./Core/Src/sysmem.o
 .ARM.attributes
                0x00000000000001bb       0x29 ./Core/Src/system_stm32f1xx.o
 .ARM.attributes
                0x00000000000001e4       0x29 ./Core/Src/ufo_battle.o
 .ARM.attributes
                0x000000000000020d       0x21 ./Core/Startup/startup_stm32f103c8tx.o
 .ARM.attributes
                0x000000000000022e       0x29 ./Drivers/STM32F1xx_HAL_Driver/Src/stm32f1xx_hal.o
 .ARM.attributes
                0x0000000000000257       0x29 ./Drivers/STM32F1xx_HAL_Driver/Src/stm32f1xx_hal_adc.o
 .ARM.attributes
                0x0000000000000280       0x29 ./Drivers/STM32F1xx_HAL_Driver/Src/stm32f1xx_hal_cortex.o
 .ARM.attributes
                0x00000000000002a9       0x29 ./Drivers/STM32F1xx_HAL_Driver/Src/stm32f1xx_hal_dma.o
 .ARM.attributes
                0x00000000000002d2       0x29 ./Drivers/STM32F1xx_HAL_Driver/Src/stm32f1xx_hal_gpio.o
 .ARM.attributes
                0x00000000000002fb       0x29 ./Drivers/STM32F1xx_HAL_Driver/Src/stm32f1xx_hal_pwr.o
 .ARM.attributes
                0x0000000000000324       0x29 ./Drivers/STM32F1xx_HAL_Driver/Src/stm32f1xx_hal_rcc.o
 .ARM.attributes
                0x000000000000034d       0x29 ./Drivers/STM32F1xx_HAL_Driver/Src/stm32f1xx_hal_rcc_ex.o
 .ARM.attributes
                0x0000000000000376       0x29 ./Drivers/STM32F1xx_HAL_Driver/Src/stm32f1xx_hal_rtc.o
 .ARM.attributes
                0x000000000000039f       0x29 ./Drivers/STM32F1xx_HAL_Driver/Src/stm32f1xx_hal_spi.o
 .ARM.attributes
                0x00000000000003c8       0x29 ./Drivers/STM32F1xx_HAL_Driver/Src/stm32f1xx_hal_tim.o
 .ARM.attributes
                0x00000000000003f1       0x29 ./Drivers/STM32F1xx_HAL_Driver/Src/stm32f1xx_hal_tim_ex.o
 .ARM.attributes
                0x000000000000041a       0x2d c:/st/stm32cubeide_1.10.1/stm32cubeide/plugins/com.st.stm32cube.ide.mcu.externaltools.gnu-tools-for-stm32.10.3-2021.10.win32_1.0.0.202111181127/tools/bin/../lib/gcc/arm-none-eabi/10.3.1/../../../../arm-none-eabi/lib/thumb/v7-m/nofp\libc_nano.a(lib_a-errno.o)
 .ARM.attributes
                0x0000000000000447       0x2d c:/st/stm32cubeide_1.10.1/stm32cubeide/plugins/com.st.stm32cube.ide.mcu.externaltools.gnu-tools-for-stm32.10.3-2021.10.win32_1.0.0.202111181127/tools/bin/../lib/gcc/arm-none-eabi/10.3.1/../../../../arm-none-eabi/lib/thumb/v7-m/nofp\libc_nano.a(lib_a-impure.o)
 .ARM.attributes
                0x0000000000000474       0x2d c:/st/stm32cubeide_1.10.1/stm32cubeide/plugins/com.st.stm32cube.ide.mcu.externaltools.gnu-tools-for-stm32.10.3-2021.10.win32_1.0.0.202111181127/tools/bin/../lib/gcc/arm-none-eabi/10.3.1/../../../../arm-none-eabi/lib/thumb/v7-m/nofp\libc_nano.a(lib_a-init.o)
 .ARM.attributes
                0x00000000000004a1       0x2d c:/st/stm32cubeide_1.10.1/stm32cubeide/plugins/com.st.stm32cube.ide.mcu.externaltools.gnu-tools-for-stm32.10.3-2021.10.win32_1.0.0.202111181127/tools/bin/../lib/gcc/arm-none-eabi/10.3.1/../../../../arm-none-eabi/lib/thumb/v7-m/nofp\libc_nano.a(lib_a-memset.o)
 .ARM.attributes
                0x00000000000004ce       0x2d c:/st/stm32cubeide_1.10.1/stm32cubeide/plugins/com.st.stm32cube.ide.mcu.externaltools.gnu-tools-for-stm32.10.3-2021.10.win32_1.0.0.202111181127/tools/bin/../lib/gcc/arm-none-eabi/10.3.1/../../../../arm-none-eabi/lib/thumb/v7-m/nofp\libc_nano.a(lib_a-rand.o)
 .ARM.attributes
                0x00000000000004fb       0x2d c:/st/stm32cubeide_1.10.1/stm32cubeide/plugins/com.st.stm32cube.ide.mcu.externaltools.gnu-tools-for-stm32.10.3-2021.10.win32_1.0.0.202111181127/tools/bin/../lib/gcc/arm-none-eabi/10.3.1/../../../../arm-none-eabi/lib/thumb/v7-m/nofp\libc_nano.a(lib_a-assert.o)
 .ARM.attributes
                0x0000000000000528       0x2d c:/st/stm32cubeide_1.10.1/stm32cubeide/plugins/com.st.stm32cube.ide.mcu.externaltools.gnu-tools-for-stm32.10.3-2021.10.win32_1.0.0.202111181127/tools/bin/../lib/gcc/arm-none-eabi/10.3.1/../../../../arm-none-eabi/lib/thumb/v7-m/nofp\libc_nano.a(lib_a-fprintf.o)
 .ARM.attributes
                0x0000000000000555       0x2d c:/st/stm32cubeide_1.10.1/stm32cubeide/plugins/com.st.stm32cube.ide.mcu.externaltools.gnu-tools-for-stm32.10.3-2021.10.win32_1.0.0.202111181127/tools/bin/../lib/gcc/arm-none-eabi/10.3.1/../../../../arm-none-eabi/lib/thumb/v7-m/nofp\libc_nano.a(lib_a-malloc.o)
 .ARM.attributes
                0x0000000000000582       0x2d c:/st/stm32cubeide_1.10.1/stm32cubeide/plugins/com.st.stm32cube.ide.mcu.externaltools.gnu-tools-for-stm32.10.3-2021.10.win32_1.0.0.202111181127/tools/bin/../lib/gcc/arm-none-eabi/10.3.1/../../../../arm-none-eabi/lib/thumb/v7-m/nofp\libc_nano.a(lib_a-nano-freer.o)
 .ARM.attributes
                0x00000000000005af       0x2d c:/st/stm32cubeide_1.10.1/stm32cubeide/plugins/com.st.stm32cube.ide.mcu.externaltools.gnu-tools-for-stm32.10.3-2021.10.win32_1.0.0.202111181127/tools/bin/../lib/gcc/arm-none-eabi/10.3.1/../../../../arm-none-eabi/lib/thumb/v7-m/nofp\libc_nano.a(lib_a-nano-mallocr.o)
 .ARM.attributes
                0x00000000000005dc       0x2d c:/st/stm32cubeide_1.10.1/stm32cubeide/plugins/com.st.stm32cube.ide.mcu.externaltools.gnu-tools-for-stm32.10.3-2021.10.win32_1.0.0.202111181127/tools/bin/../lib/gcc/arm-none-eabi/10.3.1/../../../../arm-none-eabi/lib/thumb/v7-m/nofp\libc_nano.a(lib_a-nano-vfprintf.o)
 .ARM.attributes
                0x0000000000000609       0x2d c:/st/stm32cubeide_1.10.1/stm32cubeide/plugins/com.st.stm32cube.ide.mcu.externaltools.gnu-tools-for-stm32.10.3-2021.10.win32_1.0.0.202111181127/tools/bin/../lib/gcc/arm-none-eabi/10.3.1/../../../../arm-none-eabi/lib/thumb/v7-m/nofp\libc_nano.a(lib_a-nano-vfprintf_i.o)
 .ARM.attributes
                0x0000000000000636       0x2d c:/st/stm32cubeide_1.10.1/stm32cubeide/plugins/com.st.stm32cube.ide.mcu.externaltools.gnu-tools-for-stm32.10.3-2021.10.win32_1.0.0.202111181127/tools/bin/../lib/gcc/arm-none-eabi/10.3.1/../../../../arm-none-eabi/lib/thumb/v7-m/nofp\libc_nano.a(lib_a-sbrkr.o)
 .ARM.attributes
                0x0000000000000663       0x2d c:/st/stm32cubeide_1.10.1/stm32cubeide/plugins/com.st.stm32cube.ide.mcu.externaltools.gnu-tools-for-stm32.10.3-2021.10.win32_1.0.0.202111181127/tools/bin/../lib/gcc/arm-none-eabi/10.3.1/../../../../arm-none-eabi/lib/thumb/v7-m/nofp\libc_nano.a(lib_a-wbuf.o)
 .ARM.attributes
                0x0000000000000690       0x2d c:/st/stm32cubeide_1.10.1/stm32cubeide/plugins/com.st.stm32cube.ide.mcu.externaltools.gnu-tools-for-stm32.10.3-2021.10.win32_1.0.0.202111181127/tools/bin/../lib/gcc/arm-none-eabi/10.3.1/../../../../arm-none-eabi/lib/thumb/v7-m/nofp\libc_nano.a(lib_a-wsetup.o)
 .ARM.attributes
                0x00000000000006bd       0x2d c:/st/stm32cubeide_1.10.1/stm32cubeide/plugins/com.st.stm32cube.ide.mcu.externaltools.gnu-tools-for-stm32.10.3-2021.10.win32_1.0.0.202111181127/tools/bin/../lib/gcc/arm-none-eabi/10.3.1/../../../../arm-none-eabi/lib/thumb/v7-m/nofp\libc_nano.a(lib_a-abort.o)
 .ARM.attributes
                0x00000000000006ea       0x2d c:/st/stm32cubeide_1.10.1/stm32cubeide/plugins/com.st.stm32cube.ide.mcu.externaltools.gnu-tools-for-stm32.10.3-2021.10.win32_1.0.0.202111181127/tools/bin/../lib/gcc/arm-none-eabi/10.3.1/../../../../arm-none-eabi/lib/thumb/v7-m/nofp\libc_nano.a(lib_a-fflush.o)
 .ARM.attributes
                0x0000000000000717       0x2d c:/st/stm32cubeide_1.10.1/stm32cubeide/plugins/com.st.stm32cube.ide.mcu.externaltools.gnu-tools-for-stm32.10.3-2021.10.win32_1.0.0.202111181127/tools/bin/../lib/gcc/arm-none-eabi/10.3.1/../../../../arm-none-eabi/lib/thumb/v7-m/nofp\libc_nano.a(lib_a-findfp.o)
 .ARM.attributes
                0x0000000000000744       0x2d c:/st/stm32cubeide_1.10.1/stm32cubeide/plugins/com.st.stm32cube.ide.mcu.externaltools.gnu-tools-for-stm32.10.3-2021.10.win32_1.0.0.202111181127/tools/bin/../lib/gcc/arm-none-eabi/10.3.1/../../../../arm-none-eabi/lib/thumb/v7-m/nofp\libc_nano.a(lib_a-fwalk.o)
 .ARM.attributes
                0x0000000000000771       0x2d c:/st/stm32cubeide_1.10.1/stm32cubeide/plugins/com.st.stm32cube.ide.mcu.externaltools.gnu-tools-for-stm32.10.3-2021.10.win32_1.0.0.202111181127/tools/bin/../lib/gcc/arm-none-eabi/10.3.1/../../../../arm-none-eabi/lib/thumb/v7-m/nofp\libc_nano.a(lib_a-lock.o)
 .ARM.attributes
                0x000000000000079e       0x2d c:/st/stm32cubeide_1.10.1/stm32cubeide/plugins/com.st.stm32cube.ide.mcu.externaltools.gnu-tools-for-stm32.10.3-2021.10.win32_1.0.0.202111181127/tools/bin/../lib/gcc/arm-none-eabi/10.3.1/../../../../arm-none-eabi/lib/thumb/v7-m/nofp\libc_nano.a(lib_a-makebuf.o)
 .ARM.attributes