Archive member included to satisfy reference by file (symbol)

C:/ST/STM32CubeIDE_1.17.0/STM32CubeIDE/plugins/com.st.stm32cube.ide.mcu.externaltools.gnu-tools-for-stm32.12.3.rel1.win32_1.1.0.202410251130/tools/bin/../lib/gcc/arm-none-eabi/12.3.1/../../../../arm-none-eabi/lib/thumb/v7-m/nofp\libc_nano.a(libc_a-exit.o)
                              C:/ST/STM32CubeIDE_1.17.0/STM32CubeIDE/plugins/com.st.stm32cube.ide.mcu.externaltools.gnu-tools-for-stm32.12.3.rel1.win32_1.1.0.202410251130/tools/bin/../lib/gcc/arm-none-eabi/12.3.1/../../../../arm-none-eabi/lib/thumb/v7-m/nofp/crt0.o (exit)
C:/ST/STM32CubeIDE_1.17.0/STM32CubeIDE/plugins/com.st.stm32cube.ide.mcu.externaltools.gnu-tools-for-stm32.12.3.rel1.win32_1.1.0.202410251130/tools/bin/../lib/gcc/arm-none-eabi/12.3.1/../../../../arm-none-eabi/lib/thumb/v7-m/nofp\libc_nano.a(libc_a-rand.o)
                              ./Core/Src/common.o (srand)
C:/ST/STM32CubeIDE_1.17.0/STM32CubeIDE/plugins/com.st.stm32cube.ide.mcu.externaltools.gnu-tools-for-stm32.12.3.rel1.win32_1.1.0.202410251130/tools/bin/../lib/gcc/arm-none-eabi/12.3.1/../../../../arm-none-eabi/lib/thumb/v7-m/nofp\libc_nano.a(libc_a-findfp.o)
                              C:/ST/STM32CubeIDE_1.17.0/STM32CubeIDE/plugins/com.st.stm32cube.ide.mcu.externaltools.gnu-tools-for-stm32.12.3.rel1.win32_1.1.0.202410251130/tools/bin/../lib/gcc/arm-none-eabi/12.3.1/../../../../arm-none-eabi/lib/thumb/v7-m/nofp\libc_nano.a(libc_a-exit.o) (__stdio_exit_handler)
C:/ST/STM32CubeIDE_1.17.0/STM32CubeIDE/plugins/com.st.stm32cube.ide.mcu.externaltools.gnu-tools-for-stm32.12.3.rel1.win32_1.1.0.202410251130/tools/bin/../lib/gcc/arm-none-eabi/12.3.1/../../../../arm-none-eabi/lib/thumb/v7-m/nofp\libc_nano.a(libc_a-fwalk.o)
                              C:/ST/STM32CubeIDE_1.17.0/STM32CubeIDE/plugins/com.st.stm32cube.ide.mcu.externaltools.gnu-tools-for-stm32.12.3.rel1.win32_1.1.0.202410251130/tools/bin/../lib/gcc/arm-none-eabi/12.3.1/../../../../arm-none-eabi/lib/thumb/v7-m/nofp\libc_nano.a(libc_a-findfp.o) (_fwalk_sglue)
C:/ST/STM32CubeIDE_1.17.0/STM32CubeIDE/plugins/com.st.stm32cube.ide.mcu.externaltools.gnu-tools-for-stm32.12.3.rel1.win32_1.1.0.202410251130/tools/bin/../lib/gcc/arm-none-eabi/12.3.1/../../../../arm-none-eabi/lib/thumb/v7-m/nofp\libc_nano.a(libc_a-stdio.o)
                              C:/ST/STM32CubeIDE_1.17.0/STM32CubeIDE/plugins/com.st.stm32cube.ide.mcu.externaltools.gnu-tools-for-stm32.12.3.rel1.win32_1.1.0.202410251130/tools/bin/../lib/gcc/arm-none-eabi/12.3.1/../../../../arm-none-eabi/lib/thumb/v7-m/nofp\libc_nano.a(libc_a-findfp.o) (__sread)
C:/ST/STM32CubeIDE_1.17.0/STM32CubeIDE/plugins/com.st.stm32cube.ide.mcu.externaltools.gnu-tools-for-stm32.12.3.rel1.win32_1.1.0.202410251130/tools/bin/../lib/gcc/arm-none-eabi/12.3.1/../../../../arm-none-eabi/lib/thumb/v7-m/nofp\libc_nano.a(libc_a-memset.o)
                              C:/ST/STM32CubeIDE_1.17.0/STM32CubeIDE/plugins/com.st.stm32cube.ide.mcu.externaltools.gnu-tools-for-stm32.12.3.rel1.win32_1.1.0.202410251130/tools/bin/../lib/gcc/arm-none-eabi/12.3.1/../../../../arm-none-eabi/lib/thumb/v7-m/nofp/crt0.o (memset)
C:/ST/STM32CubeIDE_1.17.0/STM32CubeIDE/plugins/com.st.stm32cube.ide.mcu.externaltools.gnu-tools-for-stm32.12.3.rel1.win32_1.1.0.202410251130/tools/bin/../lib/gcc/arm-none-eabi/12.3.1/../../../../arm-none-eabi/lib/thumb/v7-m/nofp\libc_nano.a(libc_a-closer.o)
                              C:/ST/STM32CubeIDE_1.17.0/STM32CubeIDE/plugins/com.st.stm32cube.ide.mcu.externaltools.gnu-tools-for-stm32.12.3.rel1.win32_1.1.0.202410251130/tools/bin/../lib/gcc/arm-none-eabi/12.3.1/../../../../arm-none-eabi/lib/thumb/v7-m/nofp\libc_nano.a(libc_a-stdio.o) (_close_r)
C:/ST/STM32CubeIDE_1.17.0/STM32CubeIDE/plugins/com.st.stm32cube.ide.mcu.externaltools.gnu-tools-for-stm32.12.3.rel1.win32_1.1.0.202410251130/tools/bin/../lib/gcc/arm-none-eabi/12.3.1/../../../../arm-none-eabi/lib/thumb/v7-m/nofp\libc_nano.a(libc_a-reent.o)
                              C:/ST/STM32CubeIDE_1.17.0/STM32CubeIDE/plugins/com.st.stm32cube.ide.mcu.externaltools.gnu-tools-for-stm32.12.3.rel1.win32_1.1.0.202410251130/tools/bin/../lib/gcc/arm-none-eabi/12.3.1/../../../../arm-none-eabi/lib/thumb/v7-m/nofp\libc_nano.a(libc_a-closer.o) (errno)
C:/ST/STM32CubeIDE_1.17.0/STM32CubeIDE/plugins/com.st.stm32cube.ide.mcu.externaltools.gnu-tools-for-stm32.12.3.rel1.win32_1.1.0.202410251130/tools/bin/../lib/gcc/arm-none-eabi/12.3.1/../../../../arm-none-eabi/lib/thumb/v7-m/nofp\libc_nano.a(libc_a-impure.o)
                              C:/ST/STM32CubeIDE_1.17.0/STM32CubeIDE/plugins/com.st.stm32cube.ide.mcu.externaltools.gnu-tools-for-stm32.12.3.rel1.win32_1.1.0.202410251130/tools/bin/../lib/gcc/arm-none-eabi/12.3.1/../../../../arm-none-eabi/lib/thumb/v7-m/nofp\libc_nano.a(libc_a-rand.o) (_impure_ptr)
[...]
Memory Configuration

Name             Origin             Length             Attributes
RAM              0x20000000         0x00005000         xrw
FLASH            0x08000000         0x00010000         xr
*default*        0x00000000         0xffffffff

Linker script and memory map

LOAD C:/ST/STM32CubeIDE_1.17.0/STM32CubeIDE/plugins/com.st.stm32cube.ide.mcu.externaltools.gnu-tools-for-stm32.12.3.rel1.win32_1.1.0.202410251130/tools/bin/../lib/gcc/arm-none-eabi/12.3.1/thumb/v7-m/nofp/crti.o
LOAD C:/ST/STM32CubeIDE_1.17.0/STM32CubeIDE/plugins/com.st.stm32cube.ide.mcu.externaltools.gnu-tools-for-stm32.12.3.rel1.win32_1.1.0.202410251130/tools/bin/../lib/gcc/arm-none-eabi/12.3.1/thumb/v7-m/nofp/crtbegin.o
LOAD C:/ST/STM32CubeIDE_1.17.0/STM32CubeIDE/plugins/com.st.stm32cube.ide.mcu.externaltools.gnu-tools-for-stm32.12.3.rel1.win32_1.1.0.202410251130/tools/bin/../lib/gcc/arm-none-eabi/12.3.1/../../../../arm-none-eabi/lib/thumb/v7-m/nofp/crt0.o
LOAD ./Core/Src/common.o
LOAD ./Core/Src/drv_LCD_ST7565_SPI.o
LOAD ./Core/Src/main.o
LOAD ./Core/Src/mainmenu.o
LOAD ./Core/Src/scheduler.o
LOAD ./Core/Src/stm32f1xx_hal_msp.o
LOAD ./Core/Src/stm32f1xx_it.o
LOAD ./Core/Src/syscalls.o
LOAD ./Core/Src/sysmem.o
LOAD ./Core/Src/system_stm32f1xx.o
LOAD ./Core/Src/ufo_battle.o
LOAD ./Core/Startup/startup_stm32f103c8tx.o
LOAD ./Drivers/STM32F1xx_HAL_Driver/Src/stm32f1xx_hal.o
LOAD ./Drivers/STM32F1xx_HAL_Driver/Src/stm32f1xx_hal_adc.o
LOAD ./Drivers/STM32F1xx_HAL_Driver/Src/stm32f1xx_hal_adc_ex.o
LOAD ./Drivers/STM32F1xx_HAL_Driver/Src/stm32f1xx_hal_cortex.o
LOAD ./Drivers/STM32F1xx_HAL_Driver/Src/stm32f1xx_hal_dma.o
LOAD ./Drivers/STM32F1xx_HAL_Driver/Src/stm32f1xx_hal_exti.o
LOAD ./Drivers/STM32F1xx_HAL_Driver/Src/stm32f1xx_hal_flash.o
LOAD ./Drivers/STM32F1xx_HAL_Driver/Src/stm32f1xx_hal_flash_ex.o
LOAD ./Drivers/STM32F1xx_HAL_Driver/Src/stm32f1xx_hal_gpio.o
LOAD ./Drivers/STM32F1xx_HAL_Driver/Src/stm32f1xx_hal_gpio_ex.o
LOAD ./Drivers/STM32F1xx_HAL_Driver/Src/stm32f1xx_hal_pwr.o
LOAD ./Drivers/STM32F1xx_HAL_Driver/Src/stm32f1xx_hal_rcc.o
LOAD ./Drivers/STM32F1xx_HAL_Driver/Src/stm32f1xx_hal_rcc_ex.o
LOAD ./Drivers/STM32F1xx_HAL_Driver/Src/stm32f1xx_hal_rtc.o
LOAD ./Drivers/STM32F1xx_HAL_Driver/Src/stm32f1xx_hal_rtc_ex.o
LOAD ./Drivers/STM32F1xx_HAL_Driver/Src/stm32f1xx_hal_spi.o
LOAD ./Drivers/STM32F1xx_HAL_Driver/Src/stm32f1xx_hal_tim.o
LOAD ./Drivers/STM32F1xx_HAL_Driver/Src/stm32f1xx_hal_tim_ex.o
START GROUP
LOAD C:/ST/STM32CubeIDE_1.17.0/STM32CubeIDE/plugins/com.st.stm32cube.ide.mcu.externaltools.gnu-tools-for-stm32.12.3.rel1.win32_1.1.0.202410251130/tools/bin/../lib/gcc/arm-none-eabi/12.3.1/../../../../arm-none-eabi/lib/thumb/v7-m/nofp\libc_nano.a
LOAD C:/ST/STM32CubeIDE_1.17.0/STM32CubeIDE/plugins/com.st.stm32cube.ide.mcu.externaltools.gnu-tools-for-stm32.12.3.rel1.win32_1.1.0.202410251130/tools/bin/../lib/gcc/arm-none-eabi/12.3.1/../../../../arm-none-eabi/lib/thumb/v7-m/nofp\libm.a
END GROUP
START GROUP
LOAD C:/ST/STM32CubeIDE_1.17.0/STM32CubeIDE/plugins/com.st.stm32cube.ide.mcu.externaltools.gnu-tools-for-stm32.12.3.rel1.win32_1.1.0.202410251130/tools/bin/../lib/gcc/arm-none-eabi/12.3.1/thumb/v7-m/nofp\libgcc.a
LOAD C:/ST/STM32CubeIDE_1.17.0/STM32CubeIDE/plugins/com.st.stm32cube.ide.mcu.externaltools.gnu-tools-for-stm32.12.3.rel1.win32_1.1.0.202410251130/tools/bin/../lib/gcc/arm-none-eabi/12.3.1/../../../../arm-none-eabi/lib/thumb/v7-m/nofp\libc_nano.a
END GROUP
START GROUP
LOAD C:/ST/STM32CubeIDE_1.17.0/STM32CubeIDE/plugins/com.st.stm32cube.ide.mcu.externaltools.gnu-tools-for-stm32.12.3.rel1.win32_1.1.0.202410251130/tools/bin/../lib/gcc/arm-none-eabi/12.3.1/thumb/v7-m/nofp\libgcc.a
LOAD C:/ST/STM32CubeIDE_1.17.0/STM32CubeIDE/plugins/com.st.stm32cube.ide.mcu.externaltools.gnu-tools-for-stm32.12.3.rel1.win32_1.1.0.202410251130/tools/bin/../lib/gcc/arm-none-eabi/12.3.1/../../../../arm-none-eabi/lib/thumb/v7-m/nofp\libc_nano.a
LOAD C:/ST/STM32CubeIDE_1.17.0/STM32CubeIDE/plugins/com.st.stm32cube.ide.mcu.externaltools.gnu-tools-for-stm32.12.3.rel1.win32_1.1.0.202410251130/tools/bin/../lib/gcc/arm-none-eabi/12.3.1/../../../../arm-none-eabi/lib/thumb/v7-m/nofp\libnosys.a
END GROUP
START GROUP
LOAD C:/ST/STM32CubeIDE_1.17.0/STM32CubeIDE/plugins/com.st.stm32cube.ide.mcu.externaltools.gnu-tools-for-stm32.12.3.rel1.win32_1.1.0.202410251130/tools/bin/../lib/gcc/arm-none-eabi/12.3.1/thumb/v7-m/nofp\libgcc.a
LOAD C:/ST/STM32CubeIDE_1.17.0/STM32CubeIDE/plugins/com.st.stm32cube.ide.mcu.externaltools.gnu-tools-for-stm32.12.3.rel1.win32_1.1.0.202410251130/tools/bin/../lib/gcc/arm-none-eabi/12.3.1/../../../../arm-none-eabi/lib/thumb/v7-m/nofp\libc_nano.a
LOAD C:/ST/STM32CubeIDE_1.17.0/STM32CubeIDE/plugins/com.st.stm32cube.ide.mcu.externaltools.gnu-tools-for-stm32.12.3.rel1.win32_1.1.0.202410251130/tools/bin/../lib/gcc/arm-none-eabi/12.3.1/../../../../arm-none-eabi/lib/thumb/v7-m/nofp\libnosys.a
END GROUP
LOAD C:/ST/STM32CubeIDE_1.17.0/STM32CubeIDE/plugins/com.st.stm32cube.ide.mcu.externaltools.gnu-tools-for-stm32.12.3.rel1.win32_1.1.0.202410251130/tools/bin/../lib/gcc/arm-none-eabi/12.3.1/thumb/v7-m/nofp/crtend.o
LOAD C:/ST/STM32CubeIDE_1.17.0/STM32CubeIDE/plugins/com.st.stm32cube.ide.mcu.externaltools.gnu-tools-for-stm32.12.3.rel1.win32_1.1.0.202410251130/tools/bin/../lib/gcc/arm-none-eabi/12.3.1/thumb/v7-m/nofp/crtn.o
                0x20005000                        _estack = (ORIGIN (RAM) + LENGTH (RAM))
                0x00000200                        _Min_Heap_Size = 0x200
                0x00000400                        _Min_Stack_Size = 0x400

.isr_vector     0x08000000      0x10c
                0x08000000                        . = ALIGN (0x4)
 *(.isr_vector)
 .isr_vector    0x08000000      0x10c ./Core/Startup/startup_stm32f103c8tx.o
                0x08000000                g_pfnVectors
                0x0800010c                        . = ALIGN (0x4)

.text           0x0800010c     0x64f0
                0x0800010c                        . = ALIGN (0x4)
 *(.text)
 .text          0x0800010c       0x40 C:/ST/STM32CubeIDE_1.17.0/STM32CubeIDE/plugins/com.st.stm32cube.ide.mcu.externaltools.gnu-tools-for-stm32.12.3.rel1.win32_1.1.0.202410251130/tools/bin/../lib/gcc/arm-none-eabi/12.3.1/thumb/v7-m/nofp/crtbegin.o
 *(.text*)
 .text.randinit
                0x0800014c        0xc ./Core/Src/common.o
                0x0800014c                randinit
 .text.getrand  0x08000158       0x16 ./Core/Src/common.o
                0x08000158                getrand
 .text.dig_to_smb
                0x0800016e        0xc ./Core/Src/common.o
                0x0800016e                dig_to_smb
 .text.u16_to_str
                0x0800017a       0xa2 ./Core/Src/common.o
                0x0800017a                u16_to_str
 .text.initbuttons
                0x0800021c       0x64 ./Core/Src/common.o
                0x0800021c                initbuttons
 .text.getbatlvl
                0x08000280       0xa4 ./Core/Src/common.o
                0x08000280                getbatlvl
 .text.ShutDownLB
                0x08000324       0x48 ./Core/Src/common.o
                0x08000324                ShutDownLB
 .text.batcheck
                0x0800036c       0x20 ./Core/Src/common.o
                0x0800036c                batcheck
 .text.ShutDown
                0x0800038c       0x2c ./Core/Src/common.o
                0x0800038c                ShutDown
 .text.getbrightlvl
                0x080003b8       0x1c ./Core/Src/common.o
                0x080003b8                getbrightlvl
 .text.decbright
                0x080003d4       0x18 ./Core/Src/common.o
                0x080003d4                decbright
 .text.incbright
                0x080003ec       0x18 ./Core/Src/common.o
                0x080003ec                incbright
 .text.BrightPWMgen
                0x08000404       0x14 ./Core/Src/common.o
                0x08000404                BrightPWMgen
 .text.commoninit
                0x08000418       0x2c ./Core/Src/common.o
                0x08000418                commoninit
 .text.Sounds   0x08000444       0x54 ./Core/Src/common.o
                0x08000444                Sounds
 .text.RTC_SetCounter_
                0x08000498       0x54 ./Core/Src/common.o
                0x08000498                RTC_SetCounter_
 .text.RTC_GetCounter_
                0x080004ec       0x10 ./Core/Src/common.o
                0x080004ec                RTC_GetCounter_
 .text.timer_to_cal
                0x080004fc       0xbc ./Core/Src/common.o
                0x080004fc                timer_to_cal
 .text.cal_to_timer
                0x080005b8       0x7c ./Core/Src/common.o
                0x080005b8                cal_to_timer
 .text.RTCgetdata
                0x08000634       0x10 ./Core/Src/common.o
                0x08000634                RTCgetdata
 .text.RTCsenddata
                0x08000644        0xe ./Core/Src/common.o
                0x08000644                RTCsenddata
 *fill*         0x08000652        0x2 
 .text.TestBtn  0x08000654       0xbc ./Core/Src/common.o
                0x08000654                TestBtn
 .text.checkjoydir
                0x08000710       0x74 ./Core/Src/common.o
                0x08000710                checkjoydir
 .text.check_btn_jstk
                0x08000784       0x34 ./Core/Src/common.o
                0x08000784                check_btn_jstk
 .text.lcd_sendcommands
                0x080007b8       0x34 ./Core/Src/drv_LCD_ST7565_SPI.o
                0x080007b8                lcd_sendcommands
 .text.LCD_writebyte
                0x080007ec       0x28 ./Core/Src/drv_LCD_ST7565_SPI.o
                0x080007ec                LCD_writebyte
 .text.LCD_erasestring
                0x08000814       0x28 ./Core/Src/drv_LCD_ST7565_SPI.o
                0x08000814                LCD_erasestring
 .text.LCD_senddata
                0x0800083c       0x58 ./Core/Src/drv_LCD_ST7565_SPI.o
                0x0800083c                LCD_senddata
 .text.LCD_printsmb8x5
                0x08000894       0x38 ./Core/Src/drv_LCD_ST7565_SPI.o
                0x08000894                LCD_printsmb8x5
 .text.LCD_printstr8x5
                0x080008cc       0x64 ./Core/Src/drv_LCD_ST7565_SPI.o
                0x080008cc                LCD_printstr8x5
 .text.LCDbuf_upload
                0x08000930       0x4c ./Core/Src/drv_LCD_ST7565_SPI.o
                0x08000930                LCDbuf_upload
 .text.LCDbuf_erase
                0x0800097c       0x10 ./Core/Src/drv_LCD_ST7565_SPI.o
                0x0800097c                LCDbuf_erase
 .text.LCD_bufupload_buferase
                0x0800098c        0xe ./Core/Src/drv_LCD_ST7565_SPI.o
                0x0800098c                LCD_bufupload_buferase
 *fill*         0x0800099a        0x2 
 .text.LCD_init
                0x0800099c       0x8c ./Core/Src/drv_LCD_ST7565_SPI.o
                0x0800099c                LCD_init
 .text.LCD_printweekday
                0x08000a28       0x10 ./Core/Src/drv_LCD_ST7565_SPI.o
                0x08000a28                LCD_printweekday
 .text.LCD_printmonth
                0x08000a38       0x10 ./Core/Src/drv_LCD_ST7565_SPI.o
                0x08000a38                LCD_printmonth
 .text.LCD_printclockanddate
                0x08000a48       0xfc ./Core/Src/drv_LCD_ST7565_SPI.o
                0x08000a48                LCD_printclockanddate
 .text.LCD_printbrightnes
                0x08000b44       0x48 ./Core/Src/drv_LCD_ST7565_SPI.o
                0x08000b44                LCD_printbrightnes
 .text.LCD_printbatlevel
                0x08000b8c       0x28 ./Core/Src/drv_LCD_ST7565_SPI.o
                0x08000b8c                LCD_printbatlevel
 .text.LCD_printmenucoursor
                0x08000bb4       0x1c ./Core/Src/drv_LCD_ST7565_SPI.o
                0x08000bb4                LCD_printmenucoursor
 .text.LCD_printbutselhint
                0x08000bd0       0x4c ./Core/Src/drv_LCD_ST7565_SPI.o
                0x08000bd0                LCD_printbutselhint
 .text.LCD_printvertline
                0x08000c1c       0xb8 ./Core/Src/drv_LCD_ST7565_SPI.o
                0x08000c1c                LCD_printvertline
 .text.LCD_printhorline
                0x08000cd4       0x54 ./Core/Src/drv_LCD_ST7565_SPI.o
                0x08000cd4                LCD_printhorline
 .text.LCD_printsprite
                0x08000d28      0x2e4 ./Core/Src/drv_LCD_ST7565_SPI.o
                0x08000d28                LCD_printsprite
 .text.LCD_printgamestatbar
                0x0800100c       0xb4 ./Core/Src/drv_LCD_ST7565_SPI.o
                0x0800100c                LCD_printgamestatbar
 .text._write   0x080010c0       0x30 ./Core/Src/main.o
                0x080010c0                _write
 .text.SystemClock_Config
                0x080010f0       0x8a ./Core/Src/main.o
                0x080010f0                SystemClock_Config
 *fill*         0x0800117a        0x2 
 .text.startup.main
                0x0800117c      0x304 ./Core/Src/main.o
                0x0800117c                main
 .text.HAL_IncTick
                0x08001480       0x5c ./Core/Src/main.o
                0x08001480                HAL_IncTick
 .text.HAL_ADC_ConvCpltCallback
                0x080014dc       0x3c ./Core/Src/main.o
                0x080014dc                HAL_ADC_ConvCpltCallback
 .text.Error_Handler
                0x08001518        0x4 ./Core/Src/main.o
                0x08001518                Error_Handler
 .text.setdatetime
                0x0800151c      0x54c ./Core/Src/mainmenu.o
                0x0800151c                setdatetime
 .text.testscreen
                0x08001a68      0x24c ./Core/Src/mainmenu.o
                0x08001a68                testscreen
 .text.MainMenu
                0x08001cb4      0x320 ./Core/Src/mainmenu.o
                0x08001cb4                MainMenu
 .text.SchedAddEvent
                0x08001fd4       0x28 ./Core/Src/scheduler.o
                0x08001fd4                SchedAddEvent
 .text.SchedRemoveAllEvents
                0x08001ffc        0xc ./Core/Src/scheduler.o
                0x08001ffc                SchedRemoveAllEvents
 .text.SchedEventProcess
                0x08002008       0x34 ./Core/Src/scheduler.o
                0x08002008                SchedEventProcess
 .text.SchedPeriodIncr
                0x0800203c       0x28 ./Core/Src/scheduler.o
                0x0800203c                SchedPeriodIncr
 .text.SchedRemoveEvent
                0x08002064       0x44 ./Core/Src/scheduler.o
                0x08002064                SchedRemoveEvent
 .text.SchedPauseEvent
                0x080020a8       0x2c ./Core/Src/scheduler.o
                0x080020a8                SchedPauseEvent
 .text.SchedResumeEvent
                0x080020d4       0x2c ./Core/Src/scheduler.o
                0x080020d4                SchedResumeEvent
 .text.SchedEventSetPeriod
                0x08002100       0x28 ./Core/Src/scheduler.o
                0x08002100                SchedEventSetPeriod
 .text.HAL_MspInit
                0x08002128       0x44 ./Core/Src/stm32f1xx_hal_msp.o
                0x08002128                HAL_MspInit
 .text.HAL_ADC_MspInit
                0x0800216c       0xb8 ./Core/Src/stm32f1xx_hal_msp.o
                0x0800216c                HAL_ADC_MspInit
 .text.HAL_RTC_MspInit
                0x08002224       0x3c ./Core/Src/stm32f1xx_hal_msp.o
                0x08002224                HAL_RTC_MspInit
 .text.HAL_SPI_MspInit
                0x08002260       0xc0 ./Core/Src/stm32f1xx_hal_msp.o
                0x08002260                HAL_SPI_MspInit
 .text.HAL_TIM_Base_MspInit
                0x08002320       0x28 ./Core/Src/stm32f1xx_hal_msp.o
                0x08002320                HAL_TIM_Base_MspInit
 .text.HAL_TIM_MspPostInit
                0x08002348       0x50 ./Core/Src/stm32f1xx_hal_msp.o
                0x08002348                HAL_TIM_MspPostInit
 .text.NMI_Handler
                0x08002398        0x2 ./Core/Src/stm32f1xx_it.o
                0x08002398                NMI_Handler
 .text.HardFault_Handler
                0x0800239a        0x2 ./Core/Src/stm32f1xx_it.o
                0x0800239a                HardFault_Handler
 .text.MemManage_Handler
                0x0800239c        0x2 ./Core/Src/stm32f1xx_it.o
                0x0800239c                MemManage_Handler
 .text.BusFault_Handler
                0x0800239e        0x2 ./Core/Src/stm32f1xx_it.o
                0x0800239e                BusFault_Handler
 .text.UsageFault_Handler
                0x080023a0        0x2 ./Core/Src/stm32f1xx_it.o
                0x080023a0                UsageFault_Handler
 .text.SVC_Handler
                0x080023a2        0x2 ./Core/Src/stm32f1xx_it.o
                0x080023a2                SVC_Handler
 .text.DebugMon_Handler
                0x080023a4        0x2 ./Core/Src/stm32f1xx_it.o
                0x080023a4                DebugMon_Handler
 .text.PendSV_Handler
                0x080023a6        0x2 ./Core/Src/stm32f1xx_it.o
                0x080023a6                PendSV_Handler
 .text.SysTick_Handler
                0x080023a8        0x4 ./Core/Src/stm32f1xx_it.o
                0x080023a8                SysTick_Handler
 .text.DMA1_Channel1_IRQHandler
                0x080023ac        0xc ./Core/Src/stm32f1xx_it.o
                0x080023ac                DMA1_Channel1_IRQHandler
 .text._getpid  0x080023b8        0x4 ./Core/Src/syscalls.o
                0x080023b8                _getpid
 .text._kill    0x080023bc       0x10 ./Core/Src/syscalls.o
                0x080023bc                _kill
 .text._exit    0x080023cc        0xc ./Core/Src/syscalls.o
                0x080023cc                _exit
 .text._read    0x080023d8       0x1c ./Core/Src/syscalls.o
                0x080023d8                _read
 .text._close   0x080023f4        0x6 ./Core/Src/syscalls.o
                0x080023f4                _close
 .text._fstat   0x080023fa        0xa ./Core/Src/syscalls.o
                0x080023fa                _fstat
 .text._isatty  0x08002404        0x4 ./Core/Src/syscalls.o
                0x08002404                _isatty
 .text._lseek   0x08002408        0x4 ./Core/Src/syscalls.o
                0x08002408                _lseek
 .text._sbrk    0x0800240c       0x40 ./Core/Src/sysmem.o
                0x0800240c                _sbrk
 .text.SystemInit
                0x0800244c        0x2 ./Core/Src/system_stm32f1xx.o
                0x0800244c                SystemInit
 *fill*         0x0800244e        0x2 
 .text.energyregen
                0x08002450       0x20 ./Core/Src/ufo_battle.o
                0x08002450                energyregen
 .text.movbullet
                0x08002470       0x40 ./Core/Src/ufo_battle.o
                0x08002470                movbullet
 .text.statehandler_gamesave
                0x080024b0        0xc ./Core/Src/ufo_battle.o
                0x080024b0                statehandler_gamesave
 .text.magaz_buybomb
                0x080024bc       0x28 ./Core/Src/ufo_battle.o
                0x080024bc                magaz_buybomb
 .text.magaz_buygasmask
                0x080024e4       0x28 ./Core/Src/ufo_battle.o
                0x080024e4                magaz_buygasmask
 .text.magaz_buyenergy
                0x0800250c       0x38 ./Core/Src/ufo_battle.o
                0x0800250c                magaz_buyenergy
 .text.magaz_buyhealth
                0x08002544       0x30 ./Core/Src/ufo_battle.o
                0x08002544                magaz_buyhealth
 .text.gamestatesprocess
                0x08002574       0x24 ./Core/Src/ufo_battle.o
                0x08002574                gamestatesprocess
 .text.createevilstar
                0x08002598       0x40 ./Core/Src/ufo_battle.o
                0x08002598                createevilstar
 .text.stateinit_gameexit
                0x080025d8       0x18 ./Core/Src/ufo_battle.o
                0x080025d8                stateinit_gameexit
 .text.system_events_period50ms
                0x080025f0        0x4 ./Core/Src/ufo_battle.o
                0x080025f0                system_events_period50ms
 .text.createbullet
                0x080025f4       0x64 ./Core/Src/ufo_battle.o
                0x080025f4                createbullet
 .text.createbomb
                0x08002658       0x64 ./Core/Src/ufo_battle.o
                0x08002658                createbomb
 .text.gameprogress
                0x080026bc       0x9c ./Core/Src/ufo_battle.o
                0x080026bc                gameprogress
 .text.createcoin
                0x08002758       0x3c ./Core/Src/ufo_battle.o
                0x08002758                createcoin
 .text.movgamer
                0x08002794      0x108 ./Core/Src/ufo_battle.o
                0x08002794                movgamer
 .text.movevilstar
                0x0800289c       0x40 ./Core/Src/ufo_battle.o
                0x0800289c                movevilstar
 .text.movbomb  0x080028dc       0x40 ./Core/Src/ufo_battle.o
                0x080028dc                movbomb
 .text.movcoin  0x0800291c       0x2c ./Core/Src/ufo_battle.o
                0x0800291c                movcoin
 .text.move_enemy_objects
                0x08002948        0xe ./Core/Src/ufo_battle.o
                0x08002948                move_enemy_objects
 *fill*         0x08002956        0x2 
 .text.movminmagaz
                0x08002958       0x4c ./Core/Src/ufo_battle.o
                0x08002958                movminmagaz
 .text.bullet_evilstar_collision
                0x080029a4       0x84 ./Core/Src/ufo_battle.o
                0x080029a4                bullet_evilstar_collision
 .text.bomb_evilstar_collision
                0x08002a28       0xd4 ./Core/Src/ufo_battle.o
                0x08002a28                bomb_evilstar_collision
 .text.gamer_evilstar_collision
                0x08002afc       0x88 ./Core/Src/ufo_battle.o
                0x08002afc                gamer_evilstar_collision
 .text.gamer_coin_collision
                0x08002b84       0x74 ./Core/Src/ufo_battle.o
                0x08002b84                gamer_coin_collision
 .text.gamer_minmagaz_collision
                0x08002bf8       0x58 ./Core/Src/ufo_battle.o
                0x08002bf8                gamer_minmagaz_collision
 .text.drawevilstar
                0x08002c50       0x68 ./Core/Src/ufo_battle.o
                0x08002c50                drawevilstar
 .text.drawcoin
                0x08002cb8       0x60 ./Core/Src/ufo_battle.o
                0x08002cb8                drawcoin
 .text.drawminmagaz
                0x08002d18       0x20 ./Core/Src/ufo_battle.o
                0x08002d18                drawminmagaz
 .text.drawgamer
                0x08002d38       0x30 ./Core/Src/ufo_battle.o
                0x08002d38                drawgamer
 .text.drawbullet
                0x08002d68       0x30 ./Core/Src/ufo_battle.o
                0x08002d68                drawbullet
 .text.drawbomb
                0x08002d98      0x128 ./Core/Src/ufo_battle.o
                0x08002d98                drawbomb
 .text.drawinfo
                0x08002ec0        0xc ./Core/Src/ufo_battle.o
                0x08002ec0                drawinfo
 .text.createsmallstar
                0x08002ecc       0x4c ./Core/Src/ufo_battle.o
                0x08002ecc                createsmallstar
 .text.movesmallstar
                0x08002f18       0x40 ./Core/Src/ufo_battle.o
                0x08002f18                movesmallstar
 .text.system_events_period25ms
                0x08002f58       0x12 ./Core/Src/ufo_battle.o
                0x08002f58                system_events_period25ms
 *fill*         0x08002f6a        0x2 
 .text.drawsmallstar
                0x08002f6c       0x34 ./Core/Src/ufo_battle.o
                0x08002f6c                drawsmallstar
 .text.system_events_period100ms
                0x08002fa0       0x1c ./Core/Src/ufo_battle.o
                0x08002fa0                system_events_period100ms
 .text.SchedGamerunEventsAdd
                0x08002fbc       0x5c ./Core/Src/ufo_battle.o
                0x08002fbc                SchedGamerunEventsAdd
 .text.statehandler_gameinitnew
                0x08003018       0xd0 ./Core/Src/ufo_battle.o
                0x08003018                statehandler_gameinitnew
 .text.statehandler_gameload
                0x080030e8        0x4 ./Core/Src/ufo_battle.o
                0x080030e8                statehandler_gameload
 .text.SchedGamerunEventsPause
                0x080030ec       0x44 ./Core/Src/ufo_battle.o
                0x080030ec                SchedGamerunEventsPause
 .text.SchedGamerunEventsResume
                0x08003130       0x44 ./Core/Src/ufo_battle.o
                0x08003130                SchedGamerunEventsResume
 .text.statehandler_gamerun
                0x08003174      0x270 ./Core/Src/ufo_battle.o
                0x08003174                statehandler_gamerun
 .text.stateinit_exitmagazin
                0x080033e4       0x50 ./Core/Src/ufo_battle.o
                0x080033e4                stateinit_exitmagazin
 .text.SchedGamerunEventsRemove
                0x08003434       0x44 ./Core/Src/ufo_battle.o
                0x08003434                SchedGamerunEventsRemove
 .text.stateinit_gamestop
                0x08003478       0x7c ./Core/Src/ufo_battle.o
                0x08003478                stateinit_gamestop
 .text.menu_getevent
                0x080034f4       0x70 ./Core/Src/ufo_battle.o
                0x080034f4                menu_getevent
 .text.magaz_getevent
                0x08003564       0x84 ./Core/Src/ufo_battle.o
                0x08003564                magaz_getevent
 .text.coursormovdisp
                0x080035e8      0x164 ./Core/Src/ufo_battle.o
                0x080035e8                coursormovdisp
 .text.statehandler_menumain
                0x0800374c       0x64 ./Core/Src/ufo_battle.o
                0x0800374c                statehandler_menumain
 .text.statehandler_menuload
                0x080037b0       0x64 ./Core/Src/ufo_battle.o
                0x080037b0                statehandler_menuload
 .text.statehandler_menupause
                0x08003814       0x5c ./Core/Src/ufo_battle.o
                0x08003814                statehandler_menupause
 .text.statehandler_menusave
                0x08003870       0x64 ./Core/Src/ufo_battle.o
                0x08003870                statehandler_menusave
 .text.statehandler_magazin
                0x080038d4      0x220 ./Core/Src/ufo_battle.o
                0x080038d4                statehandler_magazin
 .text.ufobattle
                0x08003af4       0x78 ./Core/Src/ufo_battle.o
                0x08003af4                ufobattle
 .text.Reset_Handler
                0x08003b6c       0x48 ./Core/Startup/startup_stm32f103c8tx.o
                0x08003b6c                Reset_Handler
 .text.Default_Handler
                0x08003bb4        0x2 ./Core/Startup/startup_stm32f103c8tx.o
                0x08003bb4                RTC_Alarm_IRQHandler
                0x08003bb4                EXTI2_IRQHandler
                0x08003bb4                TIM1_CC_IRQHandler
                0x08003bb4                PVD_IRQHandler
                0x08003bb4                EXTI3_IRQHandler
                0x08003bb4                EXTI0_IRQHandler
                0x08003bb4                I2C2_EV_IRQHandler
                0x08003bb4                ADC1_2_IRQHandler
                0x08003bb4                SPI1_IRQHandler
                0x08003bb4                TAMPER_IRQHandler
                0x08003bb4                DMA1_Channel4_IRQHandler
                0x08003bb4                USART3_IRQHandler
                0x08003bb4                RTC_IRQHandler
                0x08003bb4                DMA1_Channel7_IRQHandler
                0x08003bb4                CAN1_RX1_IRQHandler
                0x08003bb4                TIM4_IRQHandler
                0x08003bb4                I2C1_EV_IRQHandler
                0x08003bb4                DMA1_Channel6_IRQHandler
                0x08003bb4                TIM3_IRQHandler
                0x08003bb4                RCC_IRQHandler
                0x08003bb4                TIM1_TRG_COM_IRQHandler
                0x08003bb4                Default_Handler
                0x08003bb4                EXTI15_10_IRQHandler
                0x08003bb4                EXTI9_5_IRQHandler
                0x08003bb4                SPI2_IRQHandler
                0x08003bb4                DMA1_Channel5_IRQHandler
                0x08003bb4                EXTI4_IRQHandler
                0x08003bb4                USB_LP_CAN1_RX0_IRQHandler
                0x08003bb4                USB_HP_CAN1_TX_IRQHandler
                0x08003bb4                DMA1_Channel3_IRQHandler
                0x08003bb4                TIM1_UP_IRQHandler
                0x08003bb4                WWDG_IRQHandler
                0x08003bb4                TIM2_IRQHandler
                0x08003bb4                TIM1_BRK_IRQHandler
                0x08003bb4                EXTI1_IRQHandler
                0x08003bb4                USART2_IRQHandler
                0x08003bb4                I2C2_ER_IRQHandler
                0x08003bb4                DMA1_Channel2_IRQHandler
                0x08003bb4                CAN1_SCE_IRQHandler
                0x08003bb4                FLASH_IRQHandler
                0x08003bb4                USART1_IRQHandler
                0x08003bb4                I2C1_ER_IRQHandler
                0x08003bb4                USBWakeUp_IRQHandler
 *fill*         0x08003bb6        0x2 
 .text.HAL_InitTick
                0x08003bb8       0x48 ./Drivers/STM32F1xx_HAL_Driver/Src/stm32f1xx_hal.o
                0x08003bb8                HAL_InitTick
 .text.HAL_Init
                0x08003c00       0x24 ./Drivers/STM32F1xx_HAL_Driver/Src/stm32f1xx_hal.o
                0x08003c00                HAL_Init
 .text.HAL_GetTick
                0x08003c24        0xc ./Drivers/STM32F1xx_HAL_Driver/Src/stm32f1xx_hal.o
                0x08003c24                HAL_GetTick
 .text.HAL_Delay
                0x08003c30       0x24 ./Drivers/STM32F1xx_HAL_Driver/Src/stm32f1xx_hal.o
                0x08003c30                HAL_Delay
 .text.ADC_DMAConvCplt
                0x08003c54       0x4e ./Drivers/STM32F1xx_HAL_Driver/Src/stm32f1xx_hal_adc.o
                0x08003c54                ADC_DMAConvCplt
 .text.HAL_ADC_ConvHalfCpltCallback
                0x08003ca2        0x2 ./Drivers/STM32F1xx_HAL_Driver/Src/stm32f1xx_hal_adc.o
                0x08003ca2                HAL_ADC_ConvHalfCpltCallback
 .text.ADC_DMAHalfConvCplt
                0x08003ca4        0xa ./Drivers/STM32F1xx_HAL_Driver/Src/stm32f1xx_hal_adc.o
                0x08003ca4                ADC_DMAHalfConvCplt
 .text.HAL_ADC_ErrorCallback
                0x08003cae        0x2 ./Drivers/STM32F1xx_HAL_Driver/Src/stm32f1xx_hal_adc.o
                0x08003cae                HAL_ADC_ErrorCallback
 .text.ADC_DMAError
                0x08003cb0       0x1a ./Drivers/STM32F1xx_HAL_Driver/Src/stm32f1xx_hal_adc.o
                0x08003cb0                ADC_DMAError
 *fill*         0x08003cca        0x2 
 .text.HAL_ADC_ConfigChannel
                0x08003ccc       0xfc ./Drivers/STM32F1xx_HAL_Driver/Src/stm32f1xx_hal_adc.o
                0x08003ccc                HAL_ADC_ConfigChannel
 .text.ADC_Enable
                0x08003dc8       0x78 ./Drivers/STM32F1xx_HAL_Driver/Src/stm32f1xx_hal_adc.o
                0x08003dc8                ADC_Enable
 .text.HAL_ADC_Start_DMA
                0x08003e40      0x11c ./Drivers/STM32F1xx_HAL_Driver/Src/stm32f1xx_hal_adc.o
                0x08003e40                HAL_ADC_Start_DMA
 .text.ADC_ConversionStop_Disable
                0x08003f5c       0x4c ./Drivers/STM32F1xx_HAL_Driver/Src/stm32f1xx_hal_adc.o
                0x08003f5c                ADC_ConversionStop_Disable
 .text.HAL_ADC_Init
                0x08003fa8       0xfc ./Drivers/STM32F1xx_HAL_Driver/Src/stm32f1xx_hal_adc.o
                0x08003fa8                HAL_ADC_Init
 .text.HAL_NVIC_SetPriorityGrouping
                0x080040a4       0x24 ./Drivers/STM32F1xx_HAL_Driver/Src/stm32f1xx_hal_cortex.o
                0x080040a4                HAL_NVIC_SetPriorityGrouping
 .text.HAL_NVIC_SetPriority
                0x080040c8       0x60 ./Drivers/STM32F1xx_HAL_Driver/Src/stm32f1xx_hal_cortex.o
                0x080040c8                HAL_NVIC_SetPriority
 .text.HAL_NVIC_EnableIRQ
                0x08004128       0x1c ./Drivers/STM32F1xx_HAL_Driver/Src/stm32f1xx_hal_cortex.o
                0x08004128                HAL_NVIC_EnableIRQ
 .text.HAL_SYSTICK_Config
                0x08004144       0x28 ./Drivers/STM32F1xx_HAL_Driver/Src/stm32f1xx_hal_cortex.o
                0x08004144                HAL_SYSTICK_Config
 .text.HAL_DMA_Init
                0x0800416c       0x64 ./Drivers/STM32F1xx_HAL_Driver/Src/stm32f1xx_hal_dma.o
                0x0800416c                HAL_DMA_Init
 .text.HAL_DMA_Start_IT
                0x080041d0       0x78 ./Drivers/STM32F1xx_HAL_Driver/Src/stm32f1xx_hal_dma.o
                0x080041d0                HAL_DMA_Start_IT
 .text.HAL_DMA_IRQHandler
                0x08004248      0x128 ./Drivers/STM32F1xx_HAL_Driver/Src/stm32f1xx_hal_dma.o
                0x08004248                HAL_DMA_IRQHandler
 .text.HAL_GPIO_Init
                0x08004370      0x1b0 ./Drivers/STM32F1xx_HAL_Driver/Src/stm32f1xx_hal_gpio.o
                0x08004370                HAL_GPIO_Init
 .text.HAL_GPIO_ReadPin
                0x08004520        0xc ./Drivers/STM32F1xx_HAL_Driver/Src/stm32f1xx_hal_gpio.o
                0x08004520                HAL_GPIO_ReadPin
 .text.HAL_GPIO_WritePin
                0x0800452c        0xa ./Drivers/STM32F1xx_HAL_Driver/Src/stm32f1xx_hal_gpio.o
                0x0800452c                HAL_GPIO_WritePin
 *fill*         0x08004536        0x2 
 .text.HAL_PWR_EnableBkUpAccess
                0x08004538        0xc ./Drivers/STM32F1xx_HAL_Driver/Src/stm32f1xx_hal_pwr.o
                0x08004538                HAL_PWR_EnableBkUpAccess
 .text.HAL_RCC_OscConfig
                0x08004544      0x338 ./Drivers/STM32F1xx_HAL_Driver/Src/stm32f1xx_hal_rcc.o
                0x08004544                HAL_RCC_OscConfig
 .text.HAL_RCC_GetSysClockFreq
                0x0800487c       0x4c ./Drivers/STM32F1xx_HAL_Driver/Src/stm32f1xx_hal_rcc.o
                0x0800487c                HAL_RCC_GetSysClockFreq
 .text.HAL_RCC_ClockConfig
                0x080048c8      0x138 ./Drivers/STM32F1xx_HAL_Driver/Src/stm32f1xx_hal_rcc.o
                0x080048c8                HAL_RCC_ClockConfig
 .text.HAL_RCC_GetPCLK2Freq
                0x08004a00       0x20 ./Drivers/STM32F1xx_HAL_Driver/Src/stm32f1xx_hal_rcc.o
                0x08004a00                HAL_RCC_GetPCLK2Freq
 .text.HAL_RCCEx_PeriphCLKConfig
                0x08004a20       0xf4 ./Drivers/STM32F1xx_HAL_Driver/Src/stm32f1xx_hal_rcc_ex.o
                0x08004a20                HAL_RCCEx_PeriphCLKConfig
 .text.HAL_RCCEx_GetPeriphCLKFreq
                0x08004b14       0xbc ./Drivers/STM32F1xx_HAL_Driver/Src/stm32f1xx_hal_rcc_ex.o
                0x08004b14                HAL_RCCEx_GetPeriphCLKFreq
 .text.RTC_EnterInitMode
                0x08004bd0       0x2e ./Drivers/STM32F1xx_HAL_Driver/Src/stm32f1xx_hal_rtc.o
 .text.RTC_ExitInitMode
                0x08004bfe       0x30 ./Drivers/STM32F1xx_HAL_Driver/Src/stm32f1xx_hal_rtc.o
 .text.HAL_RTC_WaitForSynchro
                0x08004c2e       0x36 ./Drivers/STM32F1xx_HAL_Driver/Src/stm32f1xx_hal_rtc.o
                0x08004c2e                HAL_RTC_WaitForSynchro
 .text.HAL_RTC_Init
                0x08004c64       0x8c ./Drivers/STM32F1xx_HAL_Driver/Src/stm32f1xx_hal_rtc.o
                0x08004c64                HAL_RTC_Init
 .text.SPI_WaitFlagStateUntilTimeout
                0x08004cf0       0xb8 ./Drivers/STM32F1xx_HAL_Driver/Src/stm32f1xx_hal_spi.o
 .text.SPI_EndRxTxTransaction
                0x08004da8       0x38 ./Drivers/STM32F1xx_HAL_Driver/Src/stm32f1xx_hal_spi.o
 .text.HAL_SPI_Init
                0x08004de0       0xb0 ./Drivers/STM32F1xx_HAL_Driver/Src/stm32f1xx_hal_spi.o
                0x08004de0                HAL_SPI_Init
 .text.HAL_SPI_Transmit
                0x08004e90      0x160 ./Drivers/STM32F1xx_HAL_Driver/Src/stm32f1xx_hal_spi.o
                0x08004e90                HAL_SPI_Transmit
 .text.TIM_OC1_SetConfig
                0x08004ff0       0x50 ./Drivers/STM32F1xx_HAL_Driver/Src/stm32f1xx_hal_tim.o
 .text.TIM_OC3_SetConfig
                0x08005040       0x54 ./Drivers/STM32F1xx_HAL_Driver/Src/stm32f1xx_hal_tim.o
 .text.TIM_OC4_SetConfig
                0x08005094       0x44 ./Drivers/STM32F1xx_HAL_Driver/Src/stm32f1xx_hal_tim.o
 .text.HAL_TIM_PWM_MspInit
                0x080050d8        0x2 ./Drivers/STM32F1xx_HAL_Driver/Src/stm32f1xx_hal_tim.o
                0x080050d8                HAL_TIM_PWM_MspInit
 *fill*         0x080050da        0x2 
 .text.TIM_Base_SetConfig
                0x080050dc       0x78 ./Drivers/STM32F1xx_HAL_Driver/Src/stm32f1xx_hal_tim.o
                0x080050dc                TIM_Base_SetConfig
 .text.HAL_TIM_Base_Init
                0x08005154       0x58 ./Drivers/STM32F1xx_HAL_Driver/Src/stm32f1xx_hal_tim.o
                0x08005154                HAL_TIM_Base_Init
 .text.HAL_TIM_PWM_Init
                0x080051ac       0x58 ./Drivers/STM32F1xx_HAL_Driver/Src/stm32f1xx_hal_tim.o
                0x080051ac                HAL_TIM_PWM_Init
 .text.TIM_OC2_SetConfig
                0x08005204       0x58 ./Drivers/STM32F1xx_HAL_Driver/Src/stm32f1xx_hal_tim.o
                0x08005204                TIM_OC2_SetConfig
 .text.HAL_TIM_PWM_ConfigChannel
                0x0800525c       0xb0 ./Drivers/STM32F1xx_HAL_Driver/Src/stm32f1xx_hal_tim.o
                0x0800525c                HAL_TIM_PWM_ConfigChannel
 .text.TIM_ETR_SetConfig
                0x0800530c       0x14 ./Drivers/STM32F1xx_HAL_Driver/Src/stm32f1xx_hal_tim.o
                0x0800530c                TIM_ETR_SetConfig
 .text.HAL_TIM_ConfigClockSource
                0x08005320      0x132 ./Drivers/STM32F1xx_HAL_Driver/Src/stm32f1xx_hal_tim.o
                0x08005320                HAL_TIM_ConfigClockSource
 .text.TIM_CCxChannelCmd
                0x08005452       0x1c ./Drivers/STM32F1xx_HAL_Driver/Src/stm32f1xx_hal_tim.o
                0x08005452                TIM_CCxChannelCmd
 *fill*         0x0800546e        0x2 
 .text.HAL_TIM_OC_Start
                0x08005470       0x9c ./Drivers/STM32F1xx_HAL_Driver/Src/stm32f1xx_hal_tim.o
                0x08005470                HAL_TIM_OC_Start
 .text.HAL_TIM_PWM_Start
                0x0800550c        0x4 ./Drivers/STM32F1xx_HAL_Driver/Src/stm32f1xx_hal_tim.o
                0x0800550c                HAL_TIM_PWM_Start
 .text.HAL_TIMEx_MasterConfigSynchronization
                0x08005510       0x5c ./Drivers/STM32F1xx_HAL_Driver/Src/stm32f1xx_hal_tim_ex.o
                0x08005510                HAL_TIMEx_MasterConfigSynchronization
 .text.HAL_TIMEx_ConfigBreakDeadTime
                0x0800556c       0x4c ./Drivers/STM32F1xx_HAL_Driver/Src/stm32f1xx_hal_tim_ex.o
                0x0800556c                HAL_TIMEx_ConfigBreakDeadTime
 .text.srand    0x080055b8       0x5c C:/ST/STM32CubeIDE_1.17.0/STM32CubeIDE/plugins/com.st.stm32cube.ide.mcu.externaltools.gnu-tools-for-stm32.12.3.rel1.win32_1.1.0.202410251130/tools/bin/../lib/gcc/arm-none-eabi/12.3.1/../../../../arm-none-eabi/lib/thumb/v7-m/nofp\libc_nano.a(libc_a-rand.o)
                0x080055b8                srand
 .text.rand     0x08005614       0x7c C:/ST/STM32CubeIDE_1.17.0/STM32CubeIDE/plugins/com.st.stm32cube.ide.mcu.externaltools.gnu-tools-for-stm32.12.3.rel1.win32_1.1.0.202410251130/tools/bin/../lib/gcc/arm-none-eabi/12.3.1/../../../../arm-none-eabi/lib/thumb/v7-m/nofp\libc_nano.a(libc_a-rand.o)
                0x08005614                rand
 .text.std      0x08005690       0x6c C:/ST/STM32CubeIDE_1.17.0/STM32CubeIDE/plugins/com.st.stm32cube.ide.mcu.externaltools.gnu-tools-for-stm32.12.3.rel1.win32_1.1.0.202410251130/tools/bin/../lib/gcc/arm-none-eabi/12.3.1/../../../../arm-none-eabi/lib/thumb/v7-m/nofp\libc_nano.a(libc_a-findfp.o)
 .text.stdio_exit_handler
                0x080056fc       0x18 C:/ST/STM32CubeIDE_1.17.0/STM32CubeIDE/plugins/com.st.stm32cube.ide.mcu.externaltools.gnu-tools-for-stm32.12.3.rel1.win32_1.1.0.202410251130/tools/bin/../lib/gcc/arm-none-eabi/12.3.1/../../../../arm-none-eabi/lib/thumb/v7-m/nofp\libc_nano.a(libc_a-findfp.o)
 .text.cleanup_stdio
                0x08005714       0x40 C:/ST/STM32CubeIDE_1.17.0/STM32CubeIDE/plugins/com.st.stm32cube.ide.mcu.externaltools.gnu-tools-for-stm32.12.3.rel1.win32_1.1.0.202410251130/tools/bin/../lib/gcc/arm-none-eabi/12.3.1/../../../../arm-none-eabi/lib/thumb/v7-m/nofp\libc_nano.a(libc_a-findfp.o)
 .text.global_stdio_init.part.0
                0x08005754       0x3c C:/ST/STM32CubeIDE_1.17.0/STM32CubeIDE/plugins/com.st.stm32cube.ide.mcu.externaltools.gnu-tools-for-stm32.12.3.rel1.win32_1.1.0.202410251130/tools/bin/../lib/gcc/arm-none-eabi/12.3.1/../../../../arm-none-eabi/lib/thumb/v7-m/nofp\libc_nano.a(libc_a-findfp.o)
 .text.__sfp_lock_acquire
                0x08005790        0xc C:/ST/STM32CubeIDE_1.17.0/STM32CubeIDE/plugins/com.st.stm32cube.ide.mcu.externaltools.gnu-tools-for-stm32.12.3.rel1.win32_1.1.0.202410251130/tools/bin/../lib/gcc/arm-none-eabi/12.3.1/../../../../arm-none-eabi/lib/thumb/v7-m/nofp\libc_nano.a(libc_a-findfp.o)
                0x08005790                __sfp_lock_acquire
 .text.__sfp_lock_release
                0x0800579c        0xc C:/ST/STM32CubeIDE_1.17.0/STM32CubeIDE/plugins/com.st.stm32cube.ide.mcu.externaltools.gnu-tools-for-stm32.12.3.rel1.win32_1.1.0.202410251130/tools/bin/../lib/gcc/arm-none-eabi/12.3.1/../../../../arm-none-eabi/lib/thumb/v7-m/nofp\libc_nano.a(libc_a-findfp.o)
                0x0800579c                __sfp_lock_release
 .text.__sinit  0x080057a8       0x30 C:/ST/STM32CubeIDE_1.17.0/STM32CubeIDE/plugins/com.st.stm32cube.ide.mcu.externaltools.gnu-tools-for-stm32.12.3.rel1.win32_1.1.0.202410251130/tools/bin/../lib/gcc/arm-none-eabi/12.3.1/../../../../arm-none-eabi/lib/thumb/v7-m/nofp\libc_nano.a(libc_a-findfp.o)
                0x080057a8                __sinit
 .text._fwalk_sglue
                0x080057d8       0x3c C:/ST/STM32CubeIDE_1.17.0/STM32CubeIDE/plugins/com.st.stm32cube.ide.mcu.externaltools.gnu-tools-for-stm32.12.3.rel1.win32_1.1.0.202410251130/tools/bin/../lib/gcc/arm-none-eabi/12.3.1/../../../../arm-none-eabi/lib/thumb/v7-m/nofp\libc_nano.a(libc_a-fwalk.o)
                0x080057d8                _fwalk_sglue
 .text.__sread  0x08005814       0x22 C:/ST/STM32CubeIDE_1.17.0/STM32CubeIDE/plugins/com.st.stm32cube.ide.mcu.externaltools.gnu-tools-for-stm32.12.3.rel1.win32_1.1.0.202410251130/tools/bin/../lib/gcc/arm-none-eabi/12.3.1/../../../../arm-none-eabi/lib/thumb/v7-m/nofp\libc_nano.a(libc_a-stdio.o)
                0x08005814                __sread
 .text.__swrite
                0x08005836       0x38 C:/ST/STM32CubeIDE_1.17.0/STM32CubeIDE/plugins/com.st.stm32cube.ide.mcu.externaltools.gnu-tools-for-stm32.12.3.rel1.win32_1.1.0.202410251130/tools/bin/../lib/gcc/arm-none-eabi/12.3.1/../../../../arm-none-eabi/lib/thumb/v7-m/nofp\libc_nano.a(libc_a-stdio.o)
                0x08005836                __swrite
 .text.__sseek  0x0800586e       0x24 C:/ST/STM32CubeIDE_1.17.0/STM32CubeIDE/plugins/com.st.stm32cube.ide.mcu.externaltools.gnu-tools-for-stm32.12.3.rel1.win32_1.1.0.202410251130/tools/bin/../lib/gcc/arm-none-eabi/12.3.1/../../../../arm-none-eabi/lib/thumb/v7-m/nofp\libc_nano.a(libc_a-stdio.o)
                0x0800586e                __sseek
 .text.__sclose
                0x08005892        0x8 C:/ST/STM32CubeIDE_1.17.0/STM32CubeIDE/plugins/com.st.stm32cube.ide.mcu.externaltools.gnu-tools-for-stm32.12.3.rel1.win32_1.1.0.202410251130/tools/bin/../lib/gcc/arm-none-eabi/12.3.1/../../../../arm-none-eabi/lib/thumb/v7-m/nofp\libc_nano.a(libc_a-stdio.o)
                0x08005892                __sclose
 .text.memset   0x0800589a       0x10 C:/ST/STM32CubeIDE_1.17.0/STM32CubeIDE/plugins/com.st.stm32cube.ide.mcu.externaltools.gnu-tools-for-stm32.12.3.rel1.win32_1.1.0.202410251130/tools/bin/../lib/gcc/arm-none-eabi/12.3.1/../../../../arm-none-eabi/lib/thumb/v7-m/nofp\libc_nano.a(libc_a-memset.o)
                0x0800589a                memset
 *fill*         0x080058aa        0x2 
 .text._close_r
                0x080058ac       0x20 C:/ST/STM32CubeIDE_1.17.0/STM32CubeIDE/plugins/com.st.stm32cube.ide.mcu.externaltools.gnu-tools-for-stm32.12.3.rel1.win32_1.1.0.202410251130/tools/bin/../lib/gcc/arm-none-eabi/12.3.1/../../../../arm-none-eabi/lib/thumb/v7-m/nofp\libc_nano.a(libc_a-closer.o)
                0x080058ac                _close_r
 .text._lseek_r
                0x080058cc       0x24 C:/ST/STM32CubeIDE_1.17.0/STM32CubeIDE/plugins/com.st.stm32cube.ide.mcu.externaltools.gnu-tools-for-stm32.12.3.rel1.win32_1.1.0.202410251130/tools/bin/../lib/gcc/arm-none-eabi/12.3.1/../../../../arm-none-eabi/lib/thumb/v7-m/nofp\libc_nano.a(libc_a-lseekr.o)
                0x080058cc                _lseek_r
 .text._read_r  0x080058f0       0x24 C:/ST/STM32CubeIDE_1.17.0/STM32CubeIDE/plugins/com.st.stm32cube.ide.mcu.externaltools.gnu-tools-for-stm32.12.3.rel1.win32_1.1.0.202410251130/tools/bin/../lib/gcc/arm-none-eabi/12.3.1/../../../../arm-none-eabi/lib/thumb/v7-m/nofp\libc_nano.a(libc_a-readr.o)
                0x080058f0                _read_r
 .text._write_r
                0x08005914       0x24 C:/ST/STM32CubeIDE_1.17.0/STM32CubeIDE/plugins/com.st.stm32cube.ide.mcu.externaltools.gnu-tools-for-stm32.12.3.rel1.win32_1.1.0.202410251130/tools/bin/../lib/gcc/arm-none-eabi/12.3.1/../../../../arm-none-eabi/lib/thumb/v7-m/nofp\libc_nano.a(libc_a-writer.o)
                0x08005914                _write_r
 .text.__errno  0x08005938        0xc C:/ST/STM32CubeIDE_1.17.0/STM32CubeIDE/plugins/com.st.stm32cube.ide.mcu.externaltools.gnu-tools-for-stm32.12.3.rel1.win32_1.1.0.202410251130/tools/bin/../lib/gcc/arm-none-eabi/12.3.1/../../../../arm-none-eabi/lib/thumb/v7-m/nofp\libc_nano.a(libc_a-errno.o)
                0x08005938                __errno
 .text.__libc_init_array
                0x08005944       0x48 C:/ST/STM32CubeIDE_1.17.0/STM32CubeIDE/plugins/com.st.stm32cube.ide.mcu.externaltools.gnu-tools-for-stm32.12.3.rel1.win32_1.1.0.202410251130/tools/bin/../lib/gcc/arm-none-eabi/12.3.1/../../../../arm-none-eabi/lib/thumb/v7-m/nofp\libc_nano.a(libc_a-init.o)
                0x08005944                __libc_init_array
 .text.__retarget_lock_init_recursive
                0x0800598c        0x2 C:/ST/STM32CubeIDE_1.17.0/STM32CubeIDE/plugins/com.st.stm32cube.ide.mcu.externaltools.gnu-tools-for-stm32.12.3.rel1.win32_1.1.0.202410251130/tools/bin/../lib/gcc/arm-none-eabi/12.3.1/../../../../arm-none-eabi/lib/thumb/v7-m/nofp\libc_nano.a(libc_a-lock.o)
                0x0800598c                __retarget_lock_init_recursive
 .text.__retarget_lock_acquire_recursive
                0x0800598e        0x2 C:/ST/STM32CubeIDE_1.17.0/STM32CubeIDE/plugins/com.st.stm32cube.ide.mcu.externaltools.gnu-tools-for-stm32.12.3.rel1.win32_1.1.0.202410251130/tools/bin/../lib/gcc/arm-none-eabi/12.3.1/../../../../arm-none-eabi/lib/thumb/v7-m/nofp\libc_nano.a(libc_a-lock.o)
                0x0800598e                __retarget_lock_acquire_recursive
 .text.__retarget_lock_release_recursive
                0x08005990        0x2 C:/ST/STM32CubeIDE_1.17.0/STM32CubeIDE/plugins/com.st.stm32cube.ide.mcu.externaltools.gnu-tools-for-stm32.12.3.rel1.win32_1.1.0.202410251130/tools/bin/../lib/gcc/arm-none-eabi/12.3.1/../../../../arm-none-eabi/lib/thumb/v7-m/nofp\libc_nano.a(libc_a-lock.o)
                0x08005990                __retarget_lock_release_recursive
 *fill*         0x08005992        0x2 
 .text.__assert_func
                0x08005994       0x3c C:/ST/STM32CubeIDE_1.17.0/STM32CubeIDE/plugins/com.st.stm32cube.ide.mcu.externaltools.gnu-tools-for-stm32.12.3.rel1.win32_1.1.0.202410251130/tools/bin/../lib/gcc/arm-none-eabi/12.3.1/../../../../arm-none-eabi/lib/thumb/v7-m/nofp\libc_nano.a(libc_a-assert.o)
                0x08005994                __assert_func
 .text._free_r  0x080059d0       0x90 C:/ST/STM32CubeIDE_1.17.0/STM32CubeIDE/plugins/com.st.stm32cube.ide.mcu.externaltools.gnu-tools-for-stm32.12.3.rel1.win32_1.1.0.202410251130/tools/bin/../lib/gcc/arm-none-eabi/12.3.1/../../../../arm-none-eabi/lib/thumb/v7-m/nofp\libc_nano.a(libc_a-freer.o)
                0x080059d0                _free_r
 .text.malloc   0x08005a60       0x10 C:/ST/STM32CubeIDE_1.17.0/STM32CubeIDE/plugins/com.st.stm32cube.ide.mcu.externaltools.gnu-tools-for-stm32.12.3.rel1.win32_1.1.0.202410251130/tools/bin/../lib/gcc/arm-none-eabi/12.3.1/../../../../arm-none-eabi/lib/thumb/v7-m/nofp\libc_nano.a(libc_a-malloc.o)
                0x08005a60                malloc
 .text.sbrk_aligned
                0x08005a70       0x44 C:/ST/STM32CubeIDE_1.17.0/STM32CubeIDE/plugins/com.st.stm32cube.ide.mcu.externaltools.gnu-tools-for-stm32.12.3.rel1.win32_1.1.0.202410251130/tools/bin/../lib/gcc/arm-none-eabi/12.3.1/../../../../arm-none-eabi/lib/thumb/v7-m/nofp\libc_nano.a(libc_a-mallocr.o)
 .text._malloc_r
                0x08005ab4      0x100 C:/ST/STM32CubeIDE_1.17.0/STM32CubeIDE/plugins/com.st.stm32cube.ide.mcu.externaltools.gnu-tools-for-stm32.12.3.rel1.win32_1.1.0.202410251130/tools/bin/../lib/gcc/arm-none-eabi/12.3.1/../../../../arm-none-eabi/lib/thumb/v7-m/nofp\libc_nano.a(libc_a-mallocr.o)
                0x08005ab4                _malloc_r
 .text.__malloc_lock
                0x08005bb4        0xc C:/ST/STM32CubeIDE_1.17.0/STM32CubeIDE/plugins/com.st.stm32cube.ide.mcu.externaltools.gnu-tools-for-stm32.12.3.rel1.win32_1.1.0.202410251130/tools/bin/../lib/gcc/arm-none-eabi/12.3.1/../../../../arm-none-eabi/lib/thumb/v7-m/nofp\libc_nano.a(libc_a-mlock.o)
                0x08005bb4                __malloc_lock
 .text.__malloc_unlock
                0x08005bc0        0xc C:/ST/STM32CubeIDE_1.17.0/STM32CubeIDE/plugins/com.st.stm32cube.ide.mcu.externaltools.gnu-tools-for-stm32.12.3.rel1.win32_1.1.0.202410251130/tools/bin/../lib/gcc/arm-none-eabi/12.3.1/../../../../arm-none-eabi/lib/thumb/v7-m/nofp\libc_nano.a(libc_a-mlock.o)
                0x08005bc0                __malloc_unlock
 .text.__sflush_r
                0x08005bcc      0x100 C:/ST/STM32CubeIDE_1.17.0/STM32CubeIDE/plugins/com.st.stm32cube.ide.mcu.externaltools.gnu-tools-for-stm32.12.3.rel1.win32_1.1.0.202410251130/tools/bin/../lib/gcc/arm-none-eabi/12.3.1/../../../../arm-none-eabi/lib/thumb/v7-m/nofp\libc_nano.a(libc_a-fflush.o)
                0x08005bcc                __sflush_r
 .text._fflush_r
                0x08005ccc       0x50 C:/ST/STM32CubeIDE_1.17.0/STM32CubeIDE/plugins/com.st.stm32cube.ide.mcu.externaltools.gnu-tools-for-stm32.12.3.rel1.win32_1.1.0.202410251130/tools/bin/../lib/gcc/arm-none-eabi/12.3.1/../../../../arm-none-eabi/lib/thumb/v7-m/nofp\libc_nano.a(libc_a-fflush.o)
                0x08005ccc                _fflush_r
 .text.fprintf  0x08005d1c       0x24 C:/ST/STM32CubeIDE_1.17.0/STM32CubeIDE/plugins/com.st.stm32cube.ide.mcu.externaltools.gnu-tools-for-stm32.12.3.rel1.win32_1.1.0.202410251130/tools/bin/../lib/gcc/arm-none-eabi/12.3.1/../../../../arm-none-eabi/lib/thumb/v7-m/nofp\libc_nano.a(libc_a-fprintf.o)
                0x08005d1c                fiprintf
                0x08005d1c                fprintf
 .text._sbrk_r  0x08005d40       0x20 C:/ST/STM32CubeIDE_1.17.0/STM32CubeIDE/plugins/com.st.stm32cube.ide.mcu.externaltools.gnu-tools-for-stm32.12.3.rel1.win32_1.1.0.202410251130/tools/bin/../lib/gcc/arm-none-eabi/12.3.1/../../../../arm-none-eabi/lib/thumb/v7-m/nofp\libc_nano.a(libc_a-sbrkr.o)
                0x08005d40                _sbrk_r
 .text.abort    0x08005d60        0xe C:/ST/STM32CubeIDE_1.17.0/STM32CubeIDE/plugins/com.st.stm32cube.ide.mcu.externaltools.gnu-tools-for-stm32.12.3.rel1.win32_1.1.0.202410251130/tools/bin/../lib/gcc/arm-none-eabi/12.3.1/../../../../arm-none-eabi/lib/thumb/v7-m/nofp\libc_nano.a(libc_a-abort.o)
                0x08005d60                abort
 .text.__sfputc_r
                0x08005d6e       0x2a C:/ST/STM32CubeIDE_1.17.0/STM32CubeIDE/plugins/com.st.stm32cube.ide.mcu.externaltools.gnu-tools-for-stm32.12.3.rel1.win32_1.1.0.202410251130/tools/bin/../lib/gcc/arm-none-eabi/12.3.1/../../../../arm-none-eabi/lib/thumb/v7-m/nofp\libc_nano.a(libc_a-nano-vfprintf.o)
 .text.__sfputs_r
                0x08005d98       0x24 C:/ST/STM32CubeIDE_1.17.0/STM32CubeIDE/plugins/com.st.stm32cube.ide.mcu.externaltools.gnu-tools-for-stm32.12.3.rel1.win32_1.1.0.202410251130/tools/bin/../lib/gcc/arm-none-eabi/12.3.1/../../../../arm-none-eabi/lib/thumb/v7-m/nofp\libc_nano.a(libc_a-nano-vfprintf.o)
                0x08005d98                __sfputs_r
 .text._vfprintf_r
                0x08005dbc      0x230 C:/ST/STM32CubeIDE_1.17.0/STM32CubeIDE/plugins/com.st.stm32cube.ide.mcu.externaltools.gnu-tools-for-stm32.12.3.rel1.win32_1.1.0.202410251130/tools/bin/../lib/gcc/arm-none-eabi/12.3.1/../../../../arm-none-eabi/lib/thumb/v7-m/nofp\libc_nano.a(libc_a-nano-vfprintf.o)
                0x08005dbc                _vfprintf_r
                0x08005dbc                _vfiprintf_r
 .text._printf_common
                0x08005fec       0xe4 C:/ST/STM32CubeIDE_1.17.0/STM32CubeIDE/plugins/com.st.stm32cube.ide.mcu.externaltools.gnu-tools-for-stm32.12.3.rel1.win32_1.1.0.202410251130/tools/bin/../lib/gcc/arm-none-eabi/12.3.1/../../../../arm-none-eabi/lib/thumb/v7-m/nofp\libc_nano.a(libc_a-nano-vfprintf_i.o)
                0x08005fec                _printf_common
 .text._printf_i
                0x080060d0      0x240 C:/ST/STM32CubeIDE_1.17.0/STM32CubeIDE/plugins/com.st.stm32cube.ide.mcu.externaltools.gnu-tools-for-stm32.12.3.rel1.win32_1.1.0.202410251130/tools/bin/../lib/gcc/arm-none-eabi/12.3.1/../../../../arm-none-eabi/lib/thumb/v7-m/nofp\libc_nano.a(libc_a-nano-vfprintf_i.o)
                0x080060d0                _printf_i
 .text.__swbuf_r
                0x08006310       0x7c C:/ST/STM32CubeIDE_1.17.0/STM32CubeIDE/plugins/com.st.stm32cube.ide.mcu.externaltools.gnu-tools-for-stm32.12.3.rel1.win32_1.1.0.202410251130/tools/bin/../lib/gcc/arm-none-eabi/12.3.1/../../../../arm-none-eabi/lib/thumb/v7-m/nofp\libc_nano.a(libc_a-wbuf.o)
                0x08006310                __swbuf_r
 .text.__swsetup_r
                0x0800638c       0xac C:/ST/STM32CubeIDE_1.17.0/STM32CubeIDE/plugins/com.st.stm32cube.ide.mcu.externaltools.gnu-tools-for-stm32.12.3.rel1.win32_1.1.0.202410251130/tools/bin/../lib/gcc/arm-none-eabi/12.3.1/../../../../arm-none-eabi/lib/thumb/v7-m/nofp\libc_nano.a(libc_a-wsetup.o)
                0x0800638c                __swsetup_r
 .text._raise_r
                0x08006438       0x50 C:/ST/STM32CubeIDE_1.17.0/STM32CubeIDE/plugins/com.st.stm32cube.ide.mcu.externaltools.gnu-tools-for-stm32.12.3.rel1.win32_1.1.0.202410251130/tools/bin/../lib/gcc/arm-none-eabi/12.3.1/../../../../arm-none-eabi/lib/thumb/v7-m/nofp\libc_nano.a(libc_a-signal.o)
                0x08006438                _raise_r
 .text.raise    0x08006488       0x10 C:/ST/STM32CubeIDE_1.17.0/STM32CubeIDE/plugins/com.st.stm32cube.ide.mcu.externaltools.gnu-tools-for-stm32.12.3.rel1.win32_1.1.0.202410251130/tools/bin/../lib/gcc/arm-none-eabi/12.3.1/../../../../arm-none-eabi/lib/thumb/v7-m/nofp\libc_nano.a(libc_a-signal.o)
                0x08006488                raise
 .text._kill_r  0x08006498       0x24 C:/ST/STM32CubeIDE_1.17.0/STM32CubeIDE/plugins/com.st.stm32cube.ide.mcu.externaltools.gnu-tools-for-stm32.12.3.rel1.win32_1.1.0.202410251130/tools/bin/../lib/gcc/arm-none-eabi/12.3.1/../../../../arm-none-eabi/lib/thumb/v7-m/nofp\libc_nano.a(libc_a-signalr.o)
                0x08006498                _kill_r
 .text._getpid_r
                0x080064bc        0x4 C:/ST/STM32CubeIDE_1.17.0/STM32CubeIDE/plugins/com.st.stm32cube.ide.mcu.externaltools.gnu-tools-for-stm32.12.3.rel1.win32_1.1.0.202410251130/tools/bin/../lib/gcc/arm-none-eabi/12.3.1/../../../../arm-none-eabi/lib/thumb/v7-m/nofp\libc_nano.a(libc_a-signalr.o)
                0x080064bc                _getpid_r
 .text.memchr   0x080064c0       0x1c C:/ST/STM32CubeIDE_1.17.0/STM32CubeIDE/plugins/com.st.stm32cube.ide.mcu.externaltools.gnu-tools-for-stm32.12.3.rel1.win32_1.1.0.202410251130/tools/bin/../lib/gcc/arm-none-eabi/12.3.1/../../../../arm-none-eabi/lib/thumb/v7-m/nofp\libc_nano.a(libc_a-memchr-stub.o)
                0x080064c0                memchr
 .text.__swhatbuf_r
                0x080064dc       0x4a C:/ST/STM32CubeIDE_1.17.0/STM32CubeIDE/plugins/com.st.stm32cube.ide.mcu.externaltools.gnu-tools-for-stm32.12.3.rel1.win32_1.1.0.202410251130/tools/bin/../lib/gcc/arm-none-eabi/12.3.1/../../../../arm-none-eabi/lib/thumb/v7-m/nofp\libc_nano.a(libc_a-makebuf.o)
                0x080064dc                __swhatbuf_r
 .text.__smakebuf_r
                0x08006526       0x78 C:/ST/STM32CubeIDE_1.17.0/STM32CubeIDE/plugins/com.st.stm32cube.ide.mcu.externaltools.gnu-tools-for-stm32.12.3.rel1.win32_1.1.0.202410251130/tools/bin/../lib/gcc/arm-none-eabi/12.3.1/../../../../arm-none-eabi/lib/thumb/v7-m/nofp\libc_nano.a(libc_a-makebuf.o)
                0x08006526                __smakebuf_r
 *fill*         0x0800659e        0x2 
 .text._fstat_r
                0x080065a0       0x24 C:/ST/STM32CubeIDE_1.17.0/STM32CubeIDE/plugins/com.st.stm32cube.ide.mcu.externaltools.gnu-tools-for-stm32.12.3.rel1.win32_1.1.0.202410251130/tools/bin/../lib/gcc/arm-none-eabi/12.3.1/../../../../arm-none-eabi/lib/thumb/v7-m/nofp\libc_nano.a(libc_a-fstatr.o)
                0x080065a0                _fstat_r
 .text._isatty_r
                0x080065c4       0x20 C:/ST/STM32CubeIDE_1.17.0/STM32CubeIDE/plugins/com.st.stm32cube.ide.mcu.externaltools.gnu-tools-for-stm32.12.3.rel1.win32_1.1.0.202410251130/tools/bin/../lib/gcc/arm-none-eabi/12.3.1/../../../../arm-none-eabi/lib/thumb/v7-m/nofp\libc_nano.a(libc_a-isattyr.o)
                0x080065c4                _isatty_r
 *(.glue_7)
 .glue_7        0x080065e4        0x0 linker stubs
 *(.glue_7t)
 .glue_7t       0x080065e4        0x0 linker stubs
 *(.eh_frame)
 .eh_frame      0x080065e4        0x0 C:/ST/STM32CubeIDE_1.17.0/STM32CubeIDE/plugins/com.st.stm32cube.ide.mcu.externaltools.gnu-tools-for-stm32.12.3.rel1.win32_1.1.0.202410251130/tools/bin/../lib/gcc/arm-none-eabi/12.3.1/thumb/v7-m/nofp/crtbegin.o
 *(.init)
 .init          0x080065e4        0x4 C:/ST/STM32CubeIDE_1.17.0/STM32CubeIDE/plugins/com.st.stm32cube.ide.mcu.externaltools.gnu-tools-for-stm32.12.3.rel1.win32_1.1.0.202410251130/tools/bin/../lib/gcc/arm-none-eabi/12.3.1/thumb/v7-m/nofp/crti.o
                0x080065e4                _init
 .init          0x080065e8        0x8 C:/ST/STM32CubeIDE_1.17.0/STM32CubeIDE/plugins/com.st.stm32cube.ide.mcu.externaltools.gnu-tools-for-stm32.12.3.rel1.win32_1.1.0.202410251130/tools/bin/../lib/gcc/arm-none-eabi/12.3.1/thumb/v7-m/nofp/crtn.o
 *(.fini)
 .fini          0x080065f0        0x4 C:/ST/STM32CubeIDE_1.17.0/STM32CubeIDE/plugins/com.st.stm32cube.ide.mcu.externaltools.gnu-tools-for-stm32.12.3.rel1.win32_1.1.0.202410251130/tools/bin/../lib/gcc/arm-none-eabi/12.3.1/thumb/v7-m/nofp/crti.o
                0x080065f0                _fini
 .fini          0x080065f4        0x8 C:/ST/STM32CubeIDE_1.17.0/STM32CubeIDE/plugins/com.st.stm32cube.ide.mcu.externaltools.gnu-tools-for-stm32.12.3.rel1.win32_1.1.0.202410251130/tools/bin/../lib/gcc/arm-none-eabi/12.3.1/thumb/v7-m/nofp/crtn.o
                0x080065fc                        . = ALIGN (0x4)
                0x080065fc                        _etext = .

.vfp11_veneer   0x080065fc        0x0
 .vfp11_veneer  0x080065fc        0x0 linker stubs

.v4_bx          0x080065fc        0x0
 .v4_bx         0x080065fc        0x0 linker stubs

.iplt           0x080065fc        0x0
 .iplt          0x080065fc        0x0 C:/ST/STM32CubeIDE_1.17.0/STM32CubeIDE/plugins/com.st.stm32cube.ide.mcu.externaltools.gnu-tools-for-stm32.12.3.rel1.win32_1.1.0.202410251130/tools/bin/../lib/gcc/arm-none-eabi/12.3.1/thumb/v7-m/nofp/crtbegin.o

.rodata         0x080065fc     0x1df0
                0x080065fc                        . = ALIGN (0x4)
 *(.rodata)
 .rodata        0x080065fc        0xd ./Core/Src/drv_LCD_ST7565_SPI.o
 *(.rodata*)
 .rodata.ShutDownLB.str1.1
                0x08006609       0x34 ./Core/Src/common.o
 .rodata.ShutDown.str1.1
                0x0800663d        0xe ./Core/Src/common.o
 .rodata.LCD_printstr8x5.str1.1
                0x0800664b        0x5 ./Core/Src/drv_LCD_ST7565_SPI.o
 .rodata.month  0x08006650       0x30 ./Core/Src/drv_LCD_ST7565_SPI.o
 .rodata.weekday
                0x08006680       0x15 ./Core/Src/drv_LCD_ST7565_SPI.o
 .rodata.but_sel_hint
                0x08006695      0x400 ./Core/Src/drv_LCD_ST7565_SPI.o
 .rodata.menu_pointer
                0x08006a95        0x8 ./Core/Src/drv_LCD_ST7565_SPI.o
 .rodata.bright_lvl
                0x08006a9d       0x78 ./Core/Src/drv_LCD_ST7565_SPI.o
 .rodata.bright_icon
                0x08006b15        0x8 ./Core/Src/drv_LCD_ST7565_SPI.o
 .rodata.GameStatusBar
                0x08006b1d       0x80 ./Core/Src/drv_LCD_ST7565_SPI.o
 .rodata.battary_2
                0x08006b9d       0x78 ./Core/Src/drv_LCD_ST7565_SPI.o
 .rodata.char_8x5
                0x08006c15      0x500 ./Core/Src/drv_LCD_ST7565_SPI.o
 .rodata.setdatetime.str1.1
                0x08007115       0x16 ./Core/Src/mainmenu.o
 .rodata.testscreen.str1.1
                0x0800712b       0x26 ./Core/Src/mainmenu.o
 .rodata.MainMenu.str1.1
                0x08007151       0x3e ./Core/Src/mainmenu.o
                                 0x43 (size before relaxing)
 .rodata.APBPrescTable
                0x0800718f        0x8 ./Core/Src/system_stm32f1xx.o
                0x0800718f                APBPrescTable
 .rodata.AHBPrescTable
                0x08007197       0x10 ./Core/Src/system_stm32f1xx.o
                0x08007197                AHBPrescTable
 .rodata.statehandler_gameinitnew.str1.1
                0x080071a7        0x9 ./Core/Src/ufo_battle.o
 .rodata.statehandler_gamerun.str1.1
                0x080071b0       0x3e ./Core/Src/ufo_battle.o
 .rodata.statehandler_menumain.str1.1
                0x080071ee       0x36 ./Core/Src/ufo_battle.o
 .rodata.statehandler_menuload.str1.1
                0x08007224       0x14 ./Core/Src/ufo_battle.o
 .rodata.statehandler_menupause.str1.1
                0x08007238       0x21 ./Core/Src/ufo_battle.o
 .rodata.statehandler_menusave.str1.1
                0x08007259       0x10 ./Core/Src/ufo_battle.o
 .rodata.statehandler_magazin.str1.1
                0x08007269       0x68 ./Core/Src/ufo_battle.o
 *fill*         0x080072d1        0x3 
 .rodata.gamestate_transition_table
                0x080072d4      0x168 ./Core/Src/ufo_battle.o
                0x080072d4                gamestate_transition_table
 .rodata.gamestory_string
                0x0800743c      0x708 ./Core/Src/ufo_battle.o
 .rodata.smallstar_sprite
                0x08007b44       0x48 ./Core/Src/ufo_battle.o
 .rodata.smallstar
                0x08007b8c       0x30 ./Core/Src/ufo_battle.o
 .rodata.coin_sprite
                0x08007bbc        0xc ./Core/Src/ufo_battle.o
 .rodata.coin   0x08007bc8        0x8 ./Core/Src/ufo_battle.o
 .rodata.bombshards_sprite
                0x08007bd0       0x24 ./Core/Src/ufo_battle.o
 .rodata.BombShards
                0x08007bf4      0x258 ./Core/Src/ufo_battle.o
 .rodata.bomb_sprite
                0x08007e4c       0x30 ./Core/Src/ufo_battle.o
 .rodata.bomb   0x08007e7c       0x20 ./Core/Src/ufo_battle.o
 .rodata.minimag_sprite
                0x08007e9c        0xc ./Core/Src/ufo_battle.o
 .rodata.minimag
                0x08007ea8       0xa0 ./Core/Src/ufo_battle.o
 .rodata.magazin_sprite
                0x08007f48        0xc ./Core/Src/ufo_battle.o
 .rodata.Magazin
                0x08007f54      0x1c0 ./Core/Src/ufo_battle.o
 .rodata.distr_evilstar_sprite
                0x08008114        0xc ./Core/Src/ufo_battle.o
 .rodata.distr_evilstar
                0x08008120       0x38 ./Core/Src/ufo_battle.o
 .rodata.evilstar_sprite
                0x08008158        0xc ./Core/Src/ufo_battle.o
 .rodata.evilstar
                0x08008164       0x38 ./Core/Src/ufo_battle.o
 .rodata.bullet_sprite
                0x0800819c        0xc ./Core/Src/ufo_battle.o
 .rodata.gamer_bullet
                0x080081a8        0x4 ./Core/Src/ufo_battle.o
 .rodata.gamer_dead_1_sprite
                0x080081ac        0xc ./Core/Src/ufo_battle.o
 .rodata.gamer_dead_1
                0x080081b8       0x42 ./Core/Src/ufo_battle.o
 *fill*         0x080081fa        0x2 
 .rodata.gamer_dead_0_sprite
                0x080081fc        0xc ./Core/Src/ufo_battle.o
 .rodata.gamer_dead_0
                0x08008208       0x42 ./Core/Src/ufo_battle.o
 *fill*         0x0800824a        0x2 
 .rodata.gamer_gas_sprite
                0x0800824c        0xc ./Core/Src/ufo_battle.o
 .rodata.gamer_gasmask
                0x08008258       0x42 ./Core/Src/ufo_battle.o
 *fill*         0x0800829a        0x2 
 .rodata.gamer_sprite
                0x0800829c        0xc ./Core/Src/ufo_battle.o
 .rodata.gamer  0x080082a8       0x42 ./Core/Src/ufo_battle.o
 .rodata.aPredivFactorTable.0
                0x080082ea        0x2 ./Drivers/STM32F1xx_HAL_Driver/Src/stm32f1xx_hal_rcc.o
 .rodata.aPLLMULFactorTable.1
                0x080082ec       0x10 ./Drivers/STM32F1xx_HAL_Driver/Src/stm32f1xx_hal_rcc.o
 .rodata.aPredivFactorTable.0
                0x080082fc        0x2 ./Drivers/STM32F1xx_HAL_Driver/Src/stm32f1xx_hal_rcc_ex.o
 .rodata.aPLLMULFactorTable.1
                0x080082fe       0x10 ./Drivers/STM32F1xx_HAL_Driver/Src/stm32f1xx_hal_rcc_ex.o
 .rodata.srand.str1.1
                0x0800830e       0x6f C:/ST/STM32CubeIDE_1.17.0/STM32CubeIDE/plugins/com.st.stm32cube.ide.mcu.externaltools.gnu-tools-for-stm32.12.3.rel1.win32_1.1.0.202410251130/tools/bin/../lib/gcc/arm-none-eabi/12.3.1/../../../../arm-none-eabi/lib/thumb/v7-m/nofp\libc_nano.a(libc_a-rand.o)
 .rodata.__assert_func.str1.1
                0x0800837d       0x3c C:/ST/STM32CubeIDE_1.17.0/STM32CubeIDE/plugins/com.st.stm32cube.ide.mcu.externaltools.gnu-tools-for-stm32.12.3.rel1.win32_1.1.0.202410251130/tools/bin/../lib/gcc/arm-none-eabi/12.3.1/../../../../arm-none-eabi/lib/thumb/v7-m/nofp\libc_nano.a(libc_a-assert.o)
                                 0x3d (size before relaxing)
 .rodata._vfprintf_r.str1.1
                0x080083b9       0x11 C:/ST/STM32CubeIDE_1.17.0/STM32CubeIDE/plugins/com.st.stm32cube.ide.mcu.externaltools.gnu-tools-for-stm32.12.3.rel1.win32_1.1.0.202410251130/tools/bin/../lib/gcc/arm-none-eabi/12.3.1/../../../../arm-none-eabi/lib/thumb/v7-m/nofp\libc_nano.a(libc_a-nano-vfprintf.o)
 .rodata._printf_i.str1.1
                0x080083ca       0x22 C:/ST/STM32CubeIDE_1.17.0/STM32CubeIDE/plugins/com.st.stm32cube.ide.mcu.externaltools.gnu-tools-for-stm32.12.3.rel1.win32_1.1.0.202410251130/tools/bin/../lib/gcc/arm-none-eabi/12.3.1/../../../../arm-none-eabi/lib/thumb/v7-m/nofp\libc_nano.a(libc_a-nano-vfprintf_i.o)
                0x080083ec                        . = ALIGN (0x4)

.ARM.extab      0x080083ec        0x0
                0x080083ec                        . = ALIGN (0x4)
 *(.ARM.extab* .gnu.linkonce.armextab.*)
                0x080083ec                        . = ALIGN (0x4)

.ARM            0x080083ec        0x0
                0x080083ec                        . = ALIGN (0x4)
                0x080083ec                        __exidx_start = .
 *(.ARM.exidx*)
                0x080083ec                        __exidx_end = .
                0x080083ec                        . = ALIGN (0x4)

.preinit_array  0x080083ec        0x0
                0x080083ec                        . = ALIGN (0x4)
                0x080083ec                        PROVIDE (__preinit_array_start = .)
 *(.preinit_array*)
                0x080083ec                        PROVIDE (__preinit_array_end = .)
                0x080083ec                        . = ALIGN (0x4)

.init_array     0x080083ec        0x4
                0x080083ec                        . = ALIGN (0x4)
                0x080083ec                        PROVIDE (__init_array_start = .)
 *(SORT_BY_NAME(.init_array.*))
 *(.init_array*)
 .init_array    0x080083ec        0x4 C:/ST/STM32CubeIDE_1.17.0/STM32CubeIDE/plugins/com.st.stm32cube.ide.mcu.externaltools.gnu-tools-for-stm32.12.3.rel1.win32_1.1.0.202410251130/tools/bin/../lib/gcc/arm-none-eabi/12.3.1/thumb/v7-m/nofp/crtbegin.o
                0x080083f0                        PROVIDE (__init_array_end = .)
                0x080083f0                        . = ALIGN (0x4)

.fini_array     0x080083f0        0x4
                0x080083f0                        . = ALIGN (0x4)
                [!provide]                        PROVIDE (__fini_array_start = .)
 *(SORT_BY_NAME(.fini_array.*))
 *(.fini_array*)
 .fini_array    0x080083f0        0x4 C:/ST/STM32CubeIDE_1.17.0/STM32CubeIDE/plugins/com.st.stm32cube.ide.mcu.externaltools.gnu-tools-for-stm32.12.3.rel1.win32_1.1.0.202410251130/tools/bin/../lib/gcc/arm-none-eabi/12.3.1/thumb/v7-m/nofp/crtbegin.o
                [!provide]                        PROVIDE (__fini_array_end = .)
                0x080083f4                        . = ALIGN (0x4)
                0x080083f4                        _sidata = LOADADDR (.data)

.rel.dyn        0x080083f4        0x0
 .rel.iplt      0x080083f4        0x0 C:/ST/STM32CubeIDE_1.17.0/STM32CubeIDE/plugins/com.st.stm32cube.ide.mcu.externaltools.gnu-tools-for-stm32.12.3.rel1.win32_1.1.0.202410251130/tools/bin/../lib/gcc/arm-none-eabi/12.3.1/thumb/v7-m/nofp/crtbegin.o

.data           0x20000000       0xb4 load address 0x080083f4
                0x20000000                        . = ALIGN (0x4)
                0x20000000                        _sdata = .
 *(.data)
 *(.data*)
 .data.Umin.1   0x20000000        0x1 ./Core/Src/common.o
 .data.Umax.2   0x20000001        0x1 ./Core/Src/common.o
 *fill*         0x20000002        0x2 
 .data.BTN_STUCK_ON_DELAY
                0x20000004        0x4 ./Core/Src/common.o
                0x20000004                BTN_STUCK_ON_DELAY
 .data.BTN_HOLD_ON_DELAY
                0x20000008        0x4 ./Core/Src/common.o
                0x20000008                BTN_HOLD_ON_DELAY
 .data.brightPWM
                0x2000000c        0x1 ./Core/Src/common.o
                0x2000000c                brightPWM
 *fill*         0x2000000d        0x3 
 .data.CFlags   0x20000010        0x4 ./Core/Src/common.o
                0x20000010                CFlags
 .data.SystemCoreClock
                0x20000014        0x4 ./Core/Src/system_stm32f1xx.o
                0x20000014                SystemCoreClock
 .data.j.1      0x20000018        0x1 ./Core/Src/ufo_battle.o
 .data.k.2      0x20000019        0x1 ./Core/Src/ufo_battle.o
 .data.deadgamerdrawcounter.5
                0x2000001a        0x1 ./Core/Src/ufo_battle.o
 .data.gameslot2
                0x2000001b       0x14 ./Core/Src/ufo_battle.o
                0x2000001b                gameslot2
 .data.gameslot1
                0x2000002f       0x14 ./Core/Src/ufo_battle.o
                0x2000002f                gameslot1
 *fill*         0x20000043        0x1 
 .data.PRD_GAMER_ENERGYREGEN
                0x20000044        0x4 ./Core/Src/ufo_battle.o
                0x20000044                PRD_GAMER_ENERGYREGEN
 .data.PRD_ENEMY_MOVE
                0x20000048        0x1 ./Core/Src/ufo_battle.o
                0x20000048                PRD_ENEMY_MOVE
 *fill*         0x20000049        0x3 
 .data.PRD_EVILSTAR_CREATE
                0x2000004c        0x4 ./Core/Src/ufo_battle.o
                0x2000004c                PRD_EVILSTAR_CREATE
 .data.MinMagaz
                0x20000050        0x3 ./Core/Src/ufo_battle.o
                0x20000050                MinMagaz
 .data.uwTickFreq
                0x20000053        0x1 ./Drivers/STM32F1xx_HAL_Driver/Src/stm32f1xx_hal.o
                0x20000053                uwTickFreq
 .data.uwTickPrio
                0x20000054        0x4 ./Drivers/STM32F1xx_HAL_Driver/Src/stm32f1xx_hal.o
                0x20000054                uwTickPrio
 .data.__sglue  0x20000058        0xc C:/ST/STM32CubeIDE_1.17.0/STM32CubeIDE/plugins/com.st.stm32cube.ide.mcu.externaltools.gnu-tools-for-stm32.12.3.rel1.win32_1.1.0.202410251130/tools/bin/../lib/gcc/arm-none-eabi/12.3.1/../../../../arm-none-eabi/lib/thumb/v7-m/nofp\libc_nano.a(libc_a-findfp.o)
                0x20000058                __sglue
 .data._impure_ptr
                0x20000064        0x4 C:/ST/STM32CubeIDE_1.17.0/STM32CubeIDE/plugins/com.st.stm32cube.ide.mcu.externaltools.gnu-tools-for-stm32.12.3.rel1.win32_1.1.0.202410251130/tools/bin/../lib/gcc/arm-none-eabi/12.3.1/../../../../arm-none-eabi/lib/thumb/v7-m/nofp\libc_nano.a(libc_a-impure.o)
                0x20000064                _impure_ptr
 .data._impure_data
                0x20000068       0x4c C:/ST/STM32CubeIDE_1.17.0/STM32CubeIDE/plugins/com.st.stm32cube.ide.mcu.externaltools.gnu-tools-for-stm32.12.3.rel1.win32_1.1.0.202410251130/tools/bin/../lib/gcc/arm-none-eabi/12.3.1/../../../../arm-none-eabi/lib/thumb/v7-m/nofp\libc_nano.a(libc_a-impure.o)
                0x20000068                _impure_data
 *(.RamFunc)
 *(.RamFunc*)
                0x200000b4                        . = ALIGN (0x4)
                0x200000b4                        _edata = .

.igot.plt       0x200000b4        0x0 load address 0x080084a8
 .igot.plt      0x200000b4        0x0 C:/ST/STM32CubeIDE_1.17.0/STM32CubeIDE/plugins/com.st.stm32cube.ide.mcu.externaltools.gnu-tools-for-stm32.12.3.rel1.win32_1.1.0.202410251130/tools/bin/../lib/gcc/arm-none-eabi/12.3.1/thumb/v7-m/nofp/crtbegin.o
                0x200000b4                        . = ALIGN (0x4)

.bss            0x200000b4      0xaec load address 0x080084a8
                0x200000b4                        _sbss = .
                0x200000b4                        __bss_start__ = _sbss
 *(.bss)
 .bss           0x200000b4       0x1c C:/ST/STM32CubeIDE_1.17.0/STM32CubeIDE/plugins/com.st.stm32cube.ide.mcu.externaltools.gnu-tools-for-stm32.12.3.rel1.win32_1.1.0.202410251130/tools/bin/../lib/gcc/arm-none-eabi/12.3.1/thumb/v7-m/nofp/crtbegin.o
 *(.bss*)
 .bss.reslvl.0  0x200000d0        0x1 ./Core/Src/common.o
 .bss.brightlvl
                0x200000d1        0x1 ./Core/Src/common.o
                0x200000d1                brightlvl
 .bss.batlvl    0x200000d2        0x1 ./Core/Src/common.o
                0x200000d2                batlvl
 .bss.Ubat      0x200000d3        0x1 ./Core/Src/common.o
                0x200000d3                Ubat
 .bss.rtcraw    0x200000d4        0xc ./Core/Src/common.o
                0x200000d4                rtcraw
 .bss.timestamp
                0x200000e0        0x4 ./Core/Src/common.o
                0x200000e0                timestamp
 .bss.joystick  0x200000e4        0x3 ./Core/Src/common.o
                0x200000e4                joystick
 *fill*         0x200000e7        0x1 
 .bss.B4        0x200000e8       0x18 ./Core/Src/common.o
                0x200000e8                B4
 .bss.B3        0x20000100       0x18 ./Core/Src/common.o
                0x20000100                B3
 .bss.B2        0x20000118       0x18 ./Core/Src/common.o
                0x20000118                B2
 .bss.B1        0x20000130       0x18 ./Core/Src/common.o
                0x20000130                B1
 .bss.bufcl     0x20000148        0x1 ./Core/Src/drv_LCD_ST7565_SPI.o
                0x20000148                bufcl
 .bss.bufpg     0x20000149        0x1 ./Core/Src/drv_LCD_ST7565_SPI.o
                0x20000149                bufpg
 .bss.dispbuffer
                0x2000014a      0x400 ./Core/Src/drv_LCD_ST7565_SPI.o
                0x2000014a                dispbuffer
 *fill*         0x2000054a        0x2 
 .bss.timer_adc.0
                0x2000054c        0x4 ./Core/Src/main.o
 .bss.adc_complete_fl
                0x20000550        0x1 ./Core/Src/main.o
                0x20000550                adc_complete_fl
 *fill*         0x20000551        0x1 
 .bss.ADC_data  0x20000552        0x6 ./Core/Src/main.o
                0x20000552                ADC_data
 .bss.htim1     0x20000558       0x48 ./Core/Src/main.o
                0x20000558                htim1
 .bss.hspi2     0x200005a0       0x58 ./Core/Src/main.o
                0x200005a0                hspi2
 .bss.hspi1     0x200005f8       0x58 ./Core/Src/main.o
                0x200005f8                hspi1
 .bss.hrtc      0x20000650       0x14 ./Core/Src/main.o
                0x20000650                hrtc
 .bss.hdma_adc1
                0x20000664       0x44 ./Core/Src/main.o
                0x20000664                hdma_adc1
 .bss.hadc1     0x200006a8       0x30 ./Core/Src/main.o
                0x200006a8                hadc1
 .bss.SchedulerEvent
                0x200006d8      0x1e0 ./Core/Src/scheduler.o
                0x200006d8                SchedulerEvent
 .bss.SchedulerRegistredEvents
                0x200008b8        0x1 ./Core/Src/scheduler.o
 *fill*         0x200008b9        0x3 
 .bss.__sbrk_heap_end
                0x200008bc        0x4 ./Core/Src/sysmem.o
 .bss.counter.0
                0x200008c0        0x1 ./Core/Src/ufo_battle.o
 .bss.somethinghappen.3
                0x200008c1        0x1 ./Core/Src/ufo_battle.o
 .bss.somethinghappen.4
                0x200008c2        0x1 ./Core/Src/ufo_battle.o
 *fill*         0x200008c3        0x1 
 .bss.tempcounter.6
                0x200008c4        0x4 ./Core/Src/ufo_battle.o
 .bss.counter.7
                0x200008c8        0x1 ./Core/Src/ufo_battle.o
 .bss.l.8       0x200008c9        0x1 ./Core/Src/ufo_battle.o
 .bss.k.9       0x200008ca        0x1 ./Core/Src/ufo_battle.o
 .bss.prd.10    0x200008cb        0x1 ./Core/Src/ufo_battle.o
 .bss.gameevent
                0x200008cc        0x1 ./Core/Src/ufo_battle.o
                0x200008cc                gameevent
 .bss.coursorpos
                0x200008cd        0x1 ./Core/Src/ufo_battle.o
                0x200008cd                coursorpos
 .bss.gamestate
                0x200008ce        0x1 ./Core/Src/ufo_battle.o
                0x200008ce                gamestate
 *fill*         0x200008cf        0x1 
 .bss.GameFlags
                0x200008d0        0x4 ./Core/Src/ufo_battle.o
                0x200008d0                GameFlags
 .bss.StarsKilled
                0x200008d4        0x4 ./Core/Src/ufo_battle.o
                0x200008d4                StarsKilled
 .bss.CoinReceived
                0x200008d8        0x4 ./Core/Src/ufo_battle.o
                0x200008d8                CoinReceived
 .bss.TotalCoins
                0x200008dc        0x4 ./Core/Src/ufo_battle.o
                0x200008dc                TotalCoins
 .bss.TotalStars
                0x200008e0        0x4 ./Core/Src/ufo_battle.o
                0x200008e0                TotalStars
 .bss.GAME_STORY_STRING_NUM
                0x200008e4        0x1 ./Core/Src/ufo_battle.o
                0x200008e4                GAME_STORY_STRING_NUM
 .bss.SmallStar
                0x200008e5       0x3c ./Core/Src/ufo_battle.o
                0x200008e5                SmallStar
 .bss.Coin      0x20000921       0x3c ./Core/Src/ufo_battle.o
                0x20000921                Coin
 .bss.EvilStar  0x2000095d       0x3c ./Core/Src/ufo_battle.o
                0x2000095d                EvilStar
 *fill*         0x20000999        0x3 
 .bss.Bomb      0x2000099c       0x50 ./Core/Src/ufo_battle.o
                0x2000099c                Bomb
 .bss.Bullet    0x200009ec       0x4b ./Core/Src/ufo_battle.o
                0x200009ec                Bullet
 *fill*         0x20000a37        0x1 
 .bss.Gamer     0x20000a38       0x10 ./Core/Src/ufo_battle.o
                0x20000a38                Gamer
 .bss.Game      0x20000a48        0x6 ./Core/Src/ufo_battle.o
                0x20000a48                Game
 *fill*         0x20000a4e        0x2 
 .bss.uwTick    0x20000a50        0x4 ./Drivers/STM32F1xx_HAL_Driver/Src/stm32f1xx_hal.o
                0x20000a50                uwTick
 .bss.__sf      0x20000a54      0x138 C:/ST/STM32CubeIDE_1.17.0/STM32CubeIDE/plugins/com.st.stm32cube.ide.mcu.externaltools.gnu-tools-for-stm32.12.3.rel1.win32_1.1.0.202410251130/tools/bin/../lib/gcc/arm-none-eabi/12.3.1/../../../../arm-none-eabi/lib/thumb/v7-m/nofp\libc_nano.a(libc_a-findfp.o)
                0x20000a54                __sf
 .bss.__stdio_exit_handler
                0x20000b8c        0x4 C:/ST/STM32CubeIDE_1.17.0/STM32CubeIDE/plugins/com.st.stm32cube.ide.mcu.externaltools.gnu-tools-for-stm32.12.3.rel1.win32_1.1.0.202410251130/tools/bin/../lib/gcc/arm-none-eabi/12.3.1/../../../../arm-none-eabi/lib/thumb/v7-m/nofp\libc_nano.a(libc_a-findfp.o)
                0x20000b8c                __stdio_exit_handler
 .bss.errno     0x20000b90        0x4 C:/ST/STM32CubeIDE_1.17.0/STM32CubeIDE/plugins/com.st.stm32cube.ide.mcu.externaltools.gnu-tools-for-stm32.12.3.rel1.win32_1.1.0.202410251130/tools/bin/../lib/gcc/arm-none-eabi/12.3.1/../../../../arm-none-eabi/lib/thumb/v7-m/nofp\libc_nano.a(libc_a-reent.o)
                0x20000b90                errno
 .bss.__lock___malloc_recursive_mutex
                0x20000b94        0x1 C:/ST/STM32CubeIDE_1.17.0/STM32CubeIDE/plugins/com.st.stm32cube.ide.mcu.externaltools.gnu-tools-for-stm32.12.3.rel1.win32_1.1.0.202410251130/tools/bin/../lib/gcc/arm-none-eabi/12.3.1/../../../../arm-none-eabi/lib/thumb/v7-m/nofp\libc_nano.a(libc_a-lock.o)
                0x20000b94                __lock___malloc_recursive_mutex
 .bss.__lock___sfp_recursive_mutex
                0x20000b95        0x1 C:/ST/STM32CubeIDE_1.17.0/STM32CubeIDE/plugins/com.st.stm32cube.ide.mcu.externaltools.gnu-tools-for-stm32.12.3.rel1.win32_1.1.0.202410251130/tools/bin/../lib/gcc/arm-none-eabi/12.3.1/../../../../arm-none-eabi/lib/thumb/v7-m/nofp\libc_nano.a(libc_a-lock.o)
                0x20000b95                __lock___sfp_recursive_mutex
 *fill*         0x20000b96        0x2 
 .bss.__malloc_sbrk_start
                0x20000b98        0x4 C:/ST/STM32CubeIDE_1.17.0/STM32CubeIDE/plugins/com.st.stm32cube.ide.mcu.externaltools.gnu-tools-for-stm32.12.3.rel1.win32_1.1.0.202410251130/tools/bin/../lib/gcc/arm-none-eabi/12.3.1/../../../../arm-none-eabi/lib/thumb/v7-m/nofp\libc_nano.a(libc_a-mallocr.o)
                0x20000b98                __malloc_sbrk_start
 .bss.__malloc_free_list
                0x20000b9c        0x4 C:/ST/STM32CubeIDE_1.17.0/STM32CubeIDE/plugins/com.st.stm32cube.ide.mcu.externaltools.gnu-tools-for-stm32.12.3.rel1.win32_1.1.0.202410251130/tools/bin/../lib/gcc/arm-none-eabi/12.3.1/../../../../arm-none-eabi/lib/thumb/v7-m/nofp\libc_nano.a(libc_a-mallocr.o)
                0x20000b9c                __malloc_free_list
 *(COMMON)
                0x20000ba0                        . = ALIGN (0x4)
                0x20000ba0                        _ebss = .
                0x20000ba0                        __bss_end__ = _ebss

._user_heap_stack
                0x20000ba0      0x600 load address 0x080084a8
                0x20000ba0                        . = ALIGN (0x8)
                [!provide]                        PROVIDE (end = .)
                0x20000ba0                        PROVIDE (_end = .)
                0x20000da0                        . = (. + _Min_Heap_Size)
 *fill*         0x20000ba0      0x200 
                0x200011a0                        . = (. + _Min_Stack_Size)
 *fill*         0x20000da0      0x400 
                0x200011a0                        . = ALIGN (0x8)

/DISCARD/
 libc.a(*)
 libm.a(*)
 libgcc.a(*)

.ARM.attributes
                0x00000000       0x29
 *(.ARM.attributes)
 .ARM.attributes
                0x00000000       0x1d C:/ST/STM32CubeIDE_1.17.0/STM32CubeIDE/plugins/com.st.stm32cube.ide.mcu.externaltools.gnu-tools-for-stm32.12.3.rel1.win32_1.1.0.202410251130/tools/bin/../lib/gcc/arm-none-eabi/12.3.1/thumb/v7-m/nofp/crti.o
 .ARM.attributes
                0x0000001d       0x2d C:/ST/STM32CubeIDE_1.17.0/STM32CubeIDE/plugins/com.st.stm32cube.ide.mcu.externaltools.gnu-tools-for-stm32.12.3.rel1.win32_1.1.0.202410251130/tools/bin/../lib/gcc/arm-none-eabi/12.3.1/thumb/v7-m/nofp/crtbegin.o
 .ARM.attributes
                0x0000004a       0x2d ./Core/Src/common.o
 .ARM.attributes
                0x00000077       0x2d ./Core/Src/drv_LCD_ST7565_SPI.o
 .ARM.attributes
                0x000000a4       0x2d ./Core/Src/main.o
 .ARM.attributes
                0x000000d1       0x2d ./Core/Src/mainmenu.o
 .ARM.attributes
                0x000000fe       0x2d ./Core/Src/scheduler.o
 .ARM.attributes
                0x0000012b       0x2d ./Core/Src/stm32f1xx_hal_msp.o
 .ARM.attributes
                0x00000158       0x2d ./Core/Src/stm32f1xx_it.o
 .ARM.attributes
                0x00000185       0x2d ./Core/Src/syscalls.o
 .ARM.attributes
                0x000001b2       0x2d ./Core/Src/sysmem.o
 .ARM.attributes
                0x000001df       0x2d ./Core/Src/system_stm32f1xx.o
 .ARM.attributes
                0x0000020c       0x2d ./Core/Src/ufo_battle.o
 .ARM.attributes
                0x00000239       0x21 ./Core/Startup/startup_stm32f103c8tx.o
 .ARM.attributes
                0x0000025a       0x2d ./Drivers/STM32F1xx_HAL_Driver/Src/stm32f1xx_hal.o
 .ARM.attributes
                0x00000287       0x2d ./Drivers/STM32F1xx_HAL_Driver/Src/stm32f1xx_hal_adc.o
 .ARM.attributes
                0x000002b4       0x2d ./Drivers/STM32F1xx_HAL_Driver/Src/stm32f1xx_hal_cortex.o
 .ARM.attributes
                0x000002e1       0x2d ./Drivers/STM32F1xx_HAL_Driver/Src/stm32f1xx_hal_dma.o
 .ARM.attributes
                0x0000030e       0x2d ./Drivers/STM32F1xx_HAL_Driver/Src/stm32f1xx_hal_gpio.o
 .ARM.attributes
                0x0000033b       0x2d ./Drivers/STM32F1xx_HAL_Driver/Src/stm32f1xx_hal_pwr.o
 .ARM.attributes
                0x00000368       0x2d ./Drivers/STM32F1xx_HAL_Driver/Src/stm32f1xx_hal_rcc.o
 .ARM.attributes
                0x00000395       0x2d ./Drivers/STM32F1xx_HAL_Driver/Src/stm32f1xx_hal_rcc_ex.o
 .ARM.attributes
                0x000003c2       0x2d ./Drivers/STM32F1xx_HAL_Driver/Src/stm32f1xx_hal_rtc.o
 .ARM.attributes
                0x000003ef       0x2d ./Drivers/STM32F1xx_HAL_Driver/Src/stm32f1xx_hal_spi.o
 .ARM.attributes
                0x0000041c       0x2d ./Drivers/STM32F1xx_HAL_Driver/Src/stm32f1xx_hal_tim.o
 .ARM.attributes
                0x00000449       0x2d ./Drivers/STM32F1xx_HAL_Driver/Src/stm32f1xx_hal_tim_ex.o
 .ARM.attributes
                0x00000476       0x2d C:/ST/STM32CubeIDE_1.17.0/STM32CubeIDE/plugins/com.st.stm32cube.ide.mcu.externaltools.gnu-tools-for-stm32.12.3.rel1.win32_1.1.0.202410251130/tools/bin/../lib/gcc/arm-none-eabi/12.3.1/../../../../arm-none-eabi/lib/thumb/v7-m/nofp\libc_nano.a(libc_a-rand.o)
 .ARM.attributes
                0x000004a3       0x2d C:/ST/STM32CubeIDE_1.17.0/STM32CubeIDE/plugins/com.st.stm32cube.ide.mcu.externaltools.gnu-tools-for-stm32.12.3.rel1.win32_1.1.0.202410251130/tools/bin/../lib/gcc/arm-none-eabi/12.3.1/../../../../arm-none-eabi/lib/thumb/v7-m/nofp\libc_nano.a(libc_a-findfp.o)
 .ARM.attributes
                0x000004d0       0x2d C:/ST/STM32CubeIDE_1.17.0/STM32CubeIDE/plugins/com.st.stm32cube.ide.mcu.externaltools.gnu-tools-for-stm32.12.3.rel1.win32_1.1.0.202410251130/tools/bin/../lib/gcc/arm-none-eabi/12.3.1/../../../../arm-none-eabi/lib/thumb/v7-m/nofp\libc_nano.a(libc_a-fwalk.o)
 .ARM.attributes
                0x000004fd       0x2d C:/ST/STM32CubeIDE_1.17.0/STM32CubeIDE/plugins/com.st.stm32cube.ide.mcu.externaltools.gnu-tools-for-stm32.12.3.rel1.win32_1.1.0.202410251130/tools/bin/../lib/gcc/arm-none-eabi/12.3.1/../../../../arm-none-eabi/lib/thumb/v7-m/nofp\libc_nano.a(libc_a-stdio.o)
 .ARM.attributes
                0x0000052a       0x2d C:/ST/STM32CubeIDE_1.17.0/STM32CubeIDE/plugins/com.st.stm32cube.ide.mcu.externaltools.gnu-tools-for-stm32.12.3.rel1.win32_1.1.0.202410251130/tools/bin/../lib/gcc/arm-none-eabi/12.3.1/../../../../arm-none-eabi/lib/thumb/v7-m/nofp\libc_nano.a(libc_a-memset.o)
 .ARM.attributes
                0x00000557       0x2d C:/ST/STM32CubeIDE_1.17.0/STM32CubeIDE/plugins/com.st.stm32cube.ide.mcu.externaltools.gnu-tools-for-stm32.12.3.rel1.win32_1.1.0.202410251130/tools/bin/../lib/gcc/arm-none-eabi/12.3.1/../../../../arm-none-eabi/lib/thumb/v7-m/nofp\libc_nano.a(libc_a-closer.o)
 .ARM.attributes
                0x00000584       0x2d C:/ST/STM32CubeIDE_1.17.0/STM32CubeIDE/plugins/com.st.stm32cube.ide.mcu.externaltools.gnu-tools-for-stm32.12.3.rel1.win32_1.1.0.202410251130/tools/bin/../lib/gcc/arm-none-eabi/12.3.1/../../../../arm-none-eabi/lib/thumb/v7-m/nofp\libc_nano.a(libc_a-reent.o)
 .ARM.attributes
                0x000005b1       0x2d C:/ST/STM32CubeIDE_1.17.0/STM32CubeIDE/plugins/com.st.stm32cube.ide.mcu.externaltools.gnu-tools-for-stm32.12.3.rel1.win32_1.1.0.202410251130/tools/bin/../lib/gcc/arm-none-eabi/12.3.1/../../../../arm-none-eabi/lib/thumb/v7-m/nofp\libc_nano.a(libc_a-impure.o)
 .ARM.attributes
                0x000005de       0x2d C:/ST/STM32CubeIDE_1.17.0/STM32CubeIDE/plugins/com.st.stm32cube.ide.mcu.externaltools.gnu-tools-for-stm32.12.3.rel1.win32_1.1.0.202410251130/tools/bin/../lib/gcc/arm-none-eabi/12.3.1/../../../../arm-none-eabi/lib/thumb/v7-m/nofp\libc_nano.a(libc_a-lseekr.o)
 .ARM.attributes
                0x0000060b       0x2d C:/ST/STM32CubeIDE_1.17.0/STM32CubeIDE/plugins/com.st.stm32cube.ide.mcu.externaltools.gnu-tools-for-stm32.12.3.rel1.win32_1.1.0.202410251130/tools/bin/../lib/gcc/arm-none-eabi/12.3.1/../../../../arm-none-eabi/lib/thumb/v7-m/nofp\libc_nano.a(libc_a-readr.o)
 .ARM.attributes
                0x00000638       0x2d C:/ST/STM32CubeIDE_1.17.0/STM32CubeIDE/plugins/com.st.stm32cube.ide.mcu.externaltools.gnu-tools-for-stm32.12.3.rel1.win32_1.1.0.202410251130/tools/bin/../lib/gcc/arm-none-eabi/12.3.1/../../../../arm-none-eabi/lib/thumb/v7-m/nofp\libc_nano.a(libc_a-writer.o)
 .ARM.attributes
                0x00000665       0x2d C:/ST/STM32CubeIDE_1.17.0/STM32CubeIDE/plugins/com.st.stm32cube.ide.mcu.externaltools.gnu-tools-for-stm32.12.3.rel1.win32_1.1.0.202410251130/tools/bin/../lib/gcc/arm-none-eabi/12.3.1/../../../../arm-none-eabi/lib/thumb/v7-m/nofp\libc_nano.a(libc_a-errno.o)
 .ARM.attributes
                0x00000692       0x2d C:/ST/STM32CubeIDE_1.17.0/STM32CubeIDE/plugins/com.st.stm32cube.ide.mcu.externaltools.gnu-tools-for-stm32.12.3.rel1.win32_1.1.0.202410251130/tools/bin/../lib/gcc/arm-none-eabi/12.3.1/../../../../arm-none-eabi/lib/thumb/v7-m/nofp\libc_nano.a(libc_a-init.o)
 .ARM.attributes
                0x000006bf       0x2d C:/ST/STM32CubeIDE_1.17.0/STM32CubeIDE/plugins/com.st.stm32cube.ide.mcu.externaltools.gnu-tools-for-stm32.12.3.rel1.win32_1.1.0.202410251130/tools/bin/../lib/gcc/arm-none-eabi/12.3.1/../../../../arm-none-eabi/lib/thumb/v7-m/nofp\libc_nano.a(libc_a-lock.o)
 .ARM.attributes
                0x000006ec       0x2d C:/ST/STM32CubeIDE_1.17.0/STM32CubeIDE/plugins/com.st.stm32cube.ide.mcu.externaltools.gnu-tools-for-stm32.12.3.rel1.win32_1.1.0.202410251130/tools/bin/../lib/gcc/arm-none-eabi/12.3.1/../../../../arm-none-eabi/lib/thumb/v7-m/nofp\libc_nano.a(libc_a-assert.o)
 .ARM.attributes
                0x00000719       0x2d C:/ST/STM32CubeIDE_1.17.0/STM32CubeIDE/plugins/com.st.stm32cube.ide.mcu.externaltools.gnu-tools-for-stm32.12.3.rel1.win32_1.1.0.202410251130/tools/bin/../lib/gcc/arm-none-eabi/12.3.1/../../../../arm-none-eabi/lib/thumb/v7-m/nofp\libc_nano.a(libc_a-freer.o)
 .ARM.attributes
                0x00000746       0x2d C:/ST/STM32CubeIDE_1.17.0/STM32CubeIDE/plugins/com.st.stm32cube.ide.mcu.externaltools.gnu-tools-for-stm32.12.3.rel1.win32_1.1.0.202410251130/tools/bin/../lib/gcc/arm-none-eabi/12.3.1/../../../../arm-none-eabi/lib/thumb/v7-m/nofp\libc_nano.a(libc_a-malloc.o)
 .ARM.attributes
                0x00000773       0x2d C:/ST/STM32CubeIDE_1.17.0/STM32CubeIDE/plugins/com.st.stm32cube.ide.mcu.externaltools.gnu-tools-for-stm32.12.3.rel1.win32_1.1.0.202410251130/tools/bin/../lib/gcc/arm-none-eabi/12.3.1/../../../../arm-none-eabi/lib/thumb/v7-m/nofp\libc_nano.a(libc_a-mallocr.o)
 .ARM.attributes
                0x000007a0       0x2d C:/ST/STM32CubeIDE_1.17.0/STM32CubeIDE/plugins/com.st.stm32cube.ide.mcu.externaltools.gnu-tools-for-stm32.12.3.rel1.win32_1.1.0.202410251130/tools/bin/../lib/gcc/arm-none-eabi/12.3.1/../../../../arm-none-eabi/lib/thumb/v7-m/nofp\libc_nano.a(libc_a-mlock.o)
 .ARM.attributes
                0x000007cd       0x2d C:/ST/STM32CubeIDE_1.17.0/STM32CubeIDE/plugins/com.st.stm32cube.ide.mcu.externaltools.gnu-tools-for-stm32.12.3.rel1.win32_1.1.0.202410251130/tools/bin/../lib/gcc/arm-none-eabi/12.3.1/../../../../arm-none-eabi/lib/thumb/v7-m/nofp\libc_nano.a(libc_a-fflush.o)
 .ARM.attributes
                0x000007fa       0x2d C:/ST/STM32CubeIDE_1.17.0/STM32CubeIDE/plugins/com.st.stm32cube.ide.mcu.externaltools.gnu-tools-for-stm32.12.3.rel1.win32_1.1.0.202410251130/tools/bin/../lib/gcc/arm-none-eabi/12.3.1/../../../../arm-none-eabi/lib/thumb/v7-m/nofp\libc_nano.a(libc_a-fprintf.o)
 .ARM.attributes
                0x00000827       0x2d C:/ST/STM32CubeIDE_1.17.0/STM32CubeIDE/plugins/com.st.stm32cube.ide.mcu.externaltools.gnu-tools-for-stm32.12.3.rel1.win32_1.1.0.202410251130/tools/bin/../lib/gcc/arm-none-eabi/12.3.1/../../../../arm-none-eabi/lib/thumb/v7-m/nofp\libc_nano.a(libc_a-sbrkr.o)
 .ARM.attributes
                0x00000854       0x2d C:/ST/STM32CubeIDE_1.17.0/STM32CubeIDE/plugins/com.st.stm32cube.ide.mcu.externaltools.gnu-tools-for-stm32.12.3.rel1.win32_1.1.0.202410251130/tools/bin/../lib/gcc/arm-none-eabi/12.3.1/../../../../arm-none-eabi/lib/thumb/v7-m/nofp\libc_nano.a(libc_a-abort.o)
 .ARM.attributes
                0x00000881       0x2d C:/ST/STM32CubeIDE_1.17.0/STM32CubeIDE/plugins/com.st.stm32cube.ide.mcu.externaltools.gnu-tools-for-stm32.12.3.rel1.win32_1.1.0.202410251130/tools/bin/../lib/gcc/arm-none-eabi/12.3.1/../../../../arm-none-eabi/lib/thumb/v7-m/nofp\libc_nano.a(libc_a-nano-vfprintf.o)
 .ARM.attributes
                0x000008ae       0x2d C:/ST/STM32CubeIDE_1.17.0/STM32CubeIDE/plugins/com.st.stm32cube.ide.mcu.externaltools.gnu-tools-for-stm32.12.3.rel1.win32_1.1.0.202410251130/tools/bin/../lib/gcc/arm-none-eabi/12.3.1/../../../../arm-none-eabi/lib/thumb/v7-m/nofp\libc_nano.a(libc_a-nano-vfprintf_i.o)
 .ARM.attributes
                0x000008db       0x2d C:/ST/STM32CubeIDE_1.17.0/STM32CubeIDE/plugins/com.st.stm32cube.ide.mcu.externaltools.gnu-tools-for-stm32.12.3.rel1.win32_1.1.0.202410251130/tools/bin/../lib/gcc/arm-none-eabi/12.3.1/../../../../arm-none-eabi/lib/thumb/v7-m/nofp\libc_nano.a(libc_a-wbuf.o)
 .ARM.attributes